******************************************************************************
                  TI ARM Linker PC v16.9.0                     
******************************************************************************
>> Linked Tue May 02 17:29:49 2023

OUTPUT FILE NAME:   <decoding_IR.out>
ENTRY POINT SYMBOL: "_c_int00"  address: 20007981


MEMORY CONFIGURATION

         name            origin    length      used     unused   attr    fill
----------------------  --------  ---------  --------  --------  ----  --------
  SRAM_CODE             20004000   00019000  0000415c  00014ea4  RW X
  SRAM_DATA             2001d000   00023000  000013e8  00021c18  RW X


SEGMENT ALLOCATION MAP

run origin  load origin   length   init length attrs members
----------  ----------- ---------- ----------- ----- -------
20004000    20004000    00004160   00004160    r-x
  20004000    20004000    00000400   00000400    r-- .intvecs
  20004400    20004400    00003998   00003998    r-x .text
  20007d98    20007d98    0000032c   0000032c    r-- .const
  200080c8    200080c8    00000098   00000098    r-- .cinit
2001d000    2001d000    00000be8   00000000    rw-
  2001d000    2001d000    00000800   00000000    rw- .sysmem
  2001d800    2001d800    00000208   00000000    rw- .data
  2001da08    2001da08    000001e0   00000000    rw- .bss
2003f800    2003f800    00000800   00000000    rw-
  2003f800    2003f800    00000800   00000000    rw- .stack


SECTION ALLOCATION MAP

 output                                  attributes/
section   page    origin      length       input sections
--------  ----  ----------  ----------   ----------------
.intvecs   0    20004000    00000400     
                  20004000    00000400     startup_ccs.obj (.intvecs)

.init_array 
*          0    20004000    00000000     UNINITIALIZED

.text      0    20004400    00003998     
                  20004400    0000111e     rtsv7M4_T_le_eabi.lib : _printfi.obj (.text)
                  2000551e    00000002                           : mpu_init.obj (.text)
                  20005520    000003d0                           : memory.obj (.text)
                  200058f0    00000324                           : trgdrv.obj (.text)
                  20005c14    0000030c                           : lowlev.obj (.text)
                  20005f20    00000208     main.obj (.text)
                  20006128    000001f4     rtsv7M4_T_le_eabi.lib : ull_div_t2.obj (.text)
                  2000631c    000001c4                           : fopen.obj (.text)
                  200064e0    000001b6                           : fd_add_t2.obj (.text)
                  20006696    00000002                           : startup.obj (.text)
                  20006698    00000178     driverlib.a : prcm.obj (.text:PRCMCC3200MCUInit)
                  20006810    00000136     rtsv7M4_T_le_eabi.lib : fd_div_t2.obj (.text)
                  20006946    00000002     --HOLE-- [fill = 0]
                  20006948    00000134                           : fputs.obj (.text)
                  20006a7c    00000108     pin_mux_config.obj (.text)
                  20006b84    000000fc     rtsv7M4_T_le_eabi.lib : fd_mul_t2.obj (.text)
                  20006c80    000000dc                           : setvbuf.obj (.text)
                  20006d5c    000000d0                           : s_scalbn.obj (.text)
                  20006e2c    000000c8                           : fflush.obj (.text)
                  20006ef4    000000ac                           : _io_perm.obj (.text)
                  20006fa0    000000a8     driverlib.a : interrupt.obj (.text:IntEnable)
                  20007048    0000009c     rtsv7M4_T_le_eabi.lib : memcpy_t2.obj (.text)
                  200070e4    00000098                           : fclose.obj (.text)
                  2000717c    00000098                           : fputc.obj (.text)
                  20007214    00000088     driverlib.a : pin.obj (.text:PinConfigSet)
                  2000729c    00000086     rtsv7M4_T_le_eabi.lib : fd_cmp_t2.obj (.text:__aeabi_cdcmple)
                  20007322    00000086                           : fd_cmp_t2.obj (.text:__aeabi_cdrcmple)
                  200073a8    00000082     driverlib.a : gpio.obj (.text:GPIOIntTypeSet)
                  2000742a    0000007a     rtsv7M4_T_le_eabi.lib : memset_t2.obj (.text)
                  200074a4    00000070                           : autoinit.obj (.text)
                  20007514    00000070                           : printf.obj (.text)
                  20007584    00000068                           : copy_decompress_lzss.obj (.text:decompress:lzss)
                  200075ec    00000068                           : trgmsg.obj (.text)
                  20007654    00000064                           : fseek.obj (.text)
                  200076b8    0000005c                           : s_frexp.obj (.text)
                  20007714    00000058     driverlib.a : prcm.obj (.text:PRCMPeripheralReset)
                  2000776c    00000056     rtsv7M4_T_le_eabi.lib : ltoa.obj (.text)
                  200077c2    00000002     --HOLE-- [fill = 0]
                  200077c4    00000054                           : exit.obj (.text)
                  20007818    0000004c                           : atoi.obj (.text)
                  20007864    0000004c                           : cpy_tbl.obj (.text)
                  200078b0    00000048     driverlib.a : gpio.obj (.text:GPIOGetIntNumber)
                  200078f8    00000048     rtsv7M4_T_le_eabi.lib : fd_toi_t2.obj (.text)
                  20007940    00000040     driverlib.a : pin.obj (.text:PinModeSet)
                  20007980    00000040     rtsv7M4_T_le_eabi.lib : boot.obj (.text)
                  200079c0    0000003c     driverlib.a : prcm.obj (.text:PRCMPeripheralClkEnable)
                  200079fc    00000036                 : gpio.obj (.text:GPIODirModeSet)
                  20007a32    00000036     rtsv7M4_T_le_eabi.lib : strncpy.obj (.text)
                  20007a68    00000030     driverlib.a : pin.obj (.text:PinTypeGPIO)
                  20007a98    0000002e     rtsv7M4_T_le_eabi.lib : i_tofd_t2.obj (.text)
                  20007ac6    00000002     --HOLE-- [fill = 0]
                  20007ac8    0000002c     driverlib.a : prcm.obj (.text:PRCMSysResetCauseGet)
                  20007af4    00000028                 : prcm.obj (.text:PRCMPeripheralClkDisable)
                  20007b1c    00000022                 : gpio.obj (.text:GPIOIntStatus)
                  20007b3e    00000002     --HOLE-- [fill = 0]
                  20007b40    00000020                 : interrupt.obj (.text:IntRegister)
                  20007b60    00000020     rtsv7M4_T_le_eabi.lib : memchr.obj (.text)
                  20007b80    0000001e     driverlib.a : gpio.obj (.text:GPIOIntRegister)
                  20007b9e    00000002     --HOLE-- [fill = 0]
                  20007ba0    0000001c                 : systick.obj (.text:SysTickIntRegister)
                  20007bbc    0000001c     rtsv7M4_T_le_eabi.lib : memccpy.obj (.text)
                  20007bd8    0000001a     driverlib.a : gpio.obj (.text:GPIOIntEnable)
                  20007bf2    0000001a                 : pin.obj (.text:PinTypeUART)
                  20007c0c    00000018                 : systick.obj (.text:SysTickPeriodSet)
                  20007c24    00000018     rtsv7M4_T_le_eabi.lib : args_main.obj (.text)
                  20007c3c    00000018                           : ll_mul_t2.obj (.text)
                  20007c54    00000018                           : strcmp.obj (.text)
                  20007c6c    00000016     driverlib.a : prcm.obj (.text:PRCMHIBRegRead)
                  20007c82    00000016                 : prcm.obj (.text:PRCMHIBRegWrite)
                  20007c98    00000016     rtsv7M4_T_le_eabi.lib : strchr.obj (.text)
                  20007cae    00000014     driverlib.a : cpu.obj (.text:CPUcpsie)
                  20007cc2    00000014                 : gpio.obj (.text:GPIOIntClear)
                  20007cd6    00000002     --HOLE-- [fill = 0]
                  20007cd8    00000014                 : interrupt.obj (.text:IntVTableBaseSet)
                  20007cec    00000014     rtsv7M4_T_le_eabi.lib : _lock.obj (.text)
                  20007d00    00000014                           : strcpy.obj (.text)
                  20007d14    00000014                           : strlen.obj (.text)
                  20007d28    00000010     driverlib.a : systick.obj (.text:SysTickEnable)
                  20007d38    00000010                 : systick.obj (.text:SysTickIntEnable)
                  20007d48    0000000e     rtsv7M4_T_le_eabi.lib : copy_decompress_none.obj (.text:decompress:none)
                  20007d56    0000000e     startup_ccs.obj (.text)
                  20007d64    0000000c     driverlib.a : systick.obj (.text:SysTickValueGet)
                  20007d70    0000000c     rtsv7M4_T_le_eabi.lib : copy_zero_init.obj (.text:decompress:ZI)
                  20007d7c    0000000a     driverlib.a : interrupt.obj (.text:IntMasterEnable)
                  20007d86    00000008     rtsv7M4_T_le_eabi.lib : s_copysign.obj (.text)
                  20007d8e    00000006     driverlib.a : utils.obj (.text:UtilsDelay)
                  20007d94    00000004     rtsv7M4_T_le_eabi.lib : pre_init.obj (.text)

.const     0    20007d98    0000032c     
                  20007d98    00000101     rtsv7M4_T_le_eabi.lib : ctype.obj (.const:.string:_ctypes_)
                  20007e99    00000003     --HOLE-- [fill = 0]
                  20007e9c    00000100     driverlib.a : pin.obj (.const:g_ulPinToPadMap)
                  20007f9c    000000a8                 : prcm.obj (.const:PRCM_PeriphRegsList)
                  20008044    00000080                 : interrupt.obj (.const)

.cinit     0    200080c8    00000098     
                  200080c8    00000074     (.cinit..data.load) [load image, compression = lzss]
                  2000813c    0000000c     (__TI_handler_table)
                  20008148    00000008     (.cinit..bss.load) [load image, compression = zero_init]
                  20008150    00000010     (__TI_cinit_table)

.sysmem    0    2001d000    00000800     UNINITIALIZED
                  2001d000    00000008     rtsv7M4_T_le_eabi.lib : memory.obj (.sysmem)
                  2001d008    000007f8     --HOLE--

.data      0    2001d800    00000208     UNINITIALIZED
                  2001d800    000000f0     rtsv7M4_T_le_eabi.lib : defs.obj (.data:_ftable)
                  2001d8f0    000000d0                           : lowlev.obj (.data:$O1$$)
                  2001d9c0    00000010                           : defs.obj (.data)
                  2001d9d0    0000000c                           : exit.obj (.data:$O1$$)
                  2001d9dc    0000000c                           : memory.obj (.data:$O1$$)
                  2001d9e8    0000000c     main.obj (.data)
                  2001d9f4    00000008     rtsv7M4_T_le_eabi.lib : _lock.obj (.data:$O1$$)
                  2001d9fc    00000004                           : errno.obj (.data)
                  2001da00    00000004                           : fopen.obj (.data)
                  2001da04    00000004                           : stkdepth_vars.obj (.data)

.bss       0    2001da08    000001e0     UNINITIALIZED
                  2001da08    00000120     rtsv7M4_T_le_eabi.lib : trgmsg.obj (.bss:_CIOBUF_)
                  2001db28    000000a0     (.common:__TI_tmpnams)
                  2001dbc8    00000008                           : trgdrv.obj (.bss:parmbuf)
                  2001dbd0    00000008     (.common:delta)
                  2001dbd8    00000008     (.common:delta_us)
                  2001dbe0    00000004     (.common:input)
                  2001dbe4    00000004     (.common:pin_intcount)

.stack     0    2003f800    00000800     UNINITIALIZED
                  2003f800    00000800     --HOLE--

MODULE SUMMARY

       Module                     code    ro data   rw data
       ------                     ----    -------   -------
    .\
       startup_ccs.obj            14      1024      0      
       main.obj                   520     0         36     
       pin_mux_config.obj         264     0         0      
    +--+--------------------------+-------+---------+---------+
       Total:                     798     1024      36     
                                                           
    C:/ti/CC3200SDK_1.2.0/cc3200-sdk/driverlib/ccs/Release/driverlib.a
       prcm.obj                   652     168       0      
       pin.obj                    274     256       0      
       gpio.obj                   366     0         0      
       interrupt.obj              230     128       0      
       systick.obj                96      0         0      
       cpu.obj                    20      0         0      
       utils.obj                  6       0         0      
    +--+--------------------------+-------+---------+---------+
       Total:                     1644    552       0      
                                                           
    C:\ti\ccsv7\tools\compiler\ti-cgt-arm_16.9.0.LTS\lib\rtsv7M4_T_le_eabi.lib
       _printfi.obj               4382    0         0      
       lowlev.obj                 780     0         208    
       memory.obj                 976     0         12     
       trgdrv.obj                 804     0         8      
       ull_div_t2.obj             500     0         0      
       fopen.obj                  452     0         4      
       fd_add_t2.obj              438     0         0      
       defs.obj                   0       0         416    
       trgmsg.obj                 104     0         288    
       fd_div_t2.obj              310     0         0      
       fputs.obj                  308     0         0      
       fd_cmp_t2.obj              268     0         0      
       ctype.obj                  0       257       0      
       fd_mul_t2.obj              252     0         0      
       setvbuf.obj                220     0         0      
       s_scalbn.obj               208     0         0      
       fflush.obj                 200     0         0      
       _io_perm.obj               172     0         0      
       memcpy_t2.obj              156     0         0      
       fclose.obj                 152     0         0      
       fputc.obj                  152     0         0      
       memset_t2.obj              122     0         0      
       autoinit.obj               112     0         0      
       printf.obj                 112     0         0      
       copy_decompress_lzss.obj   104     0         0      
       fseek.obj                  100     0         0      
       exit.obj                   84      0         12     
       s_frexp.obj                92      0         0      
       ltoa.obj                   86      0         0      
       atoi.obj                   76      0         0      
       cpy_tbl.obj                76      0         0      
       fd_toi_t2.obj              72      0         0      
       boot.obj                   64      0         0      
       strncpy.obj                54      0         0      
       i_tofd_t2.obj              46      0         0      
       memchr.obj                 32      0         0      
       _lock.obj                  20      0         8      
       memccpy.obj                28      0         0      
       args_main.obj              24      0         0      
       ll_mul_t2.obj              24      0         0      
       strcmp.obj                 24      0         0      
       strchr.obj                 22      0         0      
       strcpy.obj                 20      0         0      
       strlen.obj                 20      0         0      
       copy_decompress_none.obj   14      0         0      
       copy_zero_init.obj         12      0         0      
       s_copysign.obj             8       0         0      
       errno.obj                  0       0         4      
       pre_init.obj               4       0         0      
       stkdepth_vars.obj          0       0         4      
       mpu_init.obj               2       0         0      
       startup.obj                2       0         0      
    +--+--------------------------+-------+---------+---------+
       Total:                     12290   257       964    
                                                           
       Heap:                      0       0         2048   
       Stack:                     0       0         2048   
       Linker Generated:          0       152       0      
    +--+--------------------------+-------+---------+---------+
       Grand Total:               14732   1985      5096   


LINKER GENERATED COPY TABLES

__TI_cinit_table @ 20008150 records: 2, size/record: 8, table size: 16
	.data: load addr=200080c8, load size=00000074 bytes, run addr=2001d800, run size=00000208 bytes, compression=lzss
	.bss: load addr=20008148, load size=00000008 bytes, run addr=2001da08, run size=000001e0 bytes, compression=zero_init


LINKER GENERATED HANDLER TABLE

__TI_handler_table @ 2000813c records: 3, size/record: 4, table size: 12
	index: 0, handler: __TI_decompress_lzss
	index: 1, handler: __TI_decompress_none
	index: 2, handler: __TI_zero_init


GLOBAL SYMBOLS: SORTED ALPHABETICALLY BY Name 

address   name                           
-------   ----                           
200077c5  C$$EXIT                        
2000761b  C$$IO$$                        
20007caf  CPUcpsie                       
20005fed  Decode                         
200079fd  GPIODirModeSet                 
20007cc3  GPIOIntClear                   
20007bd9  GPIOIntEnable                  
20007b81  GPIOIntRegister                
20007b1d  GPIOIntStatus                  
200073a9  GPIOIntTypeSet                 
20005bcb  HOSTclock                      
20005b93  HOSTclose                      
20005b55  HOSTgetenv                     
20005af9  HOSTlseek                      
20005aa7  HOSTopen                       
20005a5b  HOSTread                       
200059fd  HOSTrename                     
200059c3  HOSTtime                       
20005975  HOSTtime64                     
2000593d  HOSTunlink                     
200058f1  HOSTwrite                      
20006fa1  IntEnable                      
20007d7d  IntMasterEnable                
20007b41  IntRegister                    
20007cd9  IntVTableBaseSet               
20006699  PRCMCC3200MCUInit              
20007c6d  PRCMHIBRegRead                 
20007c83  PRCMHIBRegWrite                
20007af5  PRCMPeripheralClkDisable       
200079c1  PRCMPeripheralClkEnable        
20007715  PRCMPeripheralReset            
20007ac9  PRCMSysResetCauseGet           
20007215  PinConfigSet                   
20007941  PinModeSet                     
20006a7d  PinMuxConfig                   
20007a69  PinTypeGPIO                    
20007bf3  PinTypeUART                    
20007d57  ResetISR                       
UNDEFED   SHT$$INIT_ARRAY$$Base          
UNDEFED   SHT$$INIT_ARRAY$$Limit         
20007d29  SysTickEnable                  
20007d39  SysTickIntEnable               
20007ba1  SysTickIntRegister             
20007c0d  SysTickPeriodSet               
20007d65  SysTickValueGet                
20007d8f  UtilsDelay                     
2001da08  __CIOBUF_                      
20040000  __STACK_END                    
00000800  __STACK_SIZE                   
00000800  __SYSMEM_SIZE                  
20008150  __TI_CINIT_Base                
20008160  __TI_CINIT_Limit               
2000813c  __TI_Handler_Table_Base        
20008148  __TI_Handler_Table_Limit       
200074a5  __TI_auto_init                 
200063e5  __TI_cleanup                   
2001d9d0  __TI_cleanup_ptr               
200070e5  __TI_closefile                 
20007585  __TI_decompress_lzss           
20007d49  __TI_decompress_none           
20006e2d  __TI_doflush                   
2001d9d4  __TI_dtors_ptr                 
2001d9d8  __TI_enable_exit_profile_output
2001d9c0  __TI_ft_end                    
ffffffff  __TI_pprof_out_hndl            
20004c35  __TI_printfi                   
ffffffff  __TI_prof_data_size            
ffffffff  __TI_prof_data_start           
20006f57  __TI_rd_ok                     
2000761f  __TI_readmsg                   
200080c8  __TI_static_base__             
2001db28  __TI_tmpnams                   
200075ed  __TI_writemsg                  
20006ef5  __TI_wrt_ok                    
20007d71  __TI_zero_init                 
2000729d  __aeabi_cdcmpeq                
2000729d  __aeabi_cdcmple                
20007323  __aeabi_cdrcmple               
200078f9  __aeabi_d2iz                   
200064eb  __aeabi_dadd                   
20006811  __aeabi_ddiv                   
20006b85  __aeabi_dmul                   
200064e1  __aeabi_dsub                   
20007a99  __aeabi_i2d                    
20007c3d  __aeabi_lmul                   
2000742b  __aeabi_memclr                 
2000742b  __aeabi_memclr4                
2000742b  __aeabi_memclr8                
20007049  __aeabi_memcpy                 
20007049  __aeabi_memcpy4                
20007049  __aeabi_memcpy8                
2000742d  __aeabi_memset                 
2000742d  __aeabi_memset4                
2000742d  __aeabi_memset8                
2001d9cc  __aeabi_stderr                 
2001d9c4  __aeabi_stdin                  
2001d9c8  __aeabi_stdout                 
20006129  __aeabi_uldivmod               
ffffffff  __binit__                      
ffffffff  __c_args__                     
2000551f  __mpu_init                     
2003f800  __stack                        
20007c25  _args_main                     
20007981  _c_int00                       
20007d98  _ctypes_                       
2001d800  _ftable                        
2001d9f4  _lock                          
20007cfb  _nop                           
20007cf3  _register_lock                 
20007ced  _register_unlock               
2001d000  _sys_memory                    
20006697  _system_post_cinit             
20007d95  _system_pre_init               
2001d9f8  _unlock                        
200077c9  abort                          
20005e75  add_device                     
20007819  atoi                           
ffffffff  binit                          
200058c1  calloc                         
20005e25  close                          
20007865  copy_in                        
20007d87  copysign                       
20007d87  copysignl                      
2001d9f0  decoded_value                  
2001dbd0  delta                          
2001dbd8  delta_us                       
2001d9fc  errno                          
200077d1  exit                           
2000714b  fclose                         
20006e79  fflush                         
2000643b  fopen                          
2000717d  fputc                          
20006949  fputs                          
2000560b  free                           
20006411  freopen                        
200076b9  frexp                          
200076b9  frexpl                         
20007655  fseek                          
20004000  g_pfnVectors                   
2001dbe0  input                          
20006d5d  ldexp                          
20006d5d  ldexpl                         
20005e01  lseek                          
2000776d  ltoa                           
20006095  main                           
2001da04  main_func_sp                   
200055a1  malloc                         
200057d5  memalign                       
20007bbd  memccpy                        
20007b61  memchr                         
20007049  memcpy                         
20007433  memset                         
20005521  minit                          
20005d53  open                           
2001dbe4  pin_intcount                   
2001d9ec  pin_intflag                    
2000751d  printf                         
2000717d  putc                           
20007201  putchar                        
20006a55  puts                           
20005d2f  read                           
200056cd  realloc                        
20005ca5  remove                         
20005d07  remove_device                  
20005cc9  rename                         
20006d5d  scalbn                         
20006d5d  scalbnl                        
20006c81  setvbuf                        
20007c99  strchr                         
20007c55  strcmp                         
20007d01  strcpy                         
20007d15  strlen                         
20007a33  strncpy                        
2001d9e8  systick_cnt                    
20005ca5  unlink                         
20005c15  write                          


GLOBAL SYMBOLS: SORTED BY Symbol Address 

address   name                           
-------   ----                           
00000800  __STACK_SIZE                   
00000800  __SYSMEM_SIZE                  
20004000  g_pfnVectors                   
20004c35  __TI_printfi                   
2000551f  __mpu_init                     
20005521  minit                          
200055a1  malloc                         
2000560b  free                           
200056cd  realloc                        
200057d5  memalign                       
200058c1  calloc                         
200058f1  HOSTwrite                      
2000593d  HOSTunlink                     
20005975  HOSTtime64                     
200059c3  HOSTtime                       
200059fd  HOSTrename                     
20005a5b  HOSTread                       
20005aa7  HOSTopen                       
20005af9  HOSTlseek                      
20005b55  HOSTgetenv                     
20005b93  HOSTclose                      
20005bcb  HOSTclock                      
20005c15  write                          
20005ca5  remove                         
20005ca5  unlink                         
20005cc9  rename                         
20005d07  remove_device                  
20005d2f  read                           
20005d53  open                           
20005e01  lseek                          
20005e25  close                          
20005e75  add_device                     
20005fed  Decode                         
20006095  main                           
20006129  __aeabi_uldivmod               
200063e5  __TI_cleanup                   
20006411  freopen                        
2000643b  fopen                          
200064e1  __aeabi_dsub                   
200064eb  __aeabi_dadd                   
20006697  _system_post_cinit             
20006699  PRCMCC3200MCUInit              
20006811  __aeabi_ddiv                   
20006949  fputs                          
20006a55  puts                           
20006a7d  PinMuxConfig                   
20006b85  __aeabi_dmul                   
20006c81  setvbuf                        
20006d5d  ldexp                          
20006d5d  ldexpl                         
20006d5d  scalbn                         
20006d5d  scalbnl                        
20006e2d  __TI_doflush                   
20006e79  fflush                         
20006ef5  __TI_wrt_ok                    
20006f57  __TI_rd_ok                     
20006fa1  IntEnable                      
20007049  __aeabi_memcpy                 
20007049  __aeabi_memcpy4                
20007049  __aeabi_memcpy8                
20007049  memcpy                         
200070e5  __TI_closefile                 
2000714b  fclose                         
2000717d  fputc                          
2000717d  putc                           
20007201  putchar                        
20007215  PinConfigSet                   
2000729d  __aeabi_cdcmpeq                
2000729d  __aeabi_cdcmple                
20007323  __aeabi_cdrcmple               
200073a9  GPIOIntTypeSet                 
2000742b  __aeabi_memclr                 
2000742b  __aeabi_memclr4                
2000742b  __aeabi_memclr8                
2000742d  __aeabi_memset                 
2000742d  __aeabi_memset4                
2000742d  __aeabi_memset8                
20007433  memset                         
200074a5  __TI_auto_init                 
2000751d  printf                         
20007585  __TI_decompress_lzss           
200075ed  __TI_writemsg                  
2000761b  C$$IO$$                        
2000761f  __TI_readmsg                   
20007655  fseek                          
200076b9  frexp                          
200076b9  frexpl                         
20007715  PRCMPeripheralReset            
2000776d  ltoa                           
200077c5  C$$EXIT                        
200077c9  abort                          
200077d1  exit                           
20007819  atoi                           
20007865  copy_in                        
200078f9  __aeabi_d2iz                   
20007941  PinModeSet                     
20007981  _c_int00                       
200079c1  PRCMPeripheralClkEnable        
200079fd  GPIODirModeSet                 
20007a33  strncpy                        
20007a69  PinTypeGPIO                    
20007a99  __aeabi_i2d                    
20007ac9  PRCMSysResetCauseGet           
20007af5  PRCMPeripheralClkDisable       
20007b1d  GPIOIntStatus                  
20007b41  IntRegister                    
20007b61  memchr                         
20007b81  GPIOIntRegister                
20007ba1  SysTickIntRegister             
20007bbd  memccpy                        
20007bd9  GPIOIntEnable                  
20007bf3  PinTypeUART                    
20007c0d  SysTickPeriodSet               
20007c25  _args_main                     
20007c3d  __aeabi_lmul                   
20007c55  strcmp                         
20007c6d  PRCMHIBRegRead                 
20007c83  PRCMHIBRegWrite                
20007c99  strchr                         
20007caf  CPUcpsie                       
20007cc3  GPIOIntClear                   
20007cd9  IntVTableBaseSet               
20007ced  _register_unlock               
20007cf3  _register_lock                 
20007cfb  _nop                           
20007d01  strcpy                         
20007d15  strlen                         
20007d29  SysTickEnable                  
20007d39  SysTickIntEnable               
20007d49  __TI_decompress_none           
20007d57  ResetISR                       
20007d65  SysTickValueGet                
20007d71  __TI_zero_init                 
20007d7d  IntMasterEnable                
20007d87  copysign                       
20007d87  copysignl                      
20007d8f  UtilsDelay                     
20007d95  _system_pre_init               
20007d98  _ctypes_                       
200080c8  __TI_static_base__             
2000813c  __TI_Handler_Table_Base        
20008148  __TI_Handler_Table_Limit       
20008150  __TI_CINIT_Base                
20008160  __TI_CINIT_Limit               
2001d000  _sys_memory                    
2001d800  _ftable                        
2001d9c0  __TI_ft_end                    
2001d9c4  __aeabi_stdin                  
2001d9c8  __aeabi_stdout                 
2001d9cc  __aeabi_stderr                 
2001d9d0  __TI_cleanup_ptr               
2001d9d4  __TI_dtors_ptr                 
2001d9d8  __TI_enable_exit_profile_output
2001d9e8  systick_cnt                    
2001d9ec  pin_intflag                    
2001d9f0  decoded_value                  
2001d9f4  _lock                          
2001d9f8  _unlock                        
2001d9fc  errno                          
2001da04  main_func_sp                   
2001da08  __CIOBUF_                      
2001db28  __TI_tmpnams                   
2001dbd0  delta                          
2001dbd8  delta_us                       
2001dbe0  input                          
2001dbe4  pin_intcount                   
2003f800  __stack                        
20040000  __STACK_END                    
ffffffff  __TI_pprof_out_hndl            
ffffffff  __TI_prof_data_size            
ffffffff  __TI_prof_data_start           
ffffffff  __binit__                      
ffffffff  __c_args__                     
ffffffff  binit                          
UNDEFED   SHT$$INIT_ARRAY$$Base          
UNDEFED   SHT$$INIT_ARRAY$$Limit         

[176 symbols]
