<?xml version="1.0"?>
<link_info>
   <banner>TI ARM Linker PC v16.9.0.LTS</banner>
   <copyright>Copyright (c) 1996-2015 Texas Instruments Incorporated</copyright>
   <link_time>0x647fbc97</link_time>
   <link_errors>0x1</link_errors>
   <output_file>final_project.out</output_file>
   <entry_point>
      <name>_c_int00</name>
      <address>0x2000ae5d</address>
   </entry_point>
   <input_file_list>
      <input_file id="fl-2">
         <path>.\</path>
         <kind>object</kind>
         <file>Adafruit_GFX.obj</file>
         <name>Adafruit_GFX.obj</name>
      </input_file>
      <input_file id="fl-3">
         <path>.\</path>
         <kind>object</kind>
         <file>Adafruit_OLED.obj</file>
         <name>Adafruit_OLED.obj</name>
      </input_file>
      <input_file id="fl-4">
         <path>.\</path>
         <kind>object</kind>
         <file>i2c_if.obj</file>
         <name>i2c_if.obj</name>
      </input_file>
      <input_file id="fl-5">
         <path>.\</path>
         <kind>object</kind>
         <file>main.obj</file>
         <name>main.obj</name>
      </input_file>
      <input_file id="fl-6">
         <path>.\</path>
         <kind>object</kind>
         <file>network_common.obj</file>
         <name>network_common.obj</name>
      </input_file>
      <input_file id="fl-7">
         <path>.\</path>
         <kind>object</kind>
         <file>pin_mux_config.obj</file>
         <name>pin_mux_config.obj</name>
      </input_file>
      <input_file id="fl-8">
         <path>.\</path>
         <kind>object</kind>
         <file>startup_ccs.obj</file>
         <name>startup_ccs.obj</name>
      </input_file>
      <input_file id="fl-9">
         <path>.\</path>
         <kind>object</kind>
         <file>test.obj</file>
         <name>test.obj</name>
      </input_file>
      <input_file id="fl-a">
         <path>.\</path>
         <kind>object</kind>
         <file>timer_if.obj</file>
         <name>timer_if.obj</name>
      </input_file>
      <input_file id="fl-b">
         <path>.\</path>
         <kind>object</kind>
         <file>uart_if.obj</file>
         <name>uart_if.obj</name>
      </input_file>
      <input_file id="fl-c6">
         <path>C:\ti\ccsv7\tools\compiler\ti-cgt-arm_16.9.0.LTS\lib\</path>
         <kind>archive</kind>
         <file>rtsv7M4_T_le_eabi.lib</file>
         <name>boot.obj</name>
      </input_file>
      <input_file id="fl-c7">
         <path>C:\ti\ccsv7\tools\compiler\ti-cgt-arm_16.9.0.LTS\lib\</path>
         <kind>archive</kind>
         <file>rtsv7M4_T_le_eabi.lib</file>
         <name>copy_decompress_lzss.obj</name>
      </input_file>
      <input_file id="fl-c8">
         <path>C:\ti\ccsv7\tools\compiler\ti-cgt-arm_16.9.0.LTS\lib\</path>
         <kind>archive</kind>
         <file>rtsv7M4_T_le_eabi.lib</file>
         <name>copy_decompress_none.obj</name>
      </input_file>
      <input_file id="fl-c9">
         <path>C:\ti\ccsv7\tools\compiler\ti-cgt-arm_16.9.0.LTS\lib\</path>
         <kind>archive</kind>
         <file>rtsv7M4_T_le_eabi.lib</file>
         <name>copy_zero_init.obj</name>
      </input_file>
      <input_file id="fl-ca">
         <path>C:\ti\ccsv7\tools\compiler\ti-cgt-arm_16.9.0.LTS\lib\</path>
         <kind>archive</kind>
         <file>rtsv7M4_T_le_eabi.lib</file>
         <name>defs.obj</name>
      </input_file>
      <input_file id="fl-cb">
         <path>C:\ti\ccsv7\tools\compiler\ti-cgt-arm_16.9.0.LTS\lib\</path>
         <kind>archive</kind>
         <file>rtsv7M4_T_le_eabi.lib</file>
         <name>exit.obj</name>
      </input_file>
      <input_file id="fl-cc">
         <path>C:\ti\ccsv7\tools\compiler\ti-cgt-arm_16.9.0.LTS\lib\</path>
         <kind>archive</kind>
         <file>rtsv7M4_T_le_eabi.lib</file>
         <name>fd_cmp_t2.obj</name>
      </input_file>
      <input_file id="fl-cd">
         <path>C:\ti\ccsv7\tools\compiler\ti-cgt-arm_16.9.0.LTS\lib\</path>
         <kind>archive</kind>
         <file>rtsv7M4_T_le_eabi.lib</file>
         <name>fprintf.obj</name>
      </input_file>
      <input_file id="fl-ce">
         <path>C:\ti\ccsv7\tools\compiler\ti-cgt-arm_16.9.0.LTS\lib\</path>
         <kind>archive</kind>
         <file>rtsv7M4_T_le_eabi.lib</file>
         <name>fputc.obj</name>
      </input_file>
      <input_file id="fl-cf">
         <path>C:\ti\ccsv7\tools\compiler\ti-cgt-arm_16.9.0.LTS\lib\</path>
         <kind>archive</kind>
         <file>rtsv7M4_T_le_eabi.lib</file>
         <name>fputs.obj</name>
      </input_file>
      <input_file id="fl-d0">
         <path>C:\ti\ccsv7\tools\compiler\ti-cgt-arm_16.9.0.LTS\lib\</path>
         <kind>archive</kind>
         <file>rtsv7M4_T_le_eabi.lib</file>
         <name>fs_tod_t2.obj</name>
      </input_file>
      <input_file id="fl-d1">
         <path>C:\ti\ccsv7\tools\compiler\ti-cgt-arm_16.9.0.LTS\lib\</path>
         <kind>archive</kind>
         <file>rtsv7M4_T_le_eabi.lib</file>
         <name>fs_toi_t2.obj</name>
      </input_file>
      <input_file id="fl-d2">
         <path>C:\ti\ccsv7\tools\compiler\ti-cgt-arm_16.9.0.LTS\lib\</path>
         <kind>archive</kind>
         <file>rtsv7M4_T_le_eabi.lib</file>
         <name>ll_mul_t2.obj</name>
      </input_file>
      <input_file id="fl-d3">
         <path>C:\ti\ccsv7\tools\compiler\ti-cgt-arm_16.9.0.LTS\lib\</path>
         <kind>archive</kind>
         <file>rtsv7M4_T_le_eabi.lib</file>
         <name>lowlev.obj</name>
      </input_file>
      <input_file id="fl-d4">
         <path>C:\ti\ccsv7\tools\compiler\ti-cgt-arm_16.9.0.LTS\lib\</path>
         <kind>archive</kind>
         <file>rtsv7M4_T_le_eabi.lib</file>
         <name>memchr.obj</name>
      </input_file>
      <input_file id="fl-d5">
         <path>C:\ti\ccsv7\tools\compiler\ti-cgt-arm_16.9.0.LTS\lib\</path>
         <kind>archive</kind>
         <file>rtsv7M4_T_le_eabi.lib</file>
         <name>memcpy_t2.obj</name>
      </input_file>
      <input_file id="fl-d6">
         <path>C:\ti\ccsv7\tools\compiler\ti-cgt-arm_16.9.0.LTS\lib\</path>
         <kind>archive</kind>
         <file>rtsv7M4_T_le_eabi.lib</file>
         <name>memmov.obj</name>
      </input_file>
      <input_file id="fl-d7">
         <path>C:\ti\ccsv7\tools\compiler\ti-cgt-arm_16.9.0.LTS\lib\</path>
         <kind>archive</kind>
         <file>rtsv7M4_T_le_eabi.lib</file>
         <name>memory.obj</name>
      </input_file>
      <input_file id="fl-d8">
         <path>C:\ti\ccsv7\tools\compiler\ti-cgt-arm_16.9.0.LTS\lib\</path>
         <kind>archive</kind>
         <file>rtsv7M4_T_le_eabi.lib</file>
         <name>memset_t2.obj</name>
      </input_file>
      <input_file id="fl-d9">
         <path>C:\ti\ccsv7\tools\compiler\ti-cgt-arm_16.9.0.LTS\lib\</path>
         <kind>archive</kind>
         <file>rtsv7M4_T_le_eabi.lib</file>
         <name>mpu_init.obj</name>
      </input_file>
      <input_file id="fl-da">
         <path>C:\ti\ccsv7\tools\compiler\ti-cgt-arm_16.9.0.LTS\lib\</path>
         <kind>archive</kind>
         <file>rtsv7M4_T_le_eabi.lib</file>
         <name>pre_init.obj</name>
      </input_file>
      <input_file id="fl-db">
         <path>C:\ti\ccsv7\tools\compiler\ti-cgt-arm_16.9.0.LTS\lib\</path>
         <kind>archive</kind>
         <file>rtsv7M4_T_le_eabi.lib</file>
         <name>printf.obj</name>
      </input_file>
      <input_file id="fl-dc">
         <path>C:\ti\ccsv7\tools\compiler\ti-cgt-arm_16.9.0.LTS\lib\</path>
         <kind>archive</kind>
         <file>rtsv7M4_T_le_eabi.lib</file>
         <name>sprintf.obj</name>
      </input_file>
      <input_file id="fl-dd">
         <path>C:\ti\ccsv7\tools\compiler\ti-cgt-arm_16.9.0.LTS\lib\</path>
         <kind>archive</kind>
         <file>rtsv7M4_T_le_eabi.lib</file>
         <name>stkdepth_vars.obj</name>
      </input_file>
      <input_file id="fl-de">
         <path>C:\ti\ccsv7\tools\compiler\ti-cgt-arm_16.9.0.LTS\lib\</path>
         <kind>archive</kind>
         <file>rtsv7M4_T_le_eabi.lib</file>
         <name>strchr.obj</name>
      </input_file>
      <input_file id="fl-df">
         <path>C:\ti\ccsv7\tools\compiler\ti-cgt-arm_16.9.0.LTS\lib\</path>
         <kind>archive</kind>
         <file>rtsv7M4_T_le_eabi.lib</file>
         <name>strcmp.obj</name>
      </input_file>
      <input_file id="fl-e0">
         <path>C:\ti\ccsv7\tools\compiler\ti-cgt-arm_16.9.0.LTS\lib\</path>
         <kind>archive</kind>
         <file>rtsv7M4_T_le_eabi.lib</file>
         <name>strcpy.obj</name>
      </input_file>
      <input_file id="fl-e1">
         <path>C:\ti\ccsv7\tools\compiler\ti-cgt-arm_16.9.0.LTS\lib\</path>
         <kind>archive</kind>
         <file>rtsv7M4_T_le_eabi.lib</file>
         <name>strlen.obj</name>
      </input_file>
      <input_file id="fl-e2">
         <path>C:\ti\ccsv7\tools\compiler\ti-cgt-arm_16.9.0.LTS\lib\</path>
         <kind>archive</kind>
         <file>rtsv7M4_T_le_eabi.lib</file>
         <name>strncpy.obj</name>
      </input_file>
      <input_file id="fl-e3">
         <path>C:\ti\ccsv7\tools\compiler\ti-cgt-arm_16.9.0.LTS\lib\</path>
         <kind>archive</kind>
         <file>rtsv7M4_T_le_eabi.lib</file>
         <name>trgdrv.obj</name>
      </input_file>
      <input_file id="fl-e4">
         <path>C:\ti\ccsv7\tools\compiler\ti-cgt-arm_16.9.0.LTS\lib\</path>
         <kind>archive</kind>
         <file>rtsv7M4_T_le_eabi.lib</file>
         <name>trgmsg.obj</name>
      </input_file>
      <input_file id="fl-e5">
         <path>C:\ti\ccsv7\tools\compiler\ti-cgt-arm_16.9.0.LTS\lib\</path>
         <kind>archive</kind>
         <file>rtsv7M4_T_le_eabi.lib</file>
         <name>ull_div_t2.obj</name>
      </input_file>
      <input_file id="fl-e6">
         <path>C:\ti\ccsv7\tools\compiler\ti-cgt-arm_16.9.0.LTS\lib\</path>
         <kind>archive</kind>
         <file>rtsv7M4_T_le_eabi.lib</file>
         <name>ull_tofs_t2.obj</name>
      </input_file>
      <input_file id="fl-e7">
         <path>C:\ti\ccsv7\tools\compiler\ti-cgt-arm_16.9.0.LTS\lib\</path>
         <kind>archive</kind>
         <file>rtsv7M4_T_le_eabi.lib</file>
         <name>vsnprintf.obj</name>
      </input_file>
      <input_file id="fl-e8">
         <path>C:\ti\ccsv7\tools\compiler\ti-cgt-arm_16.9.0.LTS\lib\</path>
         <kind>archive</kind>
         <file>rtsv7M4_T_le_eabi.lib</file>
         <name>_io_perm.obj</name>
      </input_file>
      <input_file id="fl-e9">
         <path>C:\ti\ccsv7\tools\compiler\ti-cgt-arm_16.9.0.LTS\lib\</path>
         <kind>archive</kind>
         <file>rtsv7M4_T_le_eabi.lib</file>
         <name>_lock.obj</name>
      </input_file>
      <input_file id="fl-ea">
         <path>C:\ti\ccsv7\tools\compiler\ti-cgt-arm_16.9.0.LTS\lib\</path>
         <kind>archive</kind>
         <file>rtsv7M4_T_le_eabi.lib</file>
         <name>_printfi.obj</name>
      </input_file>
      <input_file id="fl-eb">
         <path>C:\ti\ccsv7\tools\compiler\ti-cgt-arm_16.9.0.LTS\lib\</path>
         <kind>archive</kind>
         <file>rtsv7M4_T_le_eabi.lib</file>
         <name>args_main.obj</name>
      </input_file>
      <input_file id="fl-ec">
         <path>C:\ti\ccsv7\tools\compiler\ti-cgt-arm_16.9.0.LTS\lib\</path>
         <kind>archive</kind>
         <file>rtsv7M4_T_le_eabi.lib</file>
         <name>atoi.obj</name>
      </input_file>
      <input_file id="fl-ed">
         <path>C:\ti\ccsv7\tools\compiler\ti-cgt-arm_16.9.0.LTS\lib\</path>
         <kind>archive</kind>
         <file>rtsv7M4_T_le_eabi.lib</file>
         <name>autoinit.obj</name>
      </input_file>
      <input_file id="fl-ee">
         <path>C:\ti\ccsv7\tools\compiler\ti-cgt-arm_16.9.0.LTS\lib\</path>
         <kind>archive</kind>
         <file>rtsv7M4_T_le_eabi.lib</file>
         <name>cpy_tbl.obj</name>
      </input_file>
      <input_file id="fl-ef">
         <path>C:\ti\ccsv7\tools\compiler\ti-cgt-arm_16.9.0.LTS\lib\</path>
         <kind>archive</kind>
         <file>rtsv7M4_T_le_eabi.lib</file>
         <name>ctype.obj</name>
      </input_file>
      <input_file id="fl-f0">
         <path>C:\ti\ccsv7\tools\compiler\ti-cgt-arm_16.9.0.LTS\lib\</path>
         <kind>archive</kind>
         <file>rtsv7M4_T_le_eabi.lib</file>
         <name>fd_add_t2.obj</name>
      </input_file>
      <input_file id="fl-f1">
         <path>C:\ti\ccsv7\tools\compiler\ti-cgt-arm_16.9.0.LTS\lib\</path>
         <kind>archive</kind>
         <file>rtsv7M4_T_le_eabi.lib</file>
         <name>fd_div_t2.obj</name>
      </input_file>
      <input_file id="fl-f2">
         <path>C:\ti\ccsv7\tools\compiler\ti-cgt-arm_16.9.0.LTS\lib\</path>
         <kind>archive</kind>
         <file>rtsv7M4_T_le_eabi.lib</file>
         <name>fd_mul_t2.obj</name>
      </input_file>
      <input_file id="fl-f3">
         <path>C:\ti\ccsv7\tools\compiler\ti-cgt-arm_16.9.0.LTS\lib\</path>
         <kind>archive</kind>
         <file>rtsv7M4_T_le_eabi.lib</file>
         <name>fd_toi_t2.obj</name>
      </input_file>
      <input_file id="fl-f4">
         <path>C:\ti\ccsv7\tools\compiler\ti-cgt-arm_16.9.0.LTS\lib\</path>
         <kind>archive</kind>
         <file>rtsv7M4_T_le_eabi.lib</file>
         <name>fflush.obj</name>
      </input_file>
      <input_file id="fl-f5">
         <path>C:\ti\ccsv7\tools\compiler\ti-cgt-arm_16.9.0.LTS\lib\</path>
         <kind>archive</kind>
         <file>rtsv7M4_T_le_eabi.lib</file>
         <name>fseek.obj</name>
      </input_file>
      <input_file id="fl-f6">
         <path>C:\ti\ccsv7\tools\compiler\ti-cgt-arm_16.9.0.LTS\lib\</path>
         <kind>archive</kind>
         <file>rtsv7M4_T_le_eabi.lib</file>
         <name>i_tofd_t2.obj</name>
      </input_file>
      <input_file id="fl-f7">
         <path>C:\ti\ccsv7\tools\compiler\ti-cgt-arm_16.9.0.LTS\lib\</path>
         <kind>archive</kind>
         <file>rtsv7M4_T_le_eabi.lib</file>
         <name>ltoa.obj</name>
      </input_file>
      <input_file id="fl-f8">
         <path>C:\ti\ccsv7\tools\compiler\ti-cgt-arm_16.9.0.LTS\lib\</path>
         <kind>archive</kind>
         <file>rtsv7M4_T_le_eabi.lib</file>
         <name>memccpy.obj</name>
      </input_file>
      <input_file id="fl-f9">
         <path>C:\ti\ccsv7\tools\compiler\ti-cgt-arm_16.9.0.LTS\lib\</path>
         <kind>archive</kind>
         <file>rtsv7M4_T_le_eabi.lib</file>
         <name>s_frexp.obj</name>
      </input_file>
      <input_file id="fl-fa">
         <path>C:\ti\ccsv7\tools\compiler\ti-cgt-arm_16.9.0.LTS\lib\</path>
         <kind>archive</kind>
         <file>rtsv7M4_T_le_eabi.lib</file>
         <name>s_scalbn.obj</name>
      </input_file>
      <input_file id="fl-fb">
         <path>C:\ti\ccsv7\tools\compiler\ti-cgt-arm_16.9.0.LTS\lib\</path>
         <kind>archive</kind>
         <file>rtsv7M4_T_le_eabi.lib</file>
         <name>setvbuf.obj</name>
      </input_file>
      <input_file id="fl-fc">
         <path>C:\ti\ccsv7\tools\compiler\ti-cgt-arm_16.9.0.LTS\lib\</path>
         <kind>archive</kind>
         <file>rtsv7M4_T_le_eabi.lib</file>
         <name>startup.obj</name>
      </input_file>
      <input_file id="fl-fd">
         <path>C:\ti\ccsv7\tools\compiler\ti-cgt-arm_16.9.0.LTS\lib\</path>
         <kind>archive</kind>
         <file>rtsv7M4_T_le_eabi.lib</file>
         <name>errno.obj</name>
      </input_file>
      <input_file id="fl-fe">
         <path>C:\ti\ccsv7\tools\compiler\ti-cgt-arm_16.9.0.LTS\lib\</path>
         <kind>archive</kind>
         <file>rtsv7M4_T_le_eabi.lib</file>
         <name>fopen.obj</name>
      </input_file>
      <input_file id="fl-ff">
         <path>C:\ti\ccsv7\tools\compiler\ti-cgt-arm_16.9.0.LTS\lib\</path>
         <kind>archive</kind>
         <file>rtsv7M4_T_le_eabi.lib</file>
         <name>s_copysign.obj</name>
      </input_file>
      <input_file id="fl-100">
         <path>C:\ti\ccsv7\tools\compiler\ti-cgt-arm_16.9.0.LTS\lib\</path>
         <kind>archive</kind>
         <file>rtsv7M4_T_le_eabi.lib</file>
         <name>fclose.obj</name>
      </input_file>
      <input_file id="fl-101">
         <path>C:\ti\ccsv7\tools\compiler\ti-cgt-arm_16.9.0.LTS\lib\</path>
         <kind>archive</kind>
         <file>rtsv7M4_T_le_eabi.lib</file>
         <name>remove.obj</name>
      </input_file>
      <input_file id="fl-102">
         <path>C:\ti\CC3200SDK_1.2.0\cc3200-sdk\driverlib\ccs\Release\</path>
         <kind>archive</kind>
         <file>driverlib.a</file>
         <name>gpio.obj</name>
      </input_file>
      <input_file id="fl-103">
         <path>C:\ti\CC3200SDK_1.2.0\cc3200-sdk\driverlib\ccs\Release\</path>
         <kind>archive</kind>
         <file>driverlib.a</file>
         <name>i2c.obj</name>
      </input_file>
      <input_file id="fl-104">
         <path>C:\ti\CC3200SDK_1.2.0\cc3200-sdk\driverlib\ccs\Release\</path>
         <kind>archive</kind>
         <file>driverlib.a</file>
         <name>interrupt.obj</name>
      </input_file>
      <input_file id="fl-105">
         <path>C:\ti\CC3200SDK_1.2.0\cc3200-sdk\driverlib\ccs\Release\</path>
         <kind>archive</kind>
         <file>driverlib.a</file>
         <name>pin.obj</name>
      </input_file>
      <input_file id="fl-106">
         <path>C:\ti\CC3200SDK_1.2.0\cc3200-sdk\driverlib\ccs\Release\</path>
         <kind>archive</kind>
         <file>driverlib.a</file>
         <name>prcm.obj</name>
      </input_file>
      <input_file id="fl-107">
         <path>C:\ti\CC3200SDK_1.2.0\cc3200-sdk\driverlib\ccs\Release\</path>
         <kind>archive</kind>
         <file>driverlib.a</file>
         <name>spi.obj</name>
      </input_file>
      <input_file id="fl-108">
         <path>C:\ti\CC3200SDK_1.2.0\cc3200-sdk\driverlib\ccs\Release\</path>
         <kind>archive</kind>
         <file>driverlib.a</file>
         <name>systick.obj</name>
      </input_file>
      <input_file id="fl-109">
         <path>C:\ti\CC3200SDK_1.2.0\cc3200-sdk\driverlib\ccs\Release\</path>
         <kind>archive</kind>
         <file>driverlib.a</file>
         <name>timer.obj</name>
      </input_file>
      <input_file id="fl-10a">
         <path>C:\ti\CC3200SDK_1.2.0\cc3200-sdk\driverlib\ccs\Release\</path>
         <kind>archive</kind>
         <file>driverlib.a</file>
         <name>uart.obj</name>
      </input_file>
      <input_file id="fl-10b">
         <path>C:\ti\CC3200SDK_1.2.0\cc3200-sdk\driverlib\ccs\Release\</path>
         <kind>archive</kind>
         <file>driverlib.a</file>
         <name>utils.obj</name>
      </input_file>
      <input_file id="fl-10c">
         <path>C:\ti\CC3200SDK_1.2.0\cc3200-sdk\driverlib\ccs\Release\</path>
         <kind>archive</kind>
         <file>driverlib.a</file>
         <name>cpu.obj</name>
      </input_file>
      <input_file id="fl-10d">
         <path>C:\ti\CC3200SDK_1.2.0\cc3200-sdk\driverlib\ccs\Release\</path>
         <kind>archive</kind>
         <file>driverlib.a</file>
         <name>flash.obj</name>
      </input_file>
   </input_file_list>
   <object_component_list>
      <object_component id="oc-f">
         <name>.intvecs</name>
         <load_address>0x20004000</load_address>
         <run_address>0x20004000</run_address>
         <size>0x400</size>
         <input_file_ref idref="fl-8"/>
      </object_component>
      <object_component id="oc-a8">
         <name>.text</name>
         <load_address>0x20004400</load_address>
         <run_address>0x20004400</run_address>
         <size>0x1b58</size>
         <input_file_ref idref="fl-5"/>
      </object_component>
      <object_component id="oc-2da">
         <name>.text</name>
         <load_address>0x20005f58</load_address>
         <run_address>0x20005f58</run_address>
         <size>0x111e</size>
         <input_file_ref idref="fl-ea"/>
      </object_component>
      <object_component id="oc-54a">
         <name>.text:IntDefaultHandler</name>
         <load_address>0x20007076</load_address>
         <run_address>0x20007076</run_address>
         <size>0x2</size>
         <input_file_ref idref="fl-104"/>
      </object_component>
      <object_component id="oc-117">
         <name>.text</name>
         <load_address>0x20007078</load_address>
         <run_address>0x20007078</run_address>
         <size>0xa80</size>
         <input_file_ref idref="fl-2"/>
      </object_component>
      <object_component id="oc-1cb">
         <name>.text</name>
         <load_address>0x20007af8</load_address>
         <run_address>0x20007af8</run_address>
         <size>0x4a2</size>
         <input_file_ref idref="fl-3"/>
      </object_component>
      <object_component id="oc-59">
         <name>.text</name>
         <load_address>0x20007f9a</load_address>
         <run_address>0x20007f9a</run_address>
         <size>0x2</size>
         <input_file_ref idref="fl-d9"/>
      </object_component>
      <object_component id="oc-26e">
         <name>.text</name>
         <load_address>0x20007f9c</load_address>
         <run_address>0x20007f9c</run_address>
         <size>0x3d0</size>
         <input_file_ref idref="fl-d7"/>
      </object_component>
      <object_component id="oc-570">
         <name>.text</name>
         <load_address>0x2000836c</load_address>
         <run_address>0x2000836c</run_address>
         <size>0x324</size>
         <input_file_ref idref="fl-e3"/>
      </object_component>
      <object_component id="oc-41d">
         <name>.text</name>
         <load_address>0x20008690</load_address>
         <run_address>0x20008690</run_address>
         <size>0x30c</size>
         <input_file_ref idref="fl-d3"/>
      </object_component>
      <object_component id="oc-13b">
         <name>.text</name>
         <load_address>0x2000899c</load_address>
         <run_address>0x2000899c</run_address>
         <size>0x284</size>
         <input_file_ref idref="fl-4"/>
      </object_component>
      <object_component id="oc-d8">
         <name>.text</name>
         <load_address>0x20008c20</load_address>
         <run_address>0x20008c20</run_address>
         <size>0x280</size>
         <input_file_ref idref="fl-b"/>
      </object_component>
      <object_component id="oc-131">
         <name>.text</name>
         <load_address>0x20008ea0</load_address>
         <run_address>0x20008ea0</run_address>
         <size>0x1f4</size>
         <input_file_ref idref="fl-e5"/>
      </object_component>
      <object_component id="oc-559">
         <name>.text</name>
         <load_address>0x20009094</load_address>
         <run_address>0x20009094</run_address>
         <size>0x1c4</size>
         <input_file_ref idref="fl-fe"/>
      </object_component>
      <object_component id="oc-44c">
         <name>.text</name>
         <load_address>0x20009258</load_address>
         <run_address>0x20009258</run_address>
         <size>0x1b6</size>
         <input_file_ref idref="fl-f0"/>
      </object_component>
      <object_component id="oc-a0">
         <name>.text</name>
         <load_address>0x2000940e</load_address>
         <run_address>0x2000940e</run_address>
         <size>0x2</size>
         <input_file_ref idref="fl-fc"/>
      </object_component>
      <object_component id="oc-1aa">
         <name>.text</name>
         <load_address>0x20009410</load_address>
         <run_address>0x20009410</run_address>
         <size>0x198</size>
         <input_file_ref idref="fl-a"/>
      </object_component>
      <object_component id="oc-fe">
         <name>.text:PRCMCC3200MCUInit</name>
         <load_address>0x200095a8</load_address>
         <run_address>0x200095a8</run_address>
         <size>0x178</size>
         <input_file_ref idref="fl-106"/>
      </object_component>
      <object_component id="oc-1f1">
         <name>.text</name>
         <load_address>0x20009720</load_address>
         <run_address>0x20009720</run_address>
         <size>0x138</size>
         <input_file_ref idref="fl-7"/>
      </object_component>
      <object_component id="oc-437">
         <name>.text</name>
         <load_address>0x20009858</load_address>
         <run_address>0x20009858</run_address>
         <size>0x136</size>
         <input_file_ref idref="fl-f1"/>
      </object_component>
      <object_component id="oc-2d4">
         <name>.text</name>
         <load_address>0x20009990</load_address>
         <run_address>0x20009990</run_address>
         <size>0x134</size>
         <input_file_ref idref="fl-cf"/>
      </object_component>
      <object_component id="oc-432">
         <name>.text</name>
         <load_address>0x20009ac4</load_address>
         <run_address>0x20009ac4</run_address>
         <size>0xfc</size>
         <input_file_ref idref="fl-f2"/>
      </object_component>
      <object_component id="oc-4f0">
         <name>.text</name>
         <load_address>0x20009bc0</load_address>
         <run_address>0x20009bc0</run_address>
         <size>0xdc</size>
         <input_file_ref idref="fl-fb"/>
      </object_component>
      <object_component id="oc-457">
         <name>.text</name>
         <load_address>0x20009c9c</load_address>
         <run_address>0x20009c9c</run_address>
         <size>0xd0</size>
         <input_file_ref idref="fl-fa"/>
      </object_component>
      <object_component id="oc-417">
         <name>.text</name>
         <load_address>0x20009d6c</load_address>
         <run_address>0x20009d6c</run_address>
         <size>0xc8</size>
         <input_file_ref idref="fl-f4"/>
      </object_component>
      <object_component id="oc-411">
         <name>.text</name>
         <load_address>0x20009e34</load_address>
         <run_address>0x20009e34</run_address>
         <size>0xac</size>
         <input_file_ref idref="fl-e8"/>
      </object_component>
      <object_component id="oc-4b6">
         <name>.text:IntDisable</name>
         <load_address>0x20009ee0</load_address>
         <run_address>0x20009ee0</run_address>
         <size>0xa8</size>
         <input_file_ref idref="fl-104"/>
      </object_component>
      <object_component id="oc-f8">
         <name>.text:IntEnable</name>
         <load_address>0x20009f88</load_address>
         <run_address>0x20009f88</run_address>
         <size>0xa8</size>
         <input_file_ref idref="fl-104"/>
      </object_component>
      <object_component id="oc-160">
         <name>.text:SPIConfigSetExpClk</name>
         <load_address>0x2000a030</load_address>
         <run_address>0x2000a030</run_address>
         <size>0xa0</size>
         <input_file_ref idref="fl-107"/>
      </object_component>
      <object_component id="oc-41">
         <name>.text</name>
         <load_address>0x2000a0d0</load_address>
         <run_address>0x2000a0d0</run_address>
         <size>0x9c</size>
         <input_file_ref idref="fl-d5"/>
      </object_component>
      <object_component id="oc-598">
         <name>.text</name>
         <load_address>0x2000a16c</load_address>
         <run_address>0x2000a16c</run_address>
         <size>0x98</size>
         <input_file_ref idref="fl-100"/>
      </object_component>
      <object_component id="oc-2ce">
         <name>.text</name>
         <load_address>0x2000a204</load_address>
         <run_address>0x2000a204</run_address>
         <size>0x98</size>
         <input_file_ref idref="fl-ce"/>
      </object_component>
      <object_component id="oc-15a">
         <name>.text:PRCMPeripheralClockGet</name>
         <load_address>0x2000a29c</load_address>
         <run_address>0x2000a29c</run_address>
         <size>0x94</size>
         <input_file_ref idref="fl-106"/>
      </object_component>
      <object_component id="oc-4d1">
         <name>.text:PinConfigSet</name>
         <load_address>0x2000a330</load_address>
         <run_address>0x2000a330</run_address>
         <size>0x88</size>
         <input_file_ref idref="fl-105"/>
      </object_component>
      <object_component id="oc-256">
         <name>.text</name>
         <load_address>0x2000a3b8</load_address>
         <run_address>0x2000a3b8</run_address>
         <size>0x88</size>
         <input_file_ref idref="fl-e7"/>
      </object_component>
      <object_component id="oc-42d">
         <name>.text:__aeabi_cdcmple</name>
         <load_address>0x2000a440</load_address>
         <run_address>0x2000a440</run_address>
         <size>0x86</size>
         <input_file_ref idref="fl-cc"/>
      </object_component>
      <object_component id="oc-1d6">
         <name>.text:__aeabi_cdrcmple</name>
         <load_address>0x2000a4c6</load_address>
         <run_address>0x2000a4c6</run_address>
         <size>0x86</size>
         <input_file_ref idref="fl-cc"/>
      </object_component>
      <object_component id="oc-31f">
         <name>.text:I2CMasterInitExpClk</name>
         <load_address>0x2000a54c</load_address>
         <run_address>0x2000a54c</run_address>
         <size>0x84</size>
         <input_file_ref idref="fl-103"/>
      </object_component>
      <object_component id="oc-172">
         <name>.text:GPIOIntTypeSet</name>
         <load_address>0x2000a5d0</load_address>
         <run_address>0x2000a5d0</run_address>
         <size>0x82</size>
         <input_file_ref idref="fl-102"/>
      </object_component>
      <object_component id="oc-4d">
         <name>.text</name>
         <load_address>0x2000a652</load_address>
         <run_address>0x2000a652</run_address>
         <size>0x7a</size>
         <input_file_ref idref="fl-d8"/>
      </object_component>
      <object_component id="oc-24a">
         <name>.text:UARTConfigSetExpClk</name>
         <load_address>0x2000a6cc</load_address>
         <run_address>0x2000a6cc</run_address>
         <size>0x76</size>
         <input_file_ref idref="fl-10a"/>
      </object_component>
      <object_component id="oc-366">
         <name>.text:TimerIntRegister</name>
         <load_address>0x2000a744</load_address>
         <run_address>0x2000a744</run_address>
         <size>0x70</size>
         <input_file_ref idref="fl-109"/>
      </object_component>
      <object_component id="oc-65">
         <name>.text</name>
         <load_address>0x2000a7b4</load_address>
         <run_address>0x2000a7b4</run_address>
         <size>0x70</size>
         <input_file_ref idref="fl-ed"/>
      </object_component>
      <object_component id="oc-111">
         <name>.text</name>
         <load_address>0x2000a824</load_address>
         <run_address>0x2000a824</run_address>
         <size>0x70</size>
         <input_file_ref idref="fl-db"/>
      </object_component>
      <object_component id="oc-141">
         <name>.text</name>
         <load_address>0x2000a894</load_address>
         <run_address>0x2000a894</run_address>
         <size>0x6c</size>
         <input_file_ref idref="fl-cd"/>
      </object_component>
      <object_component id="oc-378">
         <name>.text:TimerIntUnregister</name>
         <load_address>0x2000a900</load_address>
         <run_address>0x2000a900</run_address>
         <size>0x68</size>
         <input_file_ref idref="fl-109"/>
      </object_component>
      <object_component id="oc-12">
         <name>.text:decompress:lzss</name>
         <load_address>0x2000a968</load_address>
         <run_address>0x2000a968</run_address>
         <size>0x68</size>
         <input_file_ref idref="fl-c7"/>
      </object_component>
      <object_component id="oc-5a7">
         <name>.text</name>
         <load_address>0x2000a9d0</load_address>
         <run_address>0x2000a9d0</run_address>
         <size>0x68</size>
         <input_file_ref idref="fl-e4"/>
      </object_component>
      <object_component id="oc-4ea">
         <name>.text</name>
         <load_address>0x2000aa38</load_address>
         <run_address>0x2000aa38</run_address>
         <size>0x64</size>
         <input_file_ref idref="fl-f5"/>
      </object_component>
      <object_component id="oc-204">
         <name>.text</name>
         <load_address>0x2000aa9c</load_address>
         <run_address>0x2000aa9c</run_address>
         <size>0x60</size>
         <input_file_ref idref="fl-dc"/>
      </object_component>
      <object_component id="oc-451">
         <name>.text</name>
         <load_address>0x2000aafc</load_address>
         <run_address>0x2000aafc</run_address>
         <size>0x5c</size>
         <input_file_ref idref="fl-f9"/>
      </object_component>
      <object_component id="oc-14e">
         <name>.text:PRCMPeripheralReset</name>
         <load_address>0x2000ab58</load_address>
         <run_address>0x2000ab58</run_address>
         <size>0x58</size>
         <input_file_ref idref="fl-106"/>
      </object_component>
      <object_component id="oc-441">
         <name>.text</name>
         <load_address>0x2000abb0</load_address>
         <run_address>0x2000abb0</run_address>
         <size>0x56</size>
         <input_file_ref idref="fl-f7"/>
      </object_component>
      <object_component id="oc-360">
         <name>.text:IntPrioritySet</name>
         <load_address>0x2000ac08</load_address>
         <run_address>0x2000ac08</run_address>
         <size>0x54</size>
         <input_file_ref idref="fl-104"/>
      </object_component>
      <object_component id="oc-71">
         <name>.text</name>
         <load_address>0x2000ac5c</load_address>
         <run_address>0x2000ac5c</run_address>
         <size>0x54</size>
         <input_file_ref idref="fl-cb"/>
      </object_component>
      <object_component id="oc-463">
         <name>.text</name>
         <load_address>0x2000acb0</load_address>
         <run_address>0x2000acb0</run_address>
         <size>0x4c</size>
         <input_file_ref idref="fl-ec"/>
      </object_component>
      <object_component id="oc-9a">
         <name>.text</name>
         <load_address>0x2000acfc</load_address>
         <run_address>0x2000acfc</run_address>
         <size>0x4c</size>
         <input_file_ref idref="fl-ee"/>
      </object_component>
      <object_component id="oc-333">
         <name>.text:GPIOGetIntNumber</name>
         <load_address>0x2000ad48</load_address>
         <run_address>0x2000ad48</run_address>
         <size>0x48</size>
         <input_file_ref idref="fl-102"/>
      </object_component>
      <object_component id="oc-43c">
         <name>.text</name>
         <load_address>0x2000ad90</load_address>
         <run_address>0x2000ad90</run_address>
         <size>0x48</size>
         <input_file_ref idref="fl-f3"/>
      </object_component>
      <object_component id="oc-354">
         <name>.text:TimerConfigure</name>
         <load_address>0x2000add8</load_address>
         <run_address>0x2000add8</run_address>
         <size>0x44</size>
         <input_file_ref idref="fl-109"/>
      </object_component>
      <object_component id="oc-3ac">
         <name>.text:PinModeSet</name>
         <load_address>0x2000ae1c</load_address>
         <run_address>0x2000ae1c</run_address>
         <size>0x40</size>
         <input_file_ref idref="fl-105"/>
      </object_component>
      <object_component id="oc-24">
         <name>.text</name>
         <load_address>0x2000ae5c</load_address>
         <run_address>0x2000ae5c</run_address>
         <size>0x40</size>
         <input_file_ref idref="fl-c6"/>
      </object_component>
      <object_component id="oc-148">
         <name>.text:PRCMPeripheralClkEnable</name>
         <load_address>0x2000ae9c</load_address>
         <run_address>0x2000ae9c</run_address>
         <size>0x3c</size>
         <input_file_ref idref="fl-106"/>
      </object_component>
      <object_component id="oc-1d1">
         <name>.text</name>
         <load_address>0x2000aed8</load_address>
         <run_address>0x2000aed8</run_address>
         <size>0x38</size>
         <input_file_ref idref="fl-d0"/>
      </object_component>
      <object_component id="oc-1e6">
         <name>.text</name>
         <load_address>0x2000af10</load_address>
         <run_address>0x2000af10</run_address>
         <size>0x38</size>
         <input_file_ref idref="fl-d1"/>
      </object_component>
      <object_component id="oc-3b8">
         <name>.text:GPIODirModeSet</name>
         <load_address>0x2000af48</load_address>
         <run_address>0x2000af48</run_address>
         <size>0x36</size>
         <input_file_ref idref="fl-102"/>
      </object_component>
      <object_component id="oc-503">
         <name>.text</name>
         <load_address>0x2000af7e</load_address>
         <run_address>0x2000af7e</run_address>
         <size>0x36</size>
         <input_file_ref idref="fl-e2"/>
      </object_component>
      <object_component id="oc-1e1">
         <name>.text</name>
         <load_address>0x2000afb4</load_address>
         <run_address>0x2000afb4</run_address>
         <size>0x36</size>
         <input_file_ref idref="fl-e6"/>
      </object_component>
      <object_component id="oc-3b2">
         <name>.text:PinTypeGPIO</name>
         <load_address>0x2000afea</load_address>
         <run_address>0x2000afea</run_address>
         <size>0x30</size>
         <input_file_ref idref="fl-105"/>
      </object_component>
      <object_component id="oc-3dc">
         <name>.text:UARTDisable</name>
         <load_address>0x2000b01c</load_address>
         <run_address>0x2000b01c</run_address>
         <size>0x30</size>
         <input_file_ref idref="fl-10a"/>
      </object_component>
      <object_component id="oc-447">
         <name>.text</name>
         <load_address>0x2000b04c</load_address>
         <run_address>0x2000b04c</run_address>
         <size>0x2e</size>
         <input_file_ref idref="fl-f6"/>
      </object_component>
      <object_component id="oc-307">
         <name>.text:I2CMasterErr</name>
         <load_address>0x2000b07a</load_address>
         <run_address>0x2000b07a</run_address>
         <size>0x2c</size>
         <input_file_ref idref="fl-103"/>
      </object_component>
      <object_component id="oc-2b1">
         <name>.text:PRCMSysResetCauseGet</name>
         <load_address>0x2000b0a8</load_address>
         <run_address>0x2000b0a8</run_address>
         <size>0x2c</size>
         <input_file_ref idref="fl-106"/>
      </object_component>
      <object_component id="oc-1b0">
         <name>.text:TimerLoadSet</name>
         <load_address>0x2000b0d4</load_address>
         <run_address>0x2000b0d4</run_address>
         <size>0x2a</size>
         <input_file_ref idref="fl-109"/>
      </object_component>
      <object_component id="oc-35a">
         <name>.text:TimerPrescaleSet</name>
         <load_address>0x2000b0fe</load_address>
         <run_address>0x2000b0fe</run_address>
         <size>0x2a</size>
         <input_file_ref idref="fl-109"/>
      </object_component>
      <object_component id="oc-2c3">
         <name>.text:PRCMPeripheralClkDisable</name>
         <load_address>0x2000b128</load_address>
         <run_address>0x2000b128</run_address>
         <size>0x28</size>
         <input_file_ref idref="fl-106"/>
      </object_component>
      <object_component id="oc-4bc">
         <name>.text:IntUnregister</name>
         <load_address>0x2000b150</load_address>
         <run_address>0x2000b150</run_address>
         <size>0x24</size>
         <input_file_ref idref="fl-104"/>
      </object_component>
      <object_component id="oc-3e2">
         <name>.text:UARTEnable</name>
         <load_address>0x2000b174</load_address>
         <run_address>0x2000b174</run_address>
         <size>0x24</size>
         <input_file_ref idref="fl-10a"/>
      </object_component>
      <object_component id="oc-268">
         <name>.text</name>
         <load_address>0x2000b198</load_address>
         <run_address>0x2000b198</run_address>
         <size>0x24</size>
         <input_file_ref idref="fl-d6"/>
      </object_component>
      <object_component id="oc-11f">
         <name>.text:GPIOIntStatus</name>
         <load_address>0x2000b1bc</load_address>
         <run_address>0x2000b1bc</run_address>
         <size>0x22</size>
         <input_file_ref idref="fl-102"/>
      </object_component>
      <object_component id="oc-30d">
         <name>.text:I2CMasterSlaveAddrSet</name>
         <load_address>0x2000b1de</load_address>
         <run_address>0x2000b1de</run_address>
         <size>0x22</size>
         <input_file_ref idref="fl-103"/>
      </object_component>
      <object_component id="oc-154">
         <name>.text:SPIReset</name>
         <load_address>0x2000b200</load_address>
         <run_address>0x2000b200</run_address>
         <size>0x22</size>
         <input_file_ref idref="fl-107"/>
      </object_component>
      <object_component id="oc-386">
         <name>.text:GPIOPinWrite</name>
         <load_address>0x2000b222</load_address>
         <run_address>0x2000b222</run_address>
         <size>0x20</size>
         <input_file_ref idref="fl-102"/>
      </object_component>
      <object_component id="oc-339">
         <name>.text:IntRegister</name>
         <load_address>0x2000b244</load_address>
         <run_address>0x2000b244</run_address>
         <size>0x20</size>
         <input_file_ref idref="fl-104"/>
      </object_component>
      <object_component id="oc-398">
         <name>.text:SPIDataGet</name>
         <load_address>0x2000b264</load_address>
         <run_address>0x2000b264</run_address>
         <size>0x20</size>
         <input_file_ref idref="fl-107"/>
      </object_component>
      <object_component id="oc-425">
         <name>.text</name>
         <load_address>0x2000b284</load_address>
         <run_address>0x2000b284</run_address>
         <size>0x20</size>
         <input_file_ref idref="fl-d4"/>
      </object_component>
      <object_component id="oc-16c">
         <name>.text:GPIOIntRegister</name>
         <load_address>0x2000b2a4</load_address>
         <run_address>0x2000b2a4</run_address>
         <size>0x1e</size>
         <input_file_ref idref="fl-102"/>
      </object_component>
      <object_component id="oc-2ef">
         <name>.text:I2CMasterIntStatusEx</name>
         <load_address>0x2000b2c2</load_address>
         <run_address>0x2000b2c2</run_address>
         <size>0x1e</size>
         <input_file_ref idref="fl-103"/>
      </object_component>
      <object_component id="oc-392">
         <name>.text:SPIDataPut</name>
         <load_address>0x2000b2e0</load_address>
         <run_address>0x2000b2e0</run_address>
         <size>0x1e</size>
         <input_file_ref idref="fl-107"/>
      </object_component>
      <object_component id="oc-1eb">
         <name>.text:TimerDisable</name>
         <load_address>0x2000b2fe</load_address>
         <run_address>0x2000b2fe</run_address>
         <size>0x1e</size>
         <input_file_ref idref="fl-109"/>
      </object_component>
      <object_component id="oc-1c2">
         <name>.text:TimerEnable</name>
         <load_address>0x2000b31c</load_address>
         <run_address>0x2000b31c</run_address>
         <size>0x1e</size>
         <input_file_ref idref="fl-109"/>
      </object_component>
      <object_component id="oc-1b6">
         <name>.text:TimerIntStatus</name>
         <load_address>0x2000b33a</load_address>
         <run_address>0x2000b33a</run_address>
         <size>0x1e</size>
         <input_file_ref idref="fl-109"/>
      </object_component>
      <object_component id="oc-250">
         <name>.text:UARTCharPut</name>
         <load_address>0x2000b358</load_address>
         <run_address>0x2000b358</run_address>
         <size>0x1e</size>
         <input_file_ref idref="fl-10a"/>
      </object_component>
      <object_component id="oc-3c4">
         <name>.text:PinTypeI2C</name>
         <load_address>0x2000b376</load_address>
         <run_address>0x2000b376</run_address>
         <size>0x1c</size>
         <input_file_ref idref="fl-105"/>
      </object_component>
      <object_component id="oc-184">
         <name>.text:SysTickIntRegister</name>
         <load_address>0x2000b394</load_address>
         <run_address>0x2000b394</run_address>
         <size>0x1c</size>
         <input_file_ref idref="fl-108"/>
      </object_component>
      <object_component id="oc-1db">
         <name>.text:TimerValueGet</name>
         <load_address>0x2000b3b0</load_address>
         <run_address>0x2000b3b0</run_address>
         <size>0x1c</size>
         <input_file_ref idref="fl-109"/>
      </object_component>
      <object_component id="oc-262">
         <name>.text:UARTCharGetNonBlocking</name>
         <load_address>0x2000b3cc</load_address>
         <run_address>0x2000b3cc</run_address>
         <size>0x1c</size>
         <input_file_ref idref="fl-10a"/>
      </object_component>
      <object_component id="oc-469">
         <name>.text</name>
         <load_address>0x2000b3e8</load_address>
         <run_address>0x2000b3e8</run_address>
         <size>0x1c</size>
         <input_file_ref idref="fl-f8"/>
      </object_component>
      <object_component id="oc-178">
         <name>.text:GPIOIntEnable</name>
         <load_address>0x2000b404</load_address>
         <run_address>0x2000b404</run_address>
         <size>0x1a</size>
         <input_file_ref idref="fl-102"/>
      </object_component>
      <object_component id="oc-3be">
         <name>.text:PinTypeSPI</name>
         <load_address>0x2000b41e</load_address>
         <run_address>0x2000b41e</run_address>
         <size>0x1a</size>
         <input_file_ref idref="fl-105"/>
      </object_component>
      <object_component id="oc-3ca">
         <name>.text:PinTypeUART</name>
         <load_address>0x2000b438</load_address>
         <run_address>0x2000b438</run_address>
         <size>0x1a</size>
         <input_file_ref idref="fl-105"/>
      </object_component>
      <object_component id="oc-39e">
         <name>.text:SPICSDisable</name>
         <load_address>0x2000b452</load_address>
         <run_address>0x2000b452</run_address>
         <size>0x18</size>
         <input_file_ref idref="fl-107"/>
      </object_component>
      <object_component id="oc-38c">
         <name>.text:SPICSEnable</name>
         <load_address>0x2000b46a</load_address>
         <run_address>0x2000b46a</run_address>
         <size>0x18</size>
         <input_file_ref idref="fl-107"/>
      </object_component>
      <object_component id="oc-166">
         <name>.text:SPIEnable</name>
         <load_address>0x2000b482</load_address>
         <run_address>0x2000b482</run_address>
         <size>0x18</size>
         <input_file_ref idref="fl-107"/>
      </object_component>
      <object_component id="oc-17e">
         <name>.text:SysTickPeriodSet</name>
         <load_address>0x2000b49c</load_address>
         <run_address>0x2000b49c</run_address>
         <size>0x18</size>
         <input_file_ref idref="fl-108"/>
      </object_component>
      <object_component id="oc-372">
         <name>.text:TimerIntDisable</name>
         <load_address>0x2000b4b4</load_address>
         <run_address>0x2000b4b4</run_address>
         <size>0x18</size>
         <input_file_ref idref="fl-109"/>
      </object_component>
      <object_component id="oc-36c">
         <name>.text:TimerIntEnable</name>
         <load_address>0x2000b4cc</load_address>
         <run_address>0x2000b4cc</run_address>
         <size>0x18</size>
         <input_file_ref idref="fl-109"/>
      </object_component>
      <object_component id="oc-25c">
         <name>.text:UARTCharsAvail</name>
         <load_address>0x2000b4e4</load_address>
         <run_address>0x2000b4e4</run_address>
         <size>0x18</size>
         <input_file_ref idref="fl-10a"/>
      </object_component>
      <object_component id="oc-6b">
         <name>.text</name>
         <load_address>0x2000b4fc</load_address>
         <run_address>0x2000b4fc</run_address>
         <size>0x18</size>
         <input_file_ref idref="fl-eb"/>
      </object_component>
      <object_component id="oc-136">
         <name>.text</name>
         <load_address>0x2000b514</load_address>
         <run_address>0x2000b514</run_address>
         <size>0x18</size>
         <input_file_ref idref="fl-d2"/>
      </object_component>
      <object_component id="oc-4fd">
         <name>.text</name>
         <load_address>0x2000b52c</load_address>
         <run_address>0x2000b52c</run_address>
         <size>0x18</size>
         <input_file_ref idref="fl-df"/>
      </object_component>
      <object_component id="oc-313">
         <name>.text:I2CMasterDataPut</name>
         <load_address>0x2000b544</load_address>
         <run_address>0x2000b544</run_address>
         <size>0x16</size>
         <input_file_ref idref="fl-103"/>
      </object_component>
      <object_component id="oc-490">
         <name>.text:I2CMasterEnable</name>
         <load_address>0x2000b55a</load_address>
         <run_address>0x2000b55a</run_address>
         <size>0x16</size>
         <input_file_ref idref="fl-103"/>
      </object_component>
      <object_component id="oc-2b7">
         <name>.text:PRCMHIBRegRead</name>
         <load_address>0x2000b570</load_address>
         <run_address>0x2000b570</run_address>
         <size>0x16</size>
         <input_file_ref idref="fl-106"/>
      </object_component>
      <object_component id="oc-2bd">
         <name>.text:PRCMHIBRegWrite</name>
         <load_address>0x2000b586</load_address>
         <run_address>0x2000b586</run_address>
         <size>0x16</size>
         <input_file_ref idref="fl-106"/>
      </object_component>
      <object_component id="oc-45d">
         <name>.text</name>
         <load_address>0x2000b59c</load_address>
         <run_address>0x2000b59c</run_address>
         <size>0x16</size>
         <input_file_ref idref="fl-de"/>
      </object_component>
      <object_component id="oc-2a6">
         <name>.text:CPUcpsie</name>
         <load_address>0x2000b5b2</load_address>
         <run_address>0x2000b5b2</run_address>
         <size>0x14</size>
         <input_file_ref idref="fl-10c"/>
      </object_component>
      <object_component id="oc-125">
         <name>.text:GPIOIntClear</name>
         <load_address>0x2000b5c6</load_address>
         <run_address>0x2000b5c6</run_address>
         <size>0x14</size>
         <input_file_ref idref="fl-102"/>
      </object_component>
      <object_component id="oc-ec">
         <name>.text:IntVTableBaseSet</name>
         <load_address>0x2000b5dc</load_address>
         <run_address>0x2000b5dc</run_address>
         <size>0x14</size>
         <input_file_ref idref="fl-104"/>
      </object_component>
      <object_component id="oc-232">
         <name>.text</name>
         <load_address>0x2000b5f0</load_address>
         <run_address>0x2000b5f0</run_address>
         <size>0x14</size>
         <input_file_ref idref="fl-e9"/>
      </object_component>
      <object_component id="oc-1fe">
         <name>.text</name>
         <load_address>0x2000b604</load_address>
         <run_address>0x2000b604</run_address>
         <size>0x14</size>
         <input_file_ref idref="fl-e0"/>
      </object_component>
      <object_component id="oc-10a">
         <name>.text</name>
         <load_address>0x2000b618</load_address>
         <run_address>0x2000b618</run_address>
         <size>0x14</size>
         <input_file_ref idref="fl-e1"/>
      </object_component>
      <object_component id="oc-301">
         <name>.text:I2CMasterControl</name>
         <load_address>0x2000b62c</load_address>
         <run_address>0x2000b62c</run_address>
         <size>0x12</size>
         <input_file_ref idref="fl-103"/>
      </object_component>
      <object_component id="oc-2f5">
         <name>.text:I2CMasterIntClearEx</name>
         <load_address>0x2000b63e</load_address>
         <run_address>0x2000b63e</run_address>
         <size>0x12</size>
         <input_file_ref idref="fl-103"/>
      </object_component>
      <object_component id="oc-2fb">
         <name>.text:I2CMasterTimeoutSet</name>
         <load_address>0x2000b650</load_address>
         <run_address>0x2000b650</run_address>
         <size>0x12</size>
         <input_file_ref idref="fl-103"/>
      </object_component>
      <object_component id="oc-1bc">
         <name>.text:TimerIntClear</name>
         <load_address>0x2000b662</load_address>
         <run_address>0x2000b662</run_address>
         <size>0x12</size>
         <input_file_ref idref="fl-109"/>
      </object_component>
      <object_component id="oc-190">
         <name>.text:SysTickEnable</name>
         <load_address>0x2000b674</load_address>
         <run_address>0x2000b674</run_address>
         <size>0x10</size>
         <input_file_ref idref="fl-108"/>
      </object_component>
      <object_component id="oc-18a">
         <name>.text:SysTickIntEnable</name>
         <load_address>0x2000b684</load_address>
         <run_address>0x2000b684</run_address>
         <size>0x10</size>
         <input_file_ref idref="fl-108"/>
      </object_component>
      <object_component id="oc-319">
         <name>.text:I2CMasterDataGet</name>
         <load_address>0x2000b694</load_address>
         <run_address>0x2000b694</run_address>
         <size>0xe</size>
         <input_file_ref idref="fl-103"/>
      </object_component>
      <object_component id="oc-18">
         <name>.text:decompress:none</name>
         <load_address>0x2000b6a2</load_address>
         <run_address>0x2000b6a2</run_address>
         <size>0xe</size>
         <input_file_ref idref="fl-c8"/>
      </object_component>
      <object_component id="oc-2d">
         <name>.text</name>
         <load_address>0x2000b6b0</load_address>
         <run_address>0x2000b6b0</run_address>
         <size>0xe</size>
         <input_file_ref idref="fl-8"/>
      </object_component>
      <object_component id="oc-12b">
         <name>.text:SysTickValueGet</name>
         <load_address>0x2000b6c0</load_address>
         <run_address>0x2000b6c0</run_address>
         <size>0xc</size>
         <input_file_ref idref="fl-108"/>
      </object_component>
      <object_component id="oc-1e">
         <name>.text:decompress:ZI</name>
         <load_address>0x2000b6cc</load_address>
         <run_address>0x2000b6cc</run_address>
         <size>0xc</size>
         <input_file_ref idref="fl-c9"/>
      </object_component>
      <object_component id="oc-f2">
         <name>.text:IntMasterEnable</name>
         <load_address>0x2000b6d8</load_address>
         <run_address>0x2000b6d8</run_address>
         <size>0xa</size>
         <input_file_ref idref="fl-104"/>
      </object_component>
      <object_component id="oc-529">
         <name>.text</name>
         <load_address>0x2000b6e2</load_address>
         <run_address>0x2000b6e2</run_address>
         <size>0x8</size>
         <input_file_ref idref="fl-ff"/>
      </object_component>
      <object_component id="oc-104">
         <name>.text:UtilsDelay</name>
         <load_address>0x2000b6ea</load_address>
         <run_address>0x2000b6ea</run_address>
         <size>0x6</size>
         <input_file_ref idref="fl-10b"/>
      </object_component>
      <object_component id="oc-5f">
         <name>.text</name>
         <load_address>0x2000b6f0</load_address>
         <run_address>0x2000b6f0</run_address>
         <size>0x4</size>
         <input_file_ref idref="fl-da"/>
      </object_component>
      <object_component id="oc-2e2">
         <name>.const:.string:font</name>
         <load_address>0x2000b6f4</load_address>
         <run_address>0x2000b6f4</run_address>
         <size>0x4fb</size>
         <input_file_ref idref="fl-2"/>
      </object_component>
      <object_component id="oc-536">
         <name>.const:.string:_ctypes_</name>
         <load_address>0x2000bbef</load_address>
         <run_address>0x2000bbef</run_address>
         <size>0x101</size>
         <input_file_ref idref="fl-ef"/>
      </object_component>
      <object_component id="oc-4cd">
         <name>.const:g_ulPinToPadMap</name>
         <load_address>0x2000bcf0</load_address>
         <run_address>0x2000bcf0</run_address>
         <size>0x100</size>
         <input_file_ref idref="fl-105"/>
      </object_component>
      <object_component id="oc-4ae">
         <name>.const:g_pulRegs</name>
         <load_address>0x2000bdf0</load_address>
         <run_address>0x2000bdf0</run_address>
         <size>0xd4</size>
         <input_file_ref idref="fl-104"/>
      </object_component>
      <object_component id="oc-329">
         <name>.const:PRCM_PeriphRegsList</name>
         <load_address>0x2000bec4</load_address>
         <run_address>0x2000bec4</run_address>
         <size>0xa8</size>
         <input_file_ref idref="fl-106"/>
      </object_component>
      <object_component id="oc-2ad">
         <name>.const</name>
         <load_address>0x2000bf6c</load_address>
         <run_address>0x2000bf6c</run_address>
         <size>0x80</size>
         <input_file_ref idref="fl-104"/>
      </object_component>
      <object_component id="oc-283">
         <name>.const:.string</name>
         <load_address>0x2000bfec</load_address>
         <run_address>0x2000bfec</run_address>
         <size>0x30</size>
         <input_file_ref idref="fl-5"/>
      </object_component>
      <object_component id="oc-e5">
         <name>.const:$P$T1$2</name>
         <load_address>0x2000c01c</load_address>
         <run_address>0x2000c01c</run_address>
         <size>0x2c</size>
         <input_file_ref idref="fl-5"/>
      </object_component>
      <object_component id="oc-1a7">
         <name>.const:.string:$P$T10$11</name>
         <load_address>0x2000c048</load_address>
         <run_address>0x2000c048</run_address>
         <size>0x28</size>
         <input_file_ref idref="fl-5"/>
      </object_component>
      <object_component id="oc-eb">
         <name>.const:.string:$P$T0$1</name>
         <load_address>0x2000c070</load_address>
         <run_address>0x2000c070</run_address>
         <size>0x22</size>
         <input_file_ref idref="fl-5"/>
      </object_component>
      <object_component id="oc-11d">
         <name>.const:.string:$P$T6$7</name>
         <load_address>0x2000c092</load_address>
         <run_address>0x2000c092</run_address>
         <size>0x15</size>
         <input_file_ref idref="fl-5"/>
      </object_component>
      <object_component id="oc-e8">
         <name>.const:$P$T2$3</name>
         <load_address>0x2000c0a7</load_address>
         <run_address>0x2000c0a7</run_address>
         <size>0x14</size>
         <input_file_ref idref="fl-5"/>
      </object_component>
      <object_component id="oc-19e">
         <name>.const:.string:$P$T7$8</name>
         <load_address>0x2000c0bb</load_address>
         <run_address>0x2000c0bb</run_address>
         <size>0x14</size>
         <input_file_ref idref="fl-5"/>
      </object_component>
      <object_component id="oc-1a1">
         <name>.const:.string:$P$T8$9</name>
         <load_address>0x2000c0cf</load_address>
         <run_address>0x2000c0cf</run_address>
         <size>0x14</size>
         <input_file_ref idref="fl-5"/>
      </object_component>
      <object_component id="oc-1a4">
         <name>.const:.string:$P$T9$10</name>
         <load_address>0x2000c0e3</load_address>
         <run_address>0x2000c0e3</run_address>
         <size>0x14</size>
         <input_file_ref idref="fl-5"/>
      </object_component>
      <object_component id="oc-105">
         <name>.const:$P$T4$5</name>
         <load_address>0x2000c0f8</load_address>
         <run_address>0x2000c0f8</run_address>
         <size>0xc</size>
         <input_file_ref idref="fl-5"/>
      </object_component>
      <object_component id="oc-108">
         <name>.const:.string:$P$T3$4</name>
         <load_address>0x2000c104</load_address>
         <run_address>0x2000c104</run_address>
         <size>0xc</size>
         <input_file_ref idref="fl-5"/>
      </object_component>
      <object_component id="oc-1c8">
         <name>.const:.string:$P$T11$12</name>
         <load_address>0x2000c110</load_address>
         <run_address>0x2000c110</run_address>
         <size>0xa</size>
         <input_file_ref idref="fl-5"/>
      </object_component>
      <object_component id="oc-1fa">
         <name>.const:.string:$P$T12$13</name>
         <load_address>0x2000c11a</load_address>
         <run_address>0x2000c11a</run_address>
         <size>0xa</size>
         <input_file_ref idref="fl-5"/>
      </object_component>
      <object_component id="oc-110">
         <name>.const:.string:$P$T5$6</name>
         <load_address>0x2000c124</load_address>
         <run_address>0x2000c124</run_address>
         <size>0x9</size>
         <input_file_ref idref="fl-5"/>
      </object_component>
      <object_component id="oc-1fd">
         <name>.const:.string:$P$T13$14</name>
         <load_address>0x2000c12d</load_address>
         <run_address>0x2000c12d</run_address>
         <size>0x5</size>
         <input_file_ref idref="fl-5"/>
      </object_component>
      <object_component id="oc-5ee">
         <name>.cinit..data.load</name>
         <load_address>0x2000c138</load_address>
         <run_address>0x2000c138</run_address>
         <size>0x96</size>
      </object_component>
      <object_component id="oc-5ec">
         <name>__TI_handler_table</name>
         <load_address>0x2000c1d0</load_address>
         <run_address>0x2000c1d0</run_address>
         <size>0xc</size>
      </object_component>
      <object_component id="oc-5ef">
         <name>.cinit..bss.load</name>
         <load_address>0x2000c1e0</load_address>
         <run_address>0x2000c1e0</run_address>
         <size>0x8</size>
      </object_component>
      <object_component id="oc-5ed">
         <name>__TI_cinit_table</name>
         <load_address>0x2000c1e8</load_address>
         <run_address>0x2000c1e8</run_address>
         <size>0x10</size>
      </object_component>
      <object_component id="oc-2e5">
         <name>.data</name>
         <load_address>0x20017a04</load_address>
         <run_address>0x20017a04</run_address>
         <size>0x15</size>
         <input_file_ref idref="fl-2"/>
      </object_component>
      <object_component id="oc-de">
         <name>.data</name>
         <load_address>0x200179c0</load_address>
         <run_address>0x200179c0</run_address>
         <size>0x44</size>
         <input_file_ref idref="fl-5"/>
      </object_component>
      <object_component id="oc-199">
         <name>.data:_ftable</name>
         <load_address>0x20017800</load_address>
         <run_address>0x20017800</run_address>
         <size>0xf0</size>
         <input_file_ref idref="fl-ca"/>
      </object_component>
      <object_component id="oc-4f8">
         <name>.data</name>
         <load_address>0x20017a1c</load_address>
         <run_address>0x20017a1c</run_address>
         <size>0x10</size>
         <input_file_ref idref="fl-ca"/>
      </object_component>
      <object_component id="oc-b0">
         <name>.data:$O1$$</name>
         <load_address>0x20017a2c</load_address>
         <run_address>0x20017a2c</run_address>
         <size>0xc</size>
         <input_file_ref idref="fl-cb"/>
      </object_component>
      <object_component id="oc-509">
         <name>.data:$O1$$</name>
         <load_address>0x200178f0</load_address>
         <run_address>0x200178f0</run_address>
         <size>0xd0</size>
         <input_file_ref idref="fl-d3"/>
      </object_component>
      <object_component id="oc-3fa">
         <name>.data:$O1$$</name>
         <load_address>0x20017a38</load_address>
         <run_address>0x20017a38</run_address>
         <size>0xc</size>
         <input_file_ref idref="fl-d7"/>
      </object_component>
      <object_component id="oc-77">
         <name>.data</name>
         <load_address>0x20017a54</load_address>
         <run_address>0x20017a54</run_address>
         <size>0x4</size>
         <input_file_ref idref="fl-dd"/>
      </object_component>
      <object_component id="oc-b3">
         <name>.data:$O1$$</name>
         <load_address>0x20017a44</load_address>
         <run_address>0x20017a44</run_address>
         <size>0x8</size>
         <input_file_ref idref="fl-e9"/>
      </object_component>
      <object_component id="oc-52f">
         <name>.data</name>
         <load_address>0x20017a4c</load_address>
         <run_address>0x20017a4c</run_address>
         <size>0x4</size>
         <input_file_ref idref="fl-fd"/>
      </object_component>
      <object_component id="oc-59e">
         <name>.data</name>
         <load_address>0x20017a50</load_address>
         <run_address>0x20017a50</run_address>
         <size>0x4</size>
         <input_file_ref idref="fl-fe"/>
      </object_component>
      <object_component id="oc-1f7">
         <name>.bss</name>
         <uninitialized>true</uninitialized>
         <run_address>0x20017c88</run_address>
         <size>0x4</size>
         <input_file_ref idref="fl-5"/>
      </object_component>
      <object_component id="oc-274">
         <name>.bss</name>
         <uninitialized>true</uninitialized>
         <run_address>0x20017c8c</run_address>
         <size>0x4</size>
         <input_file_ref idref="fl-b"/>
      </object_component>
      <object_component id="oc-5ad">
         <name>.bss:parmbuf</name>
         <uninitialized>true</uninitialized>
         <run_address>0x20017c68</run_address>
         <size>0x8</size>
         <input_file_ref idref="fl-e3"/>
      </object_component>
      <object_component id="oc-5be">
         <name>.bss:_CIOBUF_</name>
         <uninitialized>true</uninitialized>
         <run_address>0x20017a58</run_address>
         <size>0x120</size>
         <input_file_ref idref="fl-e4"/>
      </object_component>
      <object_component id="oc-109">
         <name>.common:g_time</name>
         <uninitialized>true</uninitialized>
         <run_address>0x20017c18</run_address>
         <size>0x2c</size>
      </object_component>
      <object_component id="oc-e1">
         <name>.common:g_ucConnectionSSID</name>
         <uninitialized>true</uninitialized>
         <run_address>0x20017c44</run_address>
         <size>0x24</size>
      </object_component>
      <object_component id="oc-e4">
         <name>.common:g_ucConnectionBSSID</name>
         <uninitialized>true</uninitialized>
         <run_address>0x20017c80</run_address>
         <size>0x8</size>
      </object_component>
      <object_component id="oc-197">
         <name>.common:xRetVal</name>
         <uninitialized>true</uninitialized>
         <run_address>0x20017c94</run_address>
         <size>0x4</size>
      </object_component>
      <object_component id="oc-19c">
         <name>.common:yRetVal</name>
         <uninitialized>true</uninitialized>
         <run_address>0x20017c98</run_address>
         <size>0x4</size>
      </object_component>
      <object_component id="oc-198">
         <name>.common:x_RdDataBuf</name>
         <uninitialized>true</uninitialized>
         <run_address>0x20017c9c</run_address>
         <size>0x1</size>
      </object_component>
      <object_component id="oc-19d">
         <name>.common:y_RdDataBuf</name>
         <uninitialized>true</uninitialized>
         <run_address>0x20017c9d</run_address>
         <size>0x1</size>
      </object_component>
      <object_component id="oc-196">
         <name>.common:delta</name>
         <uninitialized>true</uninitialized>
         <run_address>0x20017c70</run_address>
         <size>0x8</size>
      </object_component>
      <object_component id="oc-147">
         <name>.common:delta_us</name>
         <uninitialized>true</uninitialized>
         <run_address>0x20017c78</run_address>
         <size>0x8</size>
      </object_component>
      <object_component id="oc-11e">
         <name>.common:password</name>
         <uninitialized>true</uninitialized>
         <run_address>0x20017c90</run_address>
         <size>0x4</size>
      </object_component>
      <object_component id="oc-5b9">
         <name>.common:__TI_tmpnams</name>
         <uninitialized>true</uninitialized>
         <run_address>0x20017b78</run_address>
         <size>0xa0</size>
      </object_component>
      <object_component id="oc-2a">
         <name>.sysmem</name>
         <uninitialized>true</uninitialized>
         <run_address>0x20017000</run_address>
         <size>0x8</size>
         <input_file_ref idref="fl-d7"/>
      </object_component>
      <object_component id="oc-5f1">
         <name>.sysmem</name>
         <uninitialized>true</uninitialized>
         <run_address>0x20017000</run_address>
         <size>0x0</size>
      </object_component>
      <object_component id="oc-29">
         <name>.stack</name>
         <uninitialized>true</uninitialized>
         <run_address>0x2002f800</run_address>
         <size>0x0</size>
         <input_file_ref idref="fl-c6"/>
      </object_component>
      <object_component id="oc-5f0">
         <name>.stack</name>
         <uninitialized>true</uninitialized>
         <run_address>0x2002f800</run_address>
         <size>0x0</size>
      </object_component>
      <object_component id="oc-2e9">
         <name>.debug_info</name>
         <load_address>0x0</load_address>
         <run_address>0x0</run_address>
         <size>0x1d6</size>
         <input_file_ref idref="fl-2"/>
      </object_component>
      <object_component id="oc-2e3">
         <name>.debug_info</name>
         <load_address>0x1d6</load_address>
         <run_address>0x1d6</run_address>
         <size>0xdb</size>
         <input_file_ref idref="fl-2"/>
      </object_component>
      <object_component id="oc-2e6">
         <name>.debug_info</name>
         <load_address>0x2b1</load_address>
         <run_address>0x2b1</run_address>
         <size>0x189</size>
         <input_file_ref idref="fl-2"/>
      </object_component>
      <object_component id="oc-118">
         <name>.debug_info</name>
         <load_address>0x43a</load_address>
         <run_address>0x43a</run_address>
         <size>0x14e5</size>
         <input_file_ref idref="fl-2"/>
      </object_component>
      <object_component id="oc-3c">
         <name>.debug_info</name>
         <load_address>0x191f</load_address>
         <run_address>0x191f</run_address>
         <size>0x84</size>
         <input_file_ref idref="fl-2"/>
      </object_component>
      <object_component id="oc-3a5">
         <name>.debug_info</name>
         <load_address>0x19a3</load_address>
         <run_address>0x19a3</run_address>
         <size>0x1b8</size>
         <input_file_ref idref="fl-3"/>
      </object_component>
      <object_component id="oc-1ce">
         <name>.debug_info</name>
         <load_address>0x1b5b</load_address>
         <run_address>0x1b5b</run_address>
         <size>0xe62</size>
         <input_file_ref idref="fl-3"/>
      </object_component>
      <object_component id="oc-49f">
         <name>.debug_info</name>
         <load_address>0x29bd</load_address>
         <run_address>0x29bd</run_address>
         <size>0x62</size>
         <input_file_ref idref="fl-3"/>
      </object_component>
      <object_component id="oc-29c">
         <name>.debug_info</name>
         <load_address>0x2a1f</load_address>
         <run_address>0x2a1f</run_address>
         <size>0x2c</size>
         <input_file_ref idref="fl-3"/>
      </object_component>
      <object_component id="oc-91">
         <name>.debug_info</name>
         <load_address>0x2a4b</load_address>
         <run_address>0x2a4b</run_address>
         <size>0x2c</size>
         <input_file_ref idref="fl-3"/>
      </object_component>
      <object_component id="oc-326">
         <name>.debug_info</name>
         <load_address>0x2a77</load_address>
         <run_address>0x2a77</run_address>
         <size>0x402</size>
         <input_file_ref idref="fl-4"/>
      </object_component>
      <object_component id="oc-13c">
         <name>.debug_info</name>
         <load_address>0x2e79</load_address>
         <run_address>0x2e79</run_address>
         <size>0xb78</size>
         <input_file_ref idref="fl-4"/>
      </object_component>
      <object_component id="oc-27e">
         <name>.debug_info</name>
         <load_address>0x39f1</load_address>
         <run_address>0x39f1</run_address>
         <size>0x110</size>
         <input_file_ref idref="fl-4"/>
      </object_component>
      <object_component id="oc-20b">
         <name>.debug_info</name>
         <load_address>0x3b01</load_address>
         <run_address>0x3b01</run_address>
         <size>0x8b</size>
         <input_file_ref idref="fl-4"/>
      </object_component>
      <object_component id="oc-224">
         <name>.debug_info</name>
         <load_address>0x3b8c</load_address>
         <run_address>0x3b8c</run_address>
         <size>0x18b</size>
         <input_file_ref idref="fl-4"/>
      </object_component>
      <object_component id="oc-e2">
         <name>.debug_info</name>
         <load_address>0x3d17</load_address>
         <run_address>0x3d17</run_address>
         <size>0x15a8</size>
         <input_file_ref idref="fl-5"/>
      </object_component>
      <object_component id="oc-df">
         <name>.debug_info</name>
         <load_address>0x52bf</load_address>
         <run_address>0x52bf</run_address>
         <size>0x3ab</size>
         <input_file_ref idref="fl-5"/>
      </object_component>
      <object_component id="oc-1f8">
         <name>.debug_info</name>
         <load_address>0x566a</load_address>
         <run_address>0x566a</run_address>
         <size>0xdb</size>
         <input_file_ref idref="fl-5"/>
      </object_component>
      <object_component id="oc-e6">
         <name>.debug_info</name>
         <load_address>0x5745</load_address>
         <run_address>0x5745</run_address>
         <size>0xda</size>
         <input_file_ref idref="fl-5"/>
      </object_component>
      <object_component id="oc-e9">
         <name>.debug_info</name>
         <load_address>0x581f</load_address>
         <run_address>0x581f</run_address>
         <size>0xda</size>
         <input_file_ref idref="fl-5"/>
      </object_component>
      <object_component id="oc-106">
         <name>.debug_info</name>
         <load_address>0x58f9</load_address>
         <run_address>0x58f9</run_address>
         <size>0xda</size>
         <input_file_ref idref="fl-5"/>
      </object_component>
      <object_component id="oc-19f">
         <name>.debug_info</name>
         <load_address>0x59d3</load_address>
         <run_address>0x59d3</run_address>
         <size>0xda</size>
         <input_file_ref idref="fl-5"/>
      </object_component>
      <object_component id="oc-1a2">
         <name>.debug_info</name>
         <load_address>0x5aad</load_address>
         <run_address>0x5aad</run_address>
         <size>0xda</size>
         <input_file_ref idref="fl-5"/>
      </object_component>
      <object_component id="oc-1a5">
         <name>.debug_info</name>
         <load_address>0x5b87</load_address>
         <run_address>0x5b87</run_address>
         <size>0xdc</size>
         <input_file_ref idref="fl-5"/>
      </object_component>
      <object_component id="oc-1a8">
         <name>.debug_info</name>
         <load_address>0x5c63</load_address>
         <run_address>0x5c63</run_address>
         <size>0xde</size>
         <input_file_ref idref="fl-5"/>
      </object_component>
      <object_component id="oc-1c9">
         <name>.debug_info</name>
         <load_address>0x5d41</load_address>
         <run_address>0x5d41</run_address>
         <size>0xde</size>
         <input_file_ref idref="fl-5"/>
      </object_component>
      <object_component id="oc-1fb">
         <name>.debug_info</name>
         <load_address>0x5e1f</load_address>
         <run_address>0x5e1f</run_address>
         <size>0xde</size>
         <input_file_ref idref="fl-5"/>
      </object_component>
      <object_component id="oc-a9">
         <name>.debug_info</name>
         <load_address>0x5efd</load_address>
         <run_address>0x5efd</run_address>
         <size>0x2387</size>
         <input_file_ref idref="fl-5"/>
      </object_component>
      <object_component id="oc-210">
         <name>.debug_info</name>
         <load_address>0x8284</load_address>
         <run_address>0x8284</run_address>
         <size>0x46a</size>
         <input_file_ref idref="fl-5"/>
      </object_component>
      <object_component id="oc-402">
         <name>.debug_info</name>
         <load_address>0x86ee</load_address>
         <run_address>0x86ee</run_address>
         <size>0x92</size>
         <input_file_ref idref="fl-5"/>
      </object_component>
      <object_component id="oc-21f">
         <name>.debug_info</name>
         <load_address>0x8780</load_address>
         <run_address>0x8780</run_address>
         <size>0x87f</size>
         <input_file_ref idref="fl-5"/>
      </object_component>
      <object_component id="oc-28d">
         <name>.debug_info</name>
         <load_address>0x8fff</load_address>
         <run_address>0x8fff</run_address>
         <size>0x611</size>
         <input_file_ref idref="fl-5"/>
      </object_component>
      <object_component id="oc-21a">
         <name>.debug_info</name>
         <load_address>0x9610</load_address>
         <run_address>0x9610</run_address>
         <size>0x93f</size>
         <input_file_ref idref="fl-5"/>
      </object_component>
      <object_component id="oc-297">
         <name>.debug_info</name>
         <load_address>0x9f4f</load_address>
         <run_address>0x9f4f</run_address>
         <size>0x129</size>
         <input_file_ref idref="fl-5"/>
      </object_component>
      <object_component id="oc-288">
         <name>.debug_info</name>
         <load_address>0xa078</load_address>
         <run_address>0xa078</run_address>
         <size>0xc8</size>
         <input_file_ref idref="fl-5"/>
      </object_component>
      <object_component id="oc-292">
         <name>.debug_info</name>
         <load_address>0xa140</load_address>
         <run_address>0xa140</run_address>
[...]
      </symbol>
      <symbol id="sm-962">
         <name>copy_in</name>
         <value>0x2000acfd</value>
         <object_component_ref idref="oc-9a"/>
      </symbol>
      <symbol id="sm-96d">
         <name>_ctypes_</name>
         <value>0x2000bbef</value>
         <object_component_ref idref="oc-536"/>
      </symbol>
      <symbol id="sm-984">
         <name>__aeabi_dsub</name>
         <value>0x20009259</value>
         <object_component_ref idref="oc-44c"/>
      </symbol>
      <symbol id="sm-985">
         <name>__aeabi_dadd</name>
         <value>0x20009263</value>
         <object_component_ref idref="oc-44c"/>
      </symbol>
      <symbol id="sm-999">
         <name>__aeabi_ddiv</name>
         <value>0x20009859</value>
         <object_component_ref idref="oc-437"/>
      </symbol>
      <symbol id="sm-9a4">
         <name>__aeabi_dmul</name>
         <value>0x20009ac5</value>
         <object_component_ref idref="oc-432"/>
      </symbol>
      <symbol id="sm-9ae">
         <name>__aeabi_d2iz</name>
         <value>0x2000ad91</value>
         <object_component_ref idref="oc-43c"/>
      </symbol>
      <symbol id="sm-9c8">
         <name>__TI_doflush</name>
         <value>0x20009d6d</value>
         <object_component_ref idref="oc-417"/>
      </symbol>
      <symbol id="sm-9c9">
         <name>fflush</name>
         <value>0x20009db9</value>
         <object_component_ref idref="oc-417"/>
      </symbol>
      <symbol id="sm-9db">
         <name>fseek</name>
         <value>0x2000aa39</value>
         <object_component_ref idref="oc-4ea"/>
      </symbol>
      <symbol id="sm-9e5">
         <name>__aeabi_i2d</name>
         <value>0x2000b04d</value>
         <object_component_ref idref="oc-447"/>
      </symbol>
      <symbol id="sm-9f4">
         <name>ltoa</name>
         <value>0x2000abb1</value>
         <object_component_ref idref="oc-441"/>
      </symbol>
      <symbol id="sm-a04">
         <name>memccpy</name>
         <value>0x2000b3e9</value>
         <object_component_ref idref="oc-469"/>
      </symbol>
      <symbol id="sm-a1f">
         <name>frexpl</name>
         <value>0x2000aafd</value>
         <object_component_ref idref="oc-451"/>
      </symbol>
      <symbol id="sm-a20">
         <name>frexp</name>
         <value>0x2000aafd</value>
         <object_component_ref idref="oc-451"/>
      </symbol>
      <symbol id="sm-a3e">
         <name>scalbn</name>
         <value>0x20009c9d</value>
         <object_component_ref idref="oc-457"/>
      </symbol>
      <symbol id="sm-a3f">
         <name>scalbnl</name>
         <value>0x20009c9d</value>
         <object_component_ref idref="oc-457"/>
      </symbol>
      <symbol id="sm-a40">
         <name>ldexpl</name>
         <value>0x20009c9d</value>
         <object_component_ref idref="oc-457"/>
      </symbol>
      <symbol id="sm-a41">
         <name>ldexp</name>
         <value>0x20009c9d</value>
         <object_component_ref idref="oc-457"/>
      </symbol>
      <symbol id="sm-a5d">
         <name>setvbuf</name>
         <value>0x20009bc1</value>
         <object_component_ref idref="oc-4f0"/>
      </symbol>
      <symbol id="sm-a67">
         <name>_system_post_cinit</name>
         <value>0x2000940f</value>
         <object_component_ref idref="oc-a0"/>
      </symbol>
      <symbol id="sm-a6f">
         <name>errno</name>
         <value>0x20017a4c</value>
         <object_component_ref idref="oc-52f"/>
      </symbol>
      <symbol id="sm-aa1">
         <name>__TI_cleanup</name>
         <value>0x2000915d</value>
         <object_component_ref idref="oc-559"/>
      </symbol>
      <symbol id="sm-aa2">
         <name>freopen</name>
         <value>0x20009189</value>
         <object_component_ref idref="oc-559"/>
      </symbol>
      <symbol id="sm-aa3">
         <name>fopen</name>
         <value>0x200091b3</value>
         <object_component_ref idref="oc-559"/>
      </symbol>
      <symbol id="sm-aad">
         <name>copysign</name>
         <value>0x2000b6e3</value>
         <object_component_ref idref="oc-529"/>
      </symbol>
      <symbol id="sm-aae">
         <name>copysignl</name>
         <value>0x2000b6e3</value>
         <object_component_ref idref="oc-529"/>
      </symbol>
      <symbol id="sm-ac4">
         <name>__TI_closefile</name>
         <value>0x2000a16d</value>
         <object_component_ref idref="oc-598"/>
      </symbol>
      <symbol id="sm-ac5">
         <name>fclose</name>
         <value>0x2000a1d3</value>
         <object_component_ref idref="oc-598"/>
      </symbol>
      <symbol id="sm-b1e">
         <name>GPIOIntRegister</name>
         <value>0x2000b2a5</value>
         <object_component_ref idref="oc-16c"/>
      </symbol>
      <symbol id="sm-b1f">
         <name>GPIOIntEnable</name>
         <value>0x2000b405</value>
         <object_component_ref idref="oc-178"/>
      </symbol>
      <symbol id="sm-b20">
         <name>GPIOIntTypeSet</name>
         <value>0x2000a5d1</value>
         <object_component_ref idref="oc-172"/>
      </symbol>
      <symbol id="sm-b21">
         <name>GPIOIntClear</name>
         <value>0x2000b5c7</value>
         <object_component_ref idref="oc-125"/>
      </symbol>
      <symbol id="sm-b22">
         <name>GPIOIntStatus</name>
         <value>0x2000b1bd</value>
         <object_component_ref idref="oc-11f"/>
      </symbol>
      <symbol id="sm-b23">
         <name>GPIODirModeSet</name>
         <value>0x2000af49</value>
         <object_component_ref idref="oc-3b8"/>
      </symbol>
      <symbol id="sm-b24">
         <name>GPIOPinWrite</name>
         <value>0x2000b223</value>
         <object_component_ref idref="oc-386"/>
      </symbol>
      <symbol id="sm-b83">
         <name>I2CMasterDataPut</name>
         <value>0x2000b545</value>
         <object_component_ref idref="oc-313"/>
      </symbol>
      <symbol id="sm-b84">
         <name>I2CMasterInitExpClk</name>
         <value>0x2000a54d</value>
         <object_component_ref idref="oc-31f"/>
      </symbol>
      <symbol id="sm-b85">
         <name>I2CMasterIntClearEx</name>
         <value>0x2000b63f</value>
         <object_component_ref idref="oc-2f5"/>
      </symbol>
      <symbol id="sm-b86">
         <name>I2CMasterSlaveAddrSet</name>
         <value>0x2000b1df</value>
         <object_component_ref idref="oc-30d"/>
      </symbol>
      <symbol id="sm-b87">
         <name>I2CMasterDataGet</name>
         <value>0x2000b695</value>
         <object_component_ref idref="oc-319"/>
      </symbol>
      <symbol id="sm-b88">
         <name>I2CMasterErr</name>
         <value>0x2000b07b</value>
         <object_component_ref idref="oc-307"/>
      </symbol>
      <symbol id="sm-b89">
         <name>I2CMasterTimeoutSet</name>
         <value>0x2000b651</value>
         <object_component_ref idref="oc-2fb"/>
      </symbol>
      <symbol id="sm-b8a">
         <name>I2CMasterControl</name>
         <value>0x2000b62d</value>
         <object_component_ref idref="oc-301"/>
      </symbol>
      <symbol id="sm-b8b">
         <name>I2CMasterEnable</name>
         <value>0x2000b55b</value>
         <object_component_ref idref="oc-490"/>
      </symbol>
      <symbol id="sm-b8c">
         <name>I2CMasterIntStatusEx</name>
         <value>0x2000b2c3</value>
         <object_component_ref idref="oc-2ef"/>
      </symbol>
      <symbol id="sm-c04">
         <name>IntPrioritySet</name>
         <value>0x2000ac09</value>
         <object_component_ref idref="oc-360"/>
      </symbol>
      <symbol id="sm-c05">
         <name>IntVTableBaseSet</name>
         <value>0x2000b5dd</value>
         <object_component_ref idref="oc-ec"/>
      </symbol>
      <symbol id="sm-c06">
         <name>IntEnable</name>
         <value>0x20009f89</value>
         <object_component_ref idref="oc-f8"/>
      </symbol>
      <symbol id="sm-c07">
         <name>IntDisable</name>
         <value>0x20009ee1</value>
         <object_component_ref idref="oc-4b6"/>
      </symbol>
      <symbol id="sm-c08">
         <name>IntRegister</name>
         <value>0x2000b245</value>
         <object_component_ref idref="oc-339"/>
      </symbol>
      <symbol id="sm-c09">
         <name>IntUnregister</name>
         <value>0x2000b151</value>
         <object_component_ref idref="oc-4bc"/>
      </symbol>
      <symbol id="sm-c0a">
         <name>IntMasterEnable</name>
         <value>0x2000b6d9</value>
         <object_component_ref idref="oc-f2"/>
      </symbol>
      <symbol id="sm-c51">
         <name>PinTypeI2C</name>
         <value>0x2000b377</value>
         <object_component_ref idref="oc-3c4"/>
      </symbol>
      <symbol id="sm-c52">
         <name>PinTypeUART</name>
         <value>0x2000b439</value>
         <object_component_ref idref="oc-3ca"/>
      </symbol>
      <symbol id="sm-c53">
         <name>PinTypeGPIO</name>
         <value>0x2000afeb</value>
         <object_component_ref idref="oc-3b2"/>
      </symbol>
      <symbol id="sm-c54">
         <name>PinConfigSet</name>
         <value>0x2000a331</value>
         <object_component_ref idref="oc-4d1"/>
      </symbol>
      <symbol id="sm-c55">
         <name>PinTypeSPI</name>
         <value>0x2000b41f</value>
         <object_component_ref idref="oc-3be"/>
      </symbol>
      <symbol id="sm-c56">
         <name>PinModeSet</name>
         <value>0x2000ae1d</value>
         <object_component_ref idref="oc-3ac"/>
      </symbol>
      <symbol id="sm-cdc">
         <name>PRCMPeripheralReset</name>
         <value>0x2000ab59</value>
         <object_component_ref idref="oc-14e"/>
      </symbol>
      <symbol id="sm-cdd">
         <name>PRCMPeripheralClkEnable</name>
         <value>0x2000ae9d</value>
         <object_component_ref idref="oc-148"/>
      </symbol>
      <symbol id="sm-cde">
         <name>PRCMPeripheralClockGet</name>
         <value>0x2000a29d</value>
         <object_component_ref idref="oc-15a"/>
      </symbol>
      <symbol id="sm-cdf">
         <name>PRCMCC3200MCUInit</name>
         <value>0x200095a9</value>
         <object_component_ref idref="oc-fe"/>
      </symbol>
      <symbol id="sm-ce0">
         <name>PRCMHIBRegWrite</name>
         <value>0x2000b587</value>
         <object_component_ref idref="oc-2bd"/>
      </symbol>
      <symbol id="sm-ce1">
         <name>PRCMSysResetCauseGet</name>
         <value>0x2000b0a9</value>
         <object_component_ref idref="oc-2b1"/>
      </symbol>
      <symbol id="sm-ce2">
         <name>PRCMPeripheralClkDisable</name>
         <value>0x2000b129</value>
         <object_component_ref idref="oc-2c3"/>
      </symbol>
      <symbol id="sm-ce3">
         <name>PRCMHIBRegRead</name>
         <value>0x2000b571</value>
         <object_component_ref idref="oc-2b7"/>
      </symbol>
      <symbol id="sm-d28">
         <name>SPICSEnable</name>
         <value>0x2000b46b</value>
         <object_component_ref idref="oc-38c"/>
      </symbol>
      <symbol id="sm-d29">
         <name>SPIDataPut</name>
         <value>0x2000b2e1</value>
         <object_component_ref idref="oc-392"/>
      </symbol>
      <symbol id="sm-d2a">
         <name>SPIEnable</name>
         <value>0x2000b483</value>
         <object_component_ref idref="oc-166"/>
      </symbol>
      <symbol id="sm-d2b">
         <name>SPIDataGet</name>
         <value>0x2000b265</value>
         <object_component_ref idref="oc-398"/>
      </symbol>
      <symbol id="sm-d2c">
         <name>SPIConfigSetExpClk</name>
         <value>0x2000a031</value>
         <object_component_ref idref="oc-160"/>
      </symbol>
      <symbol id="sm-d2d">
         <name>SPIReset</name>
         <value>0x2000b201</value>
         <object_component_ref idref="oc-154"/>
      </symbol>
      <symbol id="sm-d2e">
         <name>SPICSDisable</name>
         <value>0x2000b453</value>
         <object_component_ref idref="oc-39e"/>
      </symbol>
      <symbol id="sm-d65">
         <name>SysTickEnable</name>
         <value>0x2000b675</value>
         <object_component_ref idref="oc-190"/>
      </symbol>
      <symbol id="sm-d66">
         <name>SysTickIntRegister</name>
         <value>0x2000b395</value>
         <object_component_ref idref="oc-184"/>
      </symbol>
      <symbol id="sm-d67">
         <name>SysTickIntEnable</name>
         <value>0x2000b685</value>
         <object_component_ref idref="oc-18a"/>
      </symbol>
      <symbol id="sm-d68">
         <name>SysTickValueGet</name>
         <value>0x2000b6c1</value>
         <object_component_ref idref="oc-12b"/>
      </symbol>
      <symbol id="sm-d69">
         <name>SysTickPeriodSet</name>
         <value>0x2000b49d</value>
         <object_component_ref idref="oc-17e"/>
      </symbol>
      <symbol id="sm-ded">
         <name>TimerLoadSet</name>
         <value>0x2000b0d5</value>
         <object_component_ref idref="oc-1b0"/>
      </symbol>
      <symbol id="sm-dee">
         <name>TimerDisable</name>
         <value>0x2000b2ff</value>
         <object_component_ref idref="oc-1eb"/>
      </symbol>
      <symbol id="sm-def">
         <name>TimerIntRegister</name>
         <value>0x2000a745</value>
         <object_component_ref idref="oc-366"/>
      </symbol>
      <symbol id="sm-df0">
         <name>TimerEnable</name>
         <value>0x2000b31d</value>
         <object_component_ref idref="oc-1c2"/>
      </symbol>
      <symbol id="sm-df1">
         <name>TimerIntUnregister</name>
         <value>0x2000a901</value>
         <object_component_ref idref="oc-378"/>
      </symbol>
      <symbol id="sm-df2">
         <name>TimerIntStatus</name>
         <value>0x2000b33b</value>
         <object_component_ref idref="oc-1b6"/>
      </symbol>
      <symbol id="sm-df3">
         <name>TimerIntDisable</name>
         <value>0x2000b4b5</value>
         <object_component_ref idref="oc-372"/>
      </symbol>
      <symbol id="sm-df4">
         <name>TimerValueGet</name>
         <value>0x2000b3b1</value>
         <object_component_ref idref="oc-1db"/>
      </symbol>
      <symbol id="sm-df5">
         <name>TimerPrescaleSet</name>
         <value>0x2000b0ff</value>
         <object_component_ref idref="oc-35a"/>
      </symbol>
      <symbol id="sm-df6">
         <name>TimerIntEnable</name>
         <value>0x2000b4cd</value>
         <object_component_ref idref="oc-36c"/>
      </symbol>
      <symbol id="sm-df7">
         <name>TimerConfigure</name>
         <value>0x2000add9</value>
         <object_component_ref idref="oc-354"/>
      </symbol>
      <symbol id="sm-df8">
         <name>TimerIntClear</name>
         <value>0x2000b663</value>
         <object_component_ref idref="oc-1bc"/>
      </symbol>
      <symbol id="sm-e34">
         <name>UARTConfigSetExpClk</name>
         <value>0x2000a6cd</value>
         <object_component_ref idref="oc-24a"/>
      </symbol>
      <symbol id="sm-e35">
         <name>UARTDisable</name>
         <value>0x2000b01d</value>
         <object_component_ref idref="oc-3dc"/>
      </symbol>
      <symbol id="sm-e36">
         <name>UARTCharsAvail</name>
         <value>0x2000b4e5</value>
         <object_component_ref idref="oc-25c"/>
      </symbol>
      <symbol id="sm-e37">
         <name>UARTCharGetNonBlocking</name>
         <value>0x2000b3cd</value>
         <object_component_ref idref="oc-262"/>
      </symbol>
      <symbol id="sm-e38">
         <name>UARTCharPut</name>
         <value>0x2000b359</value>
         <object_component_ref idref="oc-250"/>
      </symbol>
      <symbol id="sm-e39">
         <name>UARTEnable</name>
         <value>0x2000b175</value>
         <object_component_ref idref="oc-3e2"/>
      </symbol>
      <symbol id="sm-e3d">
         <name>UtilsDelay</name>
         <value>0x2000b6eb</value>
         <object_component_ref idref="oc-104"/>
      </symbol>
      <symbol id="sm-e47">
         <name>CPUcpsie</name>
         <value>0x2000b5b3</value>
         <object_component_ref idref="oc-2a6"/>
      </symbol>
      <symbol id="sm-e49">
         <name>__TI_static_base__</name>
         <value>0x2000c138</value>
      </symbol>
      <symbol id="sm-e4c">
         <name>sl_Start</name>
         <value>0x0</value>
      </symbol>
      <symbol id="sm-e4d">
         <name>_SlNonOsMainLoopTask</name>
         <value>0x0</value>
      </symbol>
      <symbol id="sm-e4e">
         <name>sl_WlanSetMode</name>
         <value>0x0</value>
      </symbol>
      <symbol id="sm-e4f">
         <name>sl_Stop</name>
         <value>0x0</value>
      </symbol>
      <symbol id="sm-e50">
         <name>sl_DevGet</name>
         <value>0x0</value>
      </symbol>
      <symbol id="sm-e51">
         <name>sl_WlanPolicySet</name>
         <value>0x0</value>
      </symbol>
      <symbol id="sm-e52">
         <name>sl_WlanProfileDel</name>
         <value>0x0</value>
      </symbol>
      <symbol id="sm-e53">
         <name>sl_WlanDisconnect</name>
         <value>0x0</value>
      </symbol>
      <symbol id="sm-e54">
         <name>sl_NetCfgSet</name>
         <value>0x0</value>
      </symbol>
      <symbol id="sm-e55">
         <name>sl_WlanSet</name>
         <value>0x0</value>
      </symbol>
      <symbol id="sm-e56">
         <name>sl_NetAppMDNSUnRegisterService</name>
         <value>0x0</value>
      </symbol>
      <symbol id="sm-e57">
         <name>sl_WlanRxFilterSet</name>
         <value>0x0</value>
      </symbol>
      <symbol id="sm-e58">
         <name>sl_WlanConnect</name>
         <value>0x0</value>
      </symbol>
      <symbol id="sm-e59">
         <name>GPIO_IF_LedOff</name>
         <value>0x0</value>
      </symbol>
      <symbol id="sm-e5a">
         <name>GPIO_IF_LedOn</name>
         <value>0x0</value>
      </symbol>
      <symbol id="sm-e5b">
         <name>sl_DevSet</name>
         <value>0x0</value>
      </symbol>
      <symbol id="sm-e5c">
         <name>sl_NetAppDnsGetHostByName</name>
         <value>0x0</value>
      </symbol>
      <symbol id="sm-e5d">
         <name>sl_Htons</name>
         <value>0x0</value>
      </symbol>
      <symbol id="sm-e5e">
         <name>sl_Htonl</name>
         <value>0x0</value>
      </symbol>
      <symbol id="sm-e5f">
         <name>sl_Socket</name>
         <value>0x0</value>
      </symbol>
      <symbol id="sm-e60">
         <name>sl_SetSockOpt</name>
         <value>0x0</value>
      </symbol>
      <symbol id="sm-e61">
         <name>sl_Connect</name>
         <value>0x0</value>
      </symbol>
      <symbol id="sm-e62">
         <name>GPIO_IF_LedConfigure</name>
         <value>0x0</value>
      </symbol>
      <symbol id="sm-e63">
         <name>sl_Send</name>
         <value>0x0</value>
      </symbol>
      <symbol id="sm-e64">
         <name>sl_Close</name>
         <value>0x0</value>
      </symbol>
      <symbol id="sm-e65">
         <name>sl_Recv</name>
         <value>0x0</value>
      </symbol>
      <symbol id="sm-e66">
         <name>SHT$$INIT_ARRAY$$Limit</name>
         <value>0x0</value>
      </symbol>
      <symbol id="sm-e67">
         <name>SHT$$INIT_ARRAY$$Base</name>
         <value>0x0</value>
      </symbol>
      <symbol id="sm-e68">
         <name>remove</name>
         <value>0x20008721</value>
      </symbol>
   </symbol_table>
   <title>Link errors: red sections failed placement</title>
</link_info>
