******************************************************************************
                  TI ARM Linker PC v16.9.0                     
******************************************************************************
>> Linked Thu Jun 01 15:53:55 2023

OUTPUT FILE NAME:   <lab2_spi.out>
ENTRY POINT SYMBOL: "_c_int00"  address: 200094b5


MEMORY CONFIGURATION

         name            origin    length      used     unused   attr    fill
----------------------  --------  ---------  --------  --------  ----  --------
  SRAM_CODE             20004000   00013000  00006250  0000cdb0  RW X
  SRAM_DATA             20017000   00019000  000013e0  00017c20  RW X


SEGMENT ALLOCATION MAP

run origin  load origin   length   init length attrs members
----------  ----------- ---------- ----------- ----- -------
20004000    20004000    00006250   00006250    r-x
  20004000    20004000    00000400   00000400    r-- .intvecs
  20004400    20004400    00005584   00005584    r-x .text
  20009984    20009984    00000824   00000824    r-- .const
  2000a1a8    2000a1a8    000000a8   000000a8    r-- .cinit
20017000    20017000    00000be0   00000000    rw-
  20017000    20017000    00000800   00000000    rw- .sysmem
  20017800    20017800    00000218   00000000    rw- .data
  20017a18    20017a18    000001c8   00000000    rw- .bss
2002f800    2002f800    00000800   00000000    rw-
  2002f800    2002f800    00000800   00000000    rw- .stack


SECTION ALLOCATION MAP

 output                                  attributes/
section   page    origin      length       input sections
--------  ----  ----------  ----------   ----------------
.intvecs   0    20004000    00000400     
                  20004000    00000400     startup_ccs.obj (.intvecs)

.init_array 
*          0    20004000    00000000     UNINITIALIZED

.text      0    20004400    00005584     
                  20004400    0000111e     rtsv7M4_T_le_eabi.lib : _printfi.obj (.text)
                  2000551e    00000002                           : mpu_init.obj (.text)
                  20005520    00000a80     Adafruit_GFX.obj (.text)
                  20005fa0    00000712     test.obj (.text)
                  200066b2    00000002     rtsv7M4_T_le_eabi.lib : startup.obj (.text)
                  200066b4    000004a6     Adafruit_OLED.obj (.text)
                  20006b5a    00000002     --HOLE-- [fill = 0]
                  20006b5c    000003d0     rtsv7M4_T_le_eabi.lib : memory.obj (.text)
                  20006f2c    00000324                           : trgdrv.obj (.text)
                  20007250    0000030c                           : lowlev.obj (.text)
                  2000755c    00000304     main.obj (.text)
                  20007860    00000284     i2c_if.obj (.text)
                  20007ae4    000001f4     rtsv7M4_T_le_eabi.lib : ull_div_t2.obj (.text)
                  20007cd8    000001c4                           : fopen.obj (.text)
                  20007e9c    000001b6                           : fd_add_t2.obj (.text)
                  20008052    00000002     --HOLE-- [fill = 0]
                  20008054    00000178     driverlib.a : prcm.obj (.text:PRCMCC3200MCUInit)
                  200081cc    00000136     rtsv7M4_T_le_eabi.lib : fd_div_t2.obj (.text)
                  20008302    00000002     --HOLE-- [fill = 0]
                  20008304    00000134                           : fputs.obj (.text)
                  20008438    00000124     pin_mux_config.obj (.text)
                  2000855c    000000fc     rtsv7M4_T_le_eabi.lib : fd_mul_t2.obj (.text)
                  20008658    000000dc                           : setvbuf.obj (.text)
                  20008734    000000d0                           : s_scalbn.obj (.text)
                  20008804    000000c8                           : fflush.obj (.text)
                  200088cc    000000ac                           : _io_perm.obj (.text)
                  20008978    000000a8     driverlib.a : interrupt.obj (.text:IntEnable)
                  20008a20    000000a0                 : spi.obj (.text:SPIConfigSetExpClk)
                  20008ac0    0000009c     rtsv7M4_T_le_eabi.lib : memcpy_t2.obj (.text)
                  20008b5c    00000098                           : fclose.obj (.text)
                  20008bf4    00000098                           : fputc.obj (.text)
                  20008c8c    00000094     driverlib.a : prcm.obj (.text:PRCMPeripheralClockGet)
                  20008d20    00000088                 : pin.obj (.text:PinConfigSet)
                  20008da8    00000086     rtsv7M4_T_le_eabi.lib : fd_cmp_t2.obj (.text:__aeabi_cdcmple)
                  20008e2e    00000086                           : fd_cmp_t2.obj (.text:__aeabi_cdrcmple)
                  20008eb4    00000084     driverlib.a : i2c.obj (.text:I2CMasterInitExpClk)
                  20008f38    0000007a     rtsv7M4_T_le_eabi.lib : memset_t2.obj (.text)
                  20008fb2    00000002     --HOLE-- [fill = 0]
                  20008fb4    00000070                           : autoinit.obj (.text)
                  20009024    00000070                           : printf.obj (.text)
                  20009094    0000006c                           : fprintf.obj (.text)
                  20009100    00000068                           : copy_decompress_lzss.obj (.text:decompress:lzss)
                  20009168    00000068                           : trgmsg.obj (.text)
                  200091d0    00000064                           : fseek.obj (.text)
                  20009234    0000005c                           : s_frexp.obj (.text)
                  20009290    00000058     driverlib.a : prcm.obj (.text:PRCMPeripheralReset)
                  200092e8    00000056     rtsv7M4_T_le_eabi.lib : ltoa.obj (.text)
                  2000933e    00000002     --HOLE-- [fill = 0]
                  20009340    00000054                           : exit.obj (.text)
                  20009394    0000004c                           : atoi.obj (.text)
                  200093e0    0000004c                           : cpy_tbl.obj (.text)
                  2000942c    00000048                           : fd_toi_t2.obj (.text)
                  20009474    00000040     driverlib.a : pin.obj (.text:PinModeSet)
                  200094b4    00000040     rtsv7M4_T_le_eabi.lib : boot.obj (.text)
                  200094f4    0000003c     driverlib.a : prcm.obj (.text:PRCMPeripheralClkEnable)
                  20009530    00000036                 : gpio.obj (.text:GPIODirModeSet)
                  20009566    00000036     rtsv7M4_T_le_eabi.lib : strncpy.obj (.text)
                  2000959c    00000030     driverlib.a : pin.obj (.text:PinTypeGPIO)
                  200095cc    0000002e     rtsv7M4_T_le_eabi.lib : i_tofd_t2.obj (.text)
                  200095fa    0000002c     driverlib.a : i2c.obj (.text:I2CMasterErr)
                  20009626    00000002     --HOLE-- [fill = 0]
                  20009628    0000002c                 : prcm.obj (.text:PRCMSysResetCauseGet)
                  20009654    00000028                 : prcm.obj (.text:PRCMPeripheralClkDisable)
                  2000967c    00000022                 : i2c.obj (.text:I2CMasterSlaveAddrSet)
                  2000969e    00000022                 : spi.obj (.text:SPIReset)
                  200096c0    00000020                 : gpio.obj (.text:GPIOPinWrite)
                  200096e0    00000020                 : spi.obj (.text:SPIDataGet)
                  20009700    00000020     rtsv7M4_T_le_eabi.lib : memchr.obj (.text)
                  20009720    0000001e     driverlib.a : i2c.obj (.text:I2CMasterIntStatusEx)
                  2000973e    0000001e                 : spi.obj (.text:SPIDataPut)
                  2000975c    0000001c                 : pin.obj (.text:PinTypeI2C)
                  20009778    0000001c     rtsv7M4_T_le_eabi.lib : memccpy.obj (.text)
                  20009794    0000001a     driverlib.a : pin.obj (.text:PinTypeSPI)
                  200097ae    00000018                 : spi.obj (.text:SPICSDisable)
                  200097c6    00000018                 : spi.obj (.text:SPICSEnable)
                  200097de    00000018                 : spi.obj (.text:SPIEnable)
                  200097f6    00000002     --HOLE-- [fill = 0]
                  200097f8    00000018     rtsv7M4_T_le_eabi.lib : args_main.obj (.text)
                  20009810    00000018                           : strcmp.obj (.text)
                  20009828    00000016     driverlib.a : i2c.obj (.text:I2CMasterDataPut)
                  2000983e    00000016                 : i2c.obj (.text:I2CMasterEnable)
                  20009854    00000016                 : prcm.obj (.text:PRCMHIBRegRead)
                  2000986a    00000016                 : prcm.obj (.text:PRCMHIBRegWrite)
                  20009880    00000016     rtsv7M4_T_le_eabi.lib : strchr.obj (.text)
                  20009896    00000014     driverlib.a : cpu.obj (.text:CPUcpsie)
                  200098aa    00000002     --HOLE-- [fill = 0]
                  200098ac    00000014                 : interrupt.obj (.text:IntVTableBaseSet)
                  200098c0    00000014     rtsv7M4_T_le_eabi.lib : _lock.obj (.text)
                  200098d4    00000014                           : strcpy.obj (.text)
                  200098e8    00000014                           : strlen.obj (.text)
                  200098fc    00000012     driverlib.a : i2c.obj (.text:I2CMasterControl)
                  2000990e    00000012                 : i2c.obj (.text:I2CMasterIntClearEx)
                  20009920    00000012                 : i2c.obj (.text:I2CMasterTimeoutSet)
                  20009932    0000000e                 : i2c.obj (.text:I2CMasterDataGet)
                  20009940    0000000e     rtsv7M4_T_le_eabi.lib : copy_decompress_none.obj (.text:decompress:none)
                  2000994e    0000000e     startup_ccs.obj (.text)
                  2000995c    0000000c     rtsv7M4_T_le_eabi.lib : copy_zero_init.obj (.text:decompress:ZI)
                  20009968    0000000a     driverlib.a : interrupt.obj (.text:IntMasterEnable)
                  20009972    00000008     rtsv7M4_T_le_eabi.lib : s_copysign.obj (.text)
                  2000997a    00000006     driverlib.a : utils.obj (.text:UtilsDelay)
                  20009980    00000004     rtsv7M4_T_le_eabi.lib : pre_init.obj (.text)

.const     0    20009984    00000824     
                  20009984    000004fb     Adafruit_GFX.obj (.const:.string:font)
                  20009e7f    00000101     rtsv7M4_T_le_eabi.lib : ctype.obj (.const:.string:_ctypes_)
                  20009f80    00000100     driverlib.a : pin.obj (.const:g_ulPinToPadMap)
                  2000a080    000000a8                 : prcm.obj (.const:PRCM_PeriphRegsList)
                  2000a128    00000080                 : interrupt.obj (.const)

.cinit     0    2000a1a8    000000a8     
                  2000a1a8    0000007f     (.cinit..data.load) [load image, compression = lzss]
                  2000a227    00000001     --HOLE-- [fill = 0]
                  2000a228    0000000c     (__TI_handler_table)
                  2000a234    00000004     --HOLE-- [fill = 0]
                  2000a238    00000008     (.cinit..bss.load) [load image, compression = zero_init]
                  2000a240    00000010     (__TI_cinit_table)

.sysmem    0    20017000    00000800     UNINITIALIZED
                  20017000    00000008     rtsv7M4_T_le_eabi.lib : memory.obj (.sysmem)
                  20017008    000007f8     --HOLE--

.data      0    20017800    00000218     UNINITIALIZED
                  20017800    000000f0     rtsv7M4_T_le_eabi.lib : defs.obj (.data:_ftable)
                  200178f0    000000d0                           : lowlev.obj (.data:$O1$$)
                  200179c0    00000015     Adafruit_GFX.obj (.data)
                  200179d5    00000003     --HOLE--
                  200179d8    00000010     rtsv7M4_T_le_eabi.lib : defs.obj (.data)
                  200179e8    0000000c                           : exit.obj (.data:$O1$$)
                  200179f4    0000000c                           : memory.obj (.data:$O1$$)
                  20017a00    00000008                           : _lock.obj (.data:$O1$$)
                  20017a08    00000004     main.obj (.data)
                  20017a0c    00000004     rtsv7M4_T_le_eabi.lib : errno.obj (.data)
                  20017a10    00000004                           : fopen.obj (.data)
                  20017a14    00000004                           : stkdepth_vars.obj (.data)

.bss       0    20017a18    000001c8     UNINITIALIZED
                  20017a18    00000120     rtsv7M4_T_le_eabi.lib : trgmsg.obj (.bss:_CIOBUF_)
                  20017b38    000000a0     (.common:__TI_tmpnams)
                  20017bd8    00000008                           : trgdrv.obj (.bss:parmbuf)

.stack     0    2002f800    00000800     UNINITIALIZED
                  2002f800    00000800     --HOLE--

MODULE SUMMARY

       Module                     code    ro data   rw data
       ------                     ----    -------   -------
    .\
       Adafruit_GFX.obj           2688    1275      21     
       test.obj                   1810    0         0      
       Adafruit_OLED.obj          1190    0         0      
       startup_ccs.obj            14      1024      0      
       main.obj                   772     0         4      
       i2c_if.obj                 644     0         0      
       pin_mux_config.obj         292     0         0      
    +--+--------------------------+-------+---------+---------+
       Total:                     7410    2299      25     
                                                           
    C:/ti/CC3200SDK_1.2.0/cc3200-sdk/driverlib/ccs/Release/driverlib.a
       prcm.obj                   800     168       0      
       pin.obj                    302     256       0      
       i2c.obj                    352     0         0      
       spi.obj                    328     0         0      
       interrupt.obj              198     128       0      
       gpio.obj                   86      0         0      
       cpu.obj                    20      0         0      
       utils.obj                  6       0         0      
    +--+--------------------------+-------+---------+---------+
       Total:                     2092    552       0      
                                                           
    C:\ti\ccsv7\tools\compiler\ti-cgt-arm_16.9.0.LTS\lib\rtsv7M4_T_le_eabi.lib
       _printfi.obj               4382    0         0      
       lowlev.obj                 780     0         208    
       memory.obj                 976     0         12     
       trgdrv.obj                 804     0         8      
       ull_div_t2.obj             500     0         0      
       fopen.obj                  452     0         4      
       fd_add_t2.obj              438     0         0      
       defs.obj                   0       0         416    
       trgmsg.obj                 104     0         288    
       fd_div_t2.obj              310     0         0      
       fputs.obj                  308     0         0      
       fd_cmp_t2.obj              268     0         0      
       ctype.obj                  0       257       0      
       fd_mul_t2.obj              252     0         0      
       setvbuf.obj                220     0         0      
       s_scalbn.obj               208     0         0      
       fflush.obj                 200     0         0      
       _io_perm.obj               172     0         0      
       memcpy_t2.obj              156     0         0      
       fclose.obj                 152     0         0      
       fputc.obj                  152     0         0      
       memset_t2.obj              122     0         0      
       autoinit.obj               112     0         0      
       printf.obj                 112     0         0      
       fprintf.obj                108     0         0      
       copy_decompress_lzss.obj   104     0         0      
       fseek.obj                  100     0         0      
       exit.obj                   84      0         12     
       s_frexp.obj                92      0         0      
       ltoa.obj                   86      0         0      
       atoi.obj                   76      0         0      
       cpy_tbl.obj                76      0         0      
       fd_toi_t2.obj              72      0         0      
       boot.obj                   64      0         0      
       strncpy.obj                54      0         0      
       i_tofd_t2.obj              46      0         0      
       memchr.obj                 32      0         0      
       _lock.obj                  20      0         8      
       memccpy.obj                28      0         0      
       args_main.obj              24      0         0      
       strcmp.obj                 24      0         0      
       strchr.obj                 22      0         0      
       strcpy.obj                 20      0         0      
       strlen.obj                 20      0         0      
       copy_decompress_none.obj   14      0         0      
       copy_zero_init.obj         12      0         0      
       s_copysign.obj             8       0         0      
       errno.obj                  0       0         4      
       pre_init.obj               4       0         0      
       stkdepth_vars.obj          0       0         4      
       mpu_init.obj               2       0         0      
       startup.obj                2       0         0      
    +--+--------------------------+-------+---------+---------+
       Total:                     12374   257       964    
                                                           
       Heap:                      0       0         2048   
       Stack:                     0       0         2048   
       Linker Generated:          0       163       0      
    +--+--------------------------+-------+---------+---------+
       Grand Total:               21876   3271      5085   


LINKER GENERATED COPY TABLES

__TI_cinit_table @ 2000a240 records: 2, size/record: 8, table size: 16
	.data: load addr=2000a1a8, load size=0000007f bytes, run addr=20017800, run size=00000218 bytes, compression=lzss
	.bss: load addr=2000a238, load size=00000008 bytes, run addr=20017a18, run size=000001c8 bytes, compression=zero_init


LINKER GENERATED HANDLER TABLE

__TI_handler_table @ 2000a228 records: 3, size/record: 4, table size: 12
	index: 0, handler: __TI_decompress_lzss
	index: 1, handler: __TI_decompress_none
	index: 2, handler: __TI_zero_init


GLOBAL SYMBOLS: SORTED ALPHABETICALLY BY Name 

address   name                           
-------   ----                           
2000673d  Adafruit_Init                  
20009341  C$$EXIT                        
20009197  C$$IO$$                        
20009897  CPUcpsie                       
200068b3  Color565                       
2000768d  DrawPatterns                   
20009531  GPIODirModeSet                 
200096c1  GPIOPinWrite                   
20007207  HOSTclock                      
200071cf  HOSTclose                      
20007191  HOSTgetenv                     
20007135  HOSTlseek                      
200070e3  HOSTopen                       
20007097  HOSTread                       
20007039  HOSTrename                     
20006fff  HOSTtime                       
20006fb1  HOSTtime64                     
20006f79  HOSTunlink                     
20006f2d  HOSTwrite                      
200098fd  I2CMasterControl               
20009933  I2CMasterDataGet               
20009829  I2CMasterDataPut               
2000983f  I2CMasterEnable                
200095fb  I2CMasterErr                   
20008eb5  I2CMasterInitExpClk            
2000990f  I2CMasterIntClearEx            
20009721  I2CMasterIntStatusEx           
2000967d  I2CMasterSlaveAddrSet          
20009921  I2CMasterTimeoutSet            
20007acf  I2C_IF_Close                   
20007a87  I2C_IF_Open                    
20007985  I2C_IF_Read                    
20007a41  I2C_IF_ReadFrom                
200078d5  I2C_IF_Write                   
20008979  IntEnable                      
20009969  IntMasterEnable                
200098ad  IntVTableBaseSet               
2000755d  MasterMain                     
20005ecb  Outstr                         
20008055  PRCMCC3200MCUInit              
20009855  PRCMHIBRegRead                 
2000986b  PRCMHIBRegWrite                
20009655  PRCMPeripheralClkDisable       
200094f5  PRCMPeripheralClkEnable        
20008c8d  PRCMPeripheralClockGet         
20009291  PRCMPeripheralReset            
20009629  PRCMSysResetCauseGet           
20008d21  PinConfigSet                   
20009475  PinModeSet                     
20008439  PinMuxConfig                   
2000959d  PinTypeGPIO                    
2000975d  PinTypeI2C                     
20009795  PinTypeSPI                     
2000994f  ResetISR                       
UNDEFED   SHT$$INIT_ARRAY$$Base          
UNDEFED   SHT$$INIT_ARRAY$$Limit         
200097af  SPICSDisable                   
200097c7  SPICSEnable                    
20008a21  SPIConfigSetExpClk             
200096e1  SPIDataGet                     
2000973f  SPIDataPut                     
200097df  SPIEnable                      
2000969f  SPIReset                       
20007587  SmallBall                      
2000997b  UtilsDelay                     
20017a18  __CIOBUF_                      
20030000  __STACK_END                    
00000800  __STACK_SIZE                   
00000800  __SYSMEM_SIZE                  
2000a240  __TI_CINIT_Base                
2000a250  __TI_CINIT_Limit               
2000a228  __TI_Handler_Table_Base        
2000a234  __TI_Handler_Table_Limit       
20008fb5  __TI_auto_init                 
20007da1  __TI_cleanup                   
200179e8  __TI_cleanup_ptr               
20008b5d  __TI_closefile                 
20009101  __TI_decompress_lzss           
20009941  __TI_decompress_none           
20008805  __TI_doflush                   
200179ec  __TI_dtors_ptr                 
200179f0  __TI_enable_exit_profile_output
200179d8  __TI_ft_end                    
ffffffff  __TI_pprof_out_hndl            
20004c35  __TI_printfi                   
ffffffff  __TI_prof_data_size            
ffffffff  __TI_prof_data_start           
2000892f  __TI_rd_ok                     
2000919b  __TI_readmsg                   
2000a1a8  __TI_static_base__             
20017b38  __TI_tmpnams                   
20009169  __TI_writemsg                  
200088cd  __TI_wrt_ok                    
2000995d  __TI_zero_init                 
20008da9  __aeabi_cdcmpeq                
20008da9  __aeabi_cdcmple                
20008e2f  __aeabi_cdrcmple               
2000942d  __aeabi_d2iz                   
20007ea7  __aeabi_dadd                   
200081cd  __aeabi_ddiv                   
2000855d  __aeabi_dmul                   
20007e9d  __aeabi_dsub                   
200095cd  __aeabi_i2d                    
20008f39  __aeabi_memclr                 
20008f39  __aeabi_memclr4                
20008f39  __aeabi_memclr8                
20008ac1  __aeabi_memcpy                 
20008ac1  __aeabi_memcpy4                
20008ac1  __aeabi_memcpy8                
20008f3b  __aeabi_memset                 
20008f3b  __aeabi_memset4                
20008f3b  __aeabi_memset8                
200179e4  __aeabi_stderr                 
200179dc  __aeabi_stdin                  
200179e0  __aeabi_stdout                 
20007ae5  __aeabi_uldivmod               
ffffffff  __binit__                      
ffffffff  __c_args__                     
2000551f  __mpu_init                     
2002f800  __stack                        
200097f9  _args_main                     
200094b5  _c_int00                       
20009e7f  _ctypes_                       
20017800  _ftable                        
20017a00  _lock                          
200098cf  _nop                           
200098c7  _register_lock                 
200098c1  _register_unlock               
20017000  _sys_memory                    
200066b3  _system_post_cinit             
20009981  _system_pre_init               
20017a04  _unlock                        
20009345  abort                          
200074b1  add_device                     
20009395  atoi                           
ffffffff  binit                          
20006efd  calloc                         
20007461  close                          
200093e1  copy_in                        
20009973  copysign                       
20009973  copysignl                      
200179c0  cursor_x                       
200179c4  cursor_y                       
20005fa1  delay                          
20005d7f  drawChar                       
20005521  drawCircle                     
20005655  drawCircleHelper               
20006a65  drawFastHLine                  
200069c9  drawFastVLine                  
2000589b  drawLine                       
20006b01  drawPixel                      
20005987  drawRect                       
200059d5  drawRoundRect                  
20005b3d  drawTriangle                   
20017a0c  errno                          
2000934d  exit                           
20008bc3  fclose                         
20008851  fflush                         
20005773  fillCircle                     
200057ad  fillCircleHelper               
2000690b  fillRect                       
20005ac3  fillRoundRect                  
200068f5  fillScreen                     
20005b7f  fillTriangle                   
20007df7  fopen                          
2000909d  fprintf                        
20008bf5  fputc                          
20008305  fputs                          
20006c47  free                           
20007dcd  freopen                        
20009235  frexp                          
20009235  frexpl                         
200091d1  fseek                          
20004000  g_pfnVectors                   
2000686f  goTo                           
20005f7f  height                         
20006b3f  invert                         
20006513  lcdTestPattern                 
200065e3  lcdTestPattern2                
20008735  ldexp                          
20008735  ldexpl                         
2000743d  lseek                          
200092e9  ltoa                           
200077af  main                           
20017a14  main_func_sp                   
20006bdd  malloc                         
20006e11  memalign                       
20009779  memccpy                        
20009701  memchr                         
20008ac1  memcpy                         
20008f41  memset                         
20006b5d  minit                          
2000738f  open                           
2000902d  printf                         
20008bf5  putc                           
20008c79  putchar                        
20008411  puts                           
20017a08  r                              
2000736b  read                           
20006d09  realloc                        
200072e1  remove                         
20007343  remove_device                  
20007305  rename                         
20008735  scalbn                         
20008735  scalbnl                        
20005f17  setCursor                      
20005f4f  setTextColor                   
20005f2f  setTextSize                    
20005f67  setTextWrap                    
20008659  setvbuf                        
20009881  strchr                         
20009811  strcmp                         
200098d5  strcpy                         
200098e9  strlen                         
20009567  strncpy                        
200061d7  testdrawcircles                
20006047  testdrawrects                  
20005fd5  testfastlines                  
20006165  testfillcircles                
200060a7  testfillrects                  
20006345  testlines                      
200062d3  testroundrects                 
20006251  testtriangles                  
200179d0  textbgcolor                    
200179cc  textcolor                      
200179c8  textsize                       
200072e1  unlink                         
20005f7b  width                          
200179d4  wrap                           
20007251  write                          
200066b5  writeCommand                   
200066f9  writeData                      


GLOBAL SYMBOLS: SORTED BY Symbol Address 

address   name                           
-------   ----                           
00000800  __STACK_SIZE                   
00000800  __SYSMEM_SIZE                  
20004000  g_pfnVectors                   
20004c35  __TI_printfi                   
2000551f  __mpu_init                     
20005521  drawCircle                     
20005655  drawCircleHelper               
20005773  fillCircle                     
200057ad  fillCircleHelper               
2000589b  drawLine                       
20005987  drawRect                       
200059d5  drawRoundRect                  
20005ac3  fillRoundRect                  
20005b3d  drawTriangle                   
20005b7f  fillTriangle                   
20005d7f  drawChar                       
20005ecb  Outstr                         
20005f17  setCursor                      
20005f2f  setTextSize                    
20005f4f  setTextColor                   
20005f67  setTextWrap                    
20005f7b  width                          
20005f7f  height                         
20005fa1  delay                          
20005fd5  testfastlines                  
20006047  testdrawrects                  
200060a7  testfillrects                  
20006165  testfillcircles                
200061d7  testdrawcircles                
20006251  testtriangles                  
200062d3  testroundrects                 
20006345  testlines                      
20006513  lcdTestPattern                 
200065e3  lcdTestPattern2                
200066b3  _system_post_cinit             
200066b5  writeCommand                   
200066f9  writeData                      
2000673d  Adafruit_Init                  
2000686f  goTo                           
200068b3  Color565                       
200068f5  fillScreen                     
2000690b  fillRect                       
200069c9  drawFastVLine                  
20006a65  drawFastHLine                  
20006b01  drawPixel                      
20006b3f  invert                         
20006b5d  minit                          
20006bdd  malloc                         
20006c47  free                           
20006d09  realloc                        
20006e11  memalign                       
20006efd  calloc                         
20006f2d  HOSTwrite                      
20006f79  HOSTunlink                     
20006fb1  HOSTtime64                     
20006fff  HOSTtime                       
20007039  HOSTrename                     
20007097  HOSTread                       
200070e3  HOSTopen                       
20007135  HOSTlseek                      
20007191  HOSTgetenv                     
200071cf  HOSTclose                      
20007207  HOSTclock                      
20007251  write                          
200072e1  remove                         
200072e1  unlink                         
20007305  rename                         
20007343  remove_device                  
2000736b  read                           
2000738f  open                           
2000743d  lseek                          
20007461  close                          
200074b1  add_device                     
2000755d  MasterMain                     
20007587  SmallBall                      
2000768d  DrawPatterns                   
200077af  main                           
200078d5  I2C_IF_Write                   
20007985  I2C_IF_Read                    
20007a41  I2C_IF_ReadFrom                
20007a87  I2C_IF_Open                    
20007acf  I2C_IF_Close                   
20007ae5  __aeabi_uldivmod               
20007da1  __TI_cleanup                   
20007dcd  freopen                        
20007df7  fopen                          
20007e9d  __aeabi_dsub                   
20007ea7  __aeabi_dadd                   
20008055  PRCMCC3200MCUInit              
200081cd  __aeabi_ddiv                   
20008305  fputs                          
20008411  puts                           
20008439  PinMuxConfig                   
2000855d  __aeabi_dmul                   
20008659  setvbuf                        
20008735  ldexp                          
20008735  ldexpl                         
20008735  scalbn                         
20008735  scalbnl                        
20008805  __TI_doflush                   
20008851  fflush                         
200088cd  __TI_wrt_ok                    
2000892f  __TI_rd_ok                     
20008979  IntEnable                      
20008a21  SPIConfigSetExpClk             
20008ac1  __aeabi_memcpy                 
20008ac1  __aeabi_memcpy4                
20008ac1  __aeabi_memcpy8                
20008ac1  memcpy                         
20008b5d  __TI_closefile                 
20008bc3  fclose                         
20008bf5  fputc                          
20008bf5  putc                           
20008c79  putchar                        
20008c8d  PRCMPeripheralClockGet         
20008d21  PinConfigSet                   
20008da9  __aeabi_cdcmpeq                
20008da9  __aeabi_cdcmple                
20008e2f  __aeabi_cdrcmple               
20008eb5  I2CMasterInitExpClk            
20008f39  __aeabi_memclr                 
20008f39  __aeabi_memclr4                
20008f39  __aeabi_memclr8                
20008f3b  __aeabi_memset                 
20008f3b  __aeabi_memset4                
20008f3b  __aeabi_memset8                
20008f41  memset                         
20008fb5  __TI_auto_init                 
2000902d  printf                         
2000909d  fprintf                        
20009101  __TI_decompress_lzss           
20009169  __TI_writemsg                  
20009197  C$$IO$$                        
2000919b  __TI_readmsg                   
200091d1  fseek                          
20009235  frexp                          
20009235  frexpl                         
20009291  PRCMPeripheralReset            
200092e9  ltoa                           
20009341  C$$EXIT                        
20009345  abort                          
2000934d  exit                           
20009395  atoi                           
200093e1  copy_in                        
2000942d  __aeabi_d2iz                   
20009475  PinModeSet                     
200094b5  _c_int00                       
200094f5  PRCMPeripheralClkEnable        
20009531  GPIODirModeSet                 
20009567  strncpy                        
2000959d  PinTypeGPIO                    
200095cd  __aeabi_i2d                    
200095fb  I2CMasterErr                   
20009629  PRCMSysResetCauseGet           
20009655  PRCMPeripheralClkDisable       
2000967d  I2CMasterSlaveAddrSet          
2000969f  SPIReset                       
200096c1  GPIOPinWrite                   
200096e1  SPIDataGet                     
20009701  memchr                         
20009721  I2CMasterIntStatusEx           
2000973f  SPIDataPut                     
2000975d  PinTypeI2C                     
20009779  memccpy                        
20009795  PinTypeSPI                     
200097af  SPICSDisable                   
200097c7  SPICSEnable                    
200097df  SPIEnable                      
200097f9  _args_main                     
20009811  strcmp                         
20009829  I2CMasterDataPut               
2000983f  I2CMasterEnable                
20009855  PRCMHIBRegRead                 
2000986b  PRCMHIBRegWrite                
20009881  strchr                         
20009897  CPUcpsie                       
200098ad  IntVTableBaseSet               
200098c1  _register_unlock               
200098c7  _register_lock                 
200098cf  _nop                           
200098d5  strcpy                         
200098e9  strlen                         
200098fd  I2CMasterControl               
2000990f  I2CMasterIntClearEx            
20009921  I2CMasterTimeoutSet            
20009933  I2CMasterDataGet               
20009941  __TI_decompress_none           
2000994f  ResetISR                       
2000995d  __TI_zero_init                 
20009969  IntMasterEnable                
20009973  copysign                       
20009973  copysignl                      
2000997b  UtilsDelay                     
20009981  _system_pre_init               
20009e7f  _ctypes_                       
2000a1a8  __TI_static_base__             
2000a228  __TI_Handler_Table_Base        
2000a234  __TI_Handler_Table_Limit       
2000a240  __TI_CINIT_Base                
2000a250  __TI_CINIT_Limit               
20017000  _sys_memory                    
20017800  _ftable                        
200179c0  cursor_x                       
200179c4  cursor_y                       
200179c8  textsize                       
200179cc  textcolor                      
200179d0  textbgcolor                    
200179d4  wrap                           
200179d8  __TI_ft_end                    
200179dc  __aeabi_stdin                  
200179e0  __aeabi_stdout                 
200179e4  __aeabi_stderr                 
200179e8  __TI_cleanup_ptr               
200179ec  __TI_dtors_ptr                 
200179f0  __TI_enable_exit_profile_output
20017a00  _lock                          
20017a04  _unlock                        
20017a08  r                              
20017a0c  errno                          
20017a14  main_func_sp                   
20017a18  __CIOBUF_                      
20017b38  __TI_tmpnams                   
2002f800  __stack                        
20030000  __STACK_END                    
ffffffff  __TI_pprof_out_hndl            
ffffffff  __TI_prof_data_size            
ffffffff  __TI_prof_data_start           
ffffffff  __binit__                      
ffffffff  __c_args__                     
ffffffff  binit                          
UNDEFED   SHT$$INIT_ARRAY$$Base          
UNDEFED   SHT$$INIT_ARRAY$$Limit         

[232 symbols]
