******************************************************************************
                  TI ARM Linker PC v16.9.0                     
******************************************************************************
>> Linked Tue Apr 11 16:57:42 2023

OUTPUT FILE NAME:   <spi_demo.out>
ENTRY POINT SYMBOL: "_c_int00"  address: 2000754d


MEMORY CONFIGURATION

         name            origin    length      used     unused   attr    fill
----------------------  --------  ---------  --------  --------  ----  --------
  SRAM_CODE             20004000   00013000  00003d0c  0000f2f4  RW X
  SRAM_DATA             20017000   00019000  000010f6  00017f0a  RW X


SEGMENT ALLOCATION MAP

run origin  load origin   length   init length attrs members
----------  ----------- ---------- ----------- ----- -------
20004000    20004000    00003d10   00003d10    r-x
  20004000    20004000    00000400   00000400    r-- .intvecs
  20004400    20004400    00003564   00003564    r-x .text
  20007964    20007964    00000368   00000368    r-- .const
  20007cd0    20007cd0    00000040   00000040    r-- .cinit
20017000    20017000    000008f8   00000000    rw-
  20017000    20017000    00000800   00000000    rw- .sysmem
  20017800    20017800    000000ce   00000000    rw- .bss
  200178d0    200178d0    00000028   00000000    rw- .data
2002f800    2002f800    00000800   00000000    rw-
  2002f800    2002f800    00000800   00000000    rw- .stack


SECTION ALLOCATION MAP

 output                                  attributes/
section   page    origin      length       input sections
--------  ----  ----------  ----------   ----------------
.intvecs   0    20004000    00000400     
                  20004000    00000400     startup_ccs.obj (.intvecs)

.init_array 
*          0    20004000    00000000     UNINITIALIZED

.text      0    20004400    00003564     
                  20004400    0000111e     rtsv7M4_T_le_eabi.lib : _printfi.obj (.text)
                  2000551e    00000002                           : mpu_init.obj (.text)
                  20005520    000003d0                           : memory.obj (.text)
                  200058f0    0000038c     main.obj (.text)
                  20005c7c    00000280     uart_if.obj (.text)
                  20005efc    000001f4     rtsv7M4_T_le_eabi.lib : ull_div_t2.obj (.text)
                  200060f0    000001b6                           : fd_add_t2.obj (.text)
                  200062a6    00000002                           : startup.obj (.text)
                  200062a8    00000178     driverlib.a : prcm.obj (.text:PRCMCC3200MCUInit)
                  20006420    00000136     rtsv7M4_T_le_eabi.lib : fd_div_t2.obj (.text)
                  20006556    000000fc                           : fd_mul_t2.obj (.text)
                  20006652    000000d0     driverlib.a : spi.obj (.text:SPITransfer32)
                  20006722    00000002     --HOLE-- [fill = 0]
                  20006724    000000d0     rtsv7M4_T_le_eabi.lib : s_scalbn.obj (.text)
                  200067f4    000000ce     driverlib.a : spi.obj (.text:SPITransfer16)
                  200068c2    000000cc     pin_mux_config.obj (.text)
                  2000698e    000000b8     driverlib.a : spi.obj (.text:SPITransfer8)
                  20006a46    00000002     --HOLE-- [fill = 0]
                  20006a48    000000a8                 : interrupt.obj (.text:IntEnable)
                  20006af0    000000a0                 : spi.obj (.text:SPIConfigSetExpClk)
                  20006b90    0000009c     rtsv7M4_T_le_eabi.lib : memcpy_t2.obj (.text)
                  20006c2c    00000094     driverlib.a : prcm.obj (.text:PRCMPeripheralClockGet)
                  20006cc0    00000088                 : pin.obj (.text:PinConfigSet)
                  20006d48    00000088                 : spi.obj (.text:SPITransfer)
                  20006dd0    00000088     rtsv7M4_T_le_eabi.lib : vsnprintf.obj (.text)
                  20006e58    00000086                           : fd_cmp_t2.obj (.text:__aeabi_cdcmple)
                  20006ede    00000086                           : fd_cmp_t2.obj (.text:__aeabi_cdrcmple)
                  20006f64    0000007c     driverlib.a : spi.obj (.text:SPIIntStatus)
                  20006fe0    0000007a     rtsv7M4_T_le_eabi.lib : memset_t2.obj (.text)
                  2000705a    00000076     driverlib.a : uart.obj (.text:UARTConfigSetExpClk)
                  200070d0    00000070     rtsv7M4_T_le_eabi.lib : autoinit.obj (.text)
                  20007140    00000068                           : copy_decompress_lzss.obj (.text:decompress:lzss)
                  200071a8    0000005c                           : s_frexp.obj (.text)
                  20007204    00000058     driverlib.a : prcm.obj (.text:PRCMPeripheralReset)
                  2000725c    00000056     rtsv7M4_T_le_eabi.lib : ltoa.obj (.text)
                  200072b2    00000002     --HOLE-- [fill = 0]
                  200072b4    00000054                           : exit.obj (.text)
                  20007308    0000004c     driverlib.a : spi.obj (.text:SPIIntEnable)
                  20007354    0000004c                 : spi.obj (.text:SPIIntNumberGet)
                  200073a0    0000004c     rtsv7M4_T_le_eabi.lib : atoi.obj (.text)
                  200073ec    0000004c                           : cpy_tbl.obj (.text)
                  20007438    00000048     driverlib.a : spi.obj (.text:SPIIntClear)
                  20007480    00000048     rtsv7M4_T_le_eabi.lib : fd_toi_t2.obj (.text)
                  200074c8    00000044     driverlib.a : spi.obj (.text:SPIDmaMaskGet)
                  2000750c    00000040                 : pin.obj (.text:PinModeSet)
                  2000754c    00000040     rtsv7M4_T_le_eabi.lib : boot.obj (.text)
                  2000758c    0000003c     driverlib.a : prcm.obj (.text:PRCMPeripheralClkEnable)
                  200075c8    00000030                 : uart.obj (.text:UARTDisable)
                  200075f8    0000002e     rtsv7M4_T_le_eabi.lib : i_tofd_t2.obj (.text)
                  20007626    00000002     --HOLE-- [fill = 0]
                  20007628    0000002c     driverlib.a : prcm.obj (.text:PRCMSysResetCauseGet)
                  20007654    0000002a                 : spi.obj (.text:SPIDataGetNonBlocking)
                  2000767e    00000002     --HOLE-- [fill = 0]
                  20007680    00000028                 : prcm.obj (.text:PRCMPeripheralClkDisable)
                  200076a8    00000024                 : uart.obj (.text:UARTEnable)
                  200076cc    00000024     rtsv7M4_T_le_eabi.lib : memmov.obj (.text)
                  200076f0    00000022     driverlib.a : spi.obj (.text:SPIReset)
                  20007712    00000002     --HOLE-- [fill = 0]
                  20007714    00000020                 : interrupt.obj (.text:IntRegister)
                  20007734    00000020                 : spi.obj (.text:SPIDataGet)
                  20007754    0000001e                 : spi.obj (.text:SPIDataPut)
                  20007772    0000001e                 : spi.obj (.text:SPIIntRegister)
                  20007790    0000001e                 : uart.obj (.text:UARTCharPut)
                  200077ae    0000001c                 : uart.obj (.text:UARTCharGetNonBlocking)
                  200077ca    0000001c     rtsv7M4_T_le_eabi.lib : memccpy.obj (.text)
                  200077e6    0000001a     driverlib.a : pin.obj (.text:PinTypeSPI)
                  20007800    00000018                 : spi.obj (.text:SPICSDisable)
                  20007818    00000018                 : spi.obj (.text:SPICSEnable)
                  20007830    00000018                 : spi.obj (.text:SPIEnable)
                  20007848    00000018                 : uart.obj (.text:UARTCharsAvail)
                  20007860    00000018     rtsv7M4_T_le_eabi.lib : args_main.obj (.text)
                  20007878    00000016     driverlib.a : prcm.obj (.text:PRCMHIBRegRead)
                  2000788e    00000016                 : prcm.obj (.text:PRCMHIBRegWrite)
                  200078a4    00000016                 : uart.obj (.text:UARTCharGet)
                  200078ba    00000016     rtsv7M4_T_le_eabi.lib : strchr.obj (.text)
                  200078d0    00000014     driverlib.a : cpu.obj (.text:CPUcpsie)
                  200078e4    00000014                 : interrupt.obj (.text:IntVTableBaseSet)
                  200078f8    00000014     rtsv7M4_T_le_eabi.lib : _lock.obj (.text)
                  2000790c    00000014                           : strlen.obj (.text)
                  20007920    0000000e                           : copy_decompress_none.obj (.text:decompress:none)
                  2000792e    0000000e     startup_ccs.obj (.text)
                  2000793c    0000000c     rtsv7M4_T_le_eabi.lib : copy_zero_init.obj (.text:decompress:ZI)
                  20007948    0000000a     driverlib.a : interrupt.obj (.text:IntMasterEnable)
                  20007952    00000008     rtsv7M4_T_le_eabi.lib : s_copysign.obj (.text)
                  2000795a    00000006     driverlib.a : utils.obj (.text:UtilsDelay)
                  20007960    00000004     rtsv7M4_T_le_eabi.lib : pre_init.obj (.text)

.const     0    20007964    00000368     
                  20007964    00000101     rtsv7M4_T_le_eabi.lib : ctype.obj (.const:.string:_ctypes_)
                  20007a65    00000003     --HOLE-- [fill = 0]
                  20007a68    00000100     driverlib.a : pin.obj (.const:g_ulPinToPadMap)
                  20007b68    000000a8                 : prcm.obj (.const:PRCM_PeriphRegsList)
                  20007c10    00000080                 : interrupt.obj (.const)
                  20007c90    00000024                 : spi.obj (.const:g_ppulSPIIntMap)
                  20007cb4    00000018                 : spi.obj (.const)

.cinit     0    20007cd0    00000040     
                  20007cd0    0000001c     (.cinit..data.load) [load image, compression = lzss]
                  20007cec    0000000c     (__TI_handler_table)
                  20007cf8    00000008     (.cinit..bss.load) [load image, compression = zero_init]
                  20007d00    00000010     (__TI_cinit_table)

.sysmem    0    20017000    00000800     UNINITIALIZED
                  20017000    00000008     rtsv7M4_T_le_eabi.lib : memory.obj (.sysmem)
                  20017008    000007f8     --HOLE--

.bss       0    20017800    000000ce     UNINITIALIZED
                  20017800    00000064     main.obj (.bss:g_ucRxBuff)
                  20017864    00000064     main.obj (.bss:g_ucTxBuff)
                  200178c8    00000004     uart_if.obj (.bss)
                  200178cc    00000002     main.obj (.bss)

.data      0    200178d0    00000028     UNINITIALIZED
                  200178d0    0000000c     rtsv7M4_T_le_eabi.lib : exit.obj (.data:$O1$$)
                  200178dc    0000000c                           : memory.obj (.data:$O1$$)
                  200178e8    00000008                           : _lock.obj (.data:$O1$$)
                  200178f0    00000004                           : errno.obj (.data)
                  200178f4    00000004                           : stkdepth_vars.obj (.data)

.stack     0    2002f800    00000800     UNINITIALIZED
                  2002f800    00000800     --HOLE--

MODULE SUMMARY

       Module                     code    ro data   rw data
       ------                     ----    -------   -------
    .\
       main.obj                   908     0         202    
       startup_ccs.obj            14      1024      0      
       uart_if.obj                640     0         4      
       pin_mux_config.obj         204     0         0      
    +--+--------------------------+-------+---------+---------+
       Total:                     1766    1024      206    
                                                           
    C:/ti/CC3200SDK_1.2.0/cc3200-sdk/driverlib/ccs/Release/driverlib.a
       spi.obj                    1550    60        0      
       prcm.obj                   800     168       0      
       pin.obj                    226     256       0      
       interrupt.obj              230     128       0      
       uart.obj                   306     0         0      
       cpu.obj                    20      0         0      
       utils.obj                  6       0         0      
    +--+--------------------------+-------+---------+---------+
       Total:                     3138    612       0      
                                                           
    C:\ti\ccsv7\tools\compiler\ti-cgt-arm_16.9.0.LTS\lib\rtsv7M4_T_le_eabi.lib
       _printfi.obj               4382    0         0      
       memory.obj                 976     0         12     
       ull_div_t2.obj             500     0         0      
       fd_add_t2.obj              438     0         0      
       fd_div_t2.obj              310     0         0      
       fd_cmp_t2.obj              268     0         0      
       ctype.obj                  0       257       0      
       fd_mul_t2.obj              252     0         0      
       s_scalbn.obj               208     0         0      
       memcpy_t2.obj              156     0         0      
       vsnprintf.obj              136     0         0      
       memset_t2.obj              122     0         0      
       autoinit.obj               112     0         0      
       copy_decompress_lzss.obj   104     0         0      
       exit.obj                   84      0         12     
       s_frexp.obj                92      0         0      
       ltoa.obj                   86      0         0      
       atoi.obj                   76      0         0      
       cpy_tbl.obj                76      0         0      
       fd_toi_t2.obj              72      0         0      
       boot.obj                   64      0         0      
       i_tofd_t2.obj              46      0         0      
       memmov.obj                 36      0         0      
       _lock.obj                  20      0         8      
       memccpy.obj                28      0         0      
       args_main.obj              24      0         0      
       strchr.obj                 22      0         0      
       strlen.obj                 20      0         0      
       copy_decompress_none.obj   14      0         0      
       copy_zero_init.obj         12      0         0      
       s_copysign.obj             8       0         0      
       errno.obj                  0       0         4      
       pre_init.obj               4       0         0      
       stkdepth_vars.obj          0       0         4      
       mpu_init.obj               2       0         0      
       startup.obj                2       0         0      
    +--+--------------------------+-------+---------+---------+
       Total:                     8752    257       40     
                                                           
       Heap:                      0       0         2048   
       Stack:                     0       0         2048   
       Linker Generated:          0       64        0      
    +--+--------------------------+-------+---------+---------+
       Grand Total:               13656   1957      4342   


LINKER GENERATED COPY TABLES

__TI_cinit_table @ 20007d00 records: 2, size/record: 8, table size: 16
	.data: load addr=20007cd0, load size=0000001c bytes, run addr=200178d0, run size=00000028 bytes, compression=lzss
	.bss: load addr=20007cf8, load size=00000008 bytes, run addr=20017800, run size=000000ce bytes, compression=zero_init


LINKER GENERATED HANDLER TABLE

__TI_handler_table @ 20007cec records: 3, size/record: 4, table size: 12
	index: 0, handler: __TI_decompress_lzss
	index: 1, handler: __TI_decompress_none
	index: 2, handler: __TI_zero_init


GLOBAL SYMBOLS: SORTED ALPHABETICALLY BY Name 

address   name                           
-------   ----                           
200072b5  C$$EXIT                        
200078d1  CPUcpsie                       
20005cbd  ClearTerm                      
20005cc7  Error                          
20005cff  GetCmd                         
20005c7d  InitTerm                       
20006a49  IntEnable                      
20007949  IntMasterEnable                
20007715  IntRegister                    
200078e5  IntVTableBaseSet               
20005961  MasterMain                     
20005c9b  Message                        
200062a9  PRCMCC3200MCUInit              
20007879  PRCMHIBRegRead                 
2000788f  PRCMHIBRegWrite                
20007681  PRCMPeripheralClkDisable       
2000758d  PRCMPeripheralClkEnable        
20006c2d  PRCMPeripheralClockGet         
20007205  PRCMPeripheralReset            
20007629  PRCMSysResetCauseGet           
20006cc1  PinConfigSet                   
2000750d  PinModeSet                     
200068c3  PinMuxConfig                   
200077e7  PinTypeSPI                     
20005e3d  Report                         
2000792f  ResetISR                       
UNDEFED   SHT$$INIT_ARRAY$$Base          
UNDEFED   SHT$$INIT_ARRAY$$Limit         
20007801  SPICSDisable                   
20007819  SPICSEnable                    
20006af1  SPIConfigSetExpClk             
20007735  SPIDataGet                     
20007655  SPIDataGetNonBlocking          
20007755  SPIDataPut                     
20007831  SPIEnable                      
20007439  SPIIntClear                    
20007309  SPIIntEnable                   
20007773  SPIIntRegister                 
20006f65  SPIIntStatus                   
200076f1  SPIReset                       
20006d49  SPITransfer                    
20005a1f  SlaveMain                      
20005da5  TrimSpace                      
200078a5  UARTCharGet                    
200077af  UARTCharGetNonBlocking         
20007791  UARTCharPut                    
20007849  UARTCharsAvail                 
2000705b  UARTConfigSetExpClk            
200075c9  UARTDisable                    
200076a9  UARTEnable                     
2000795b  UtilsDelay                     
20030000  __STACK_END                    
00000800  __STACK_SIZE                   
00000800  __SYSMEM_SIZE                  
20007d00  __TI_CINIT_Base                
20007d10  __TI_CINIT_Limit               
20007cec  __TI_Handler_Table_Base        
20007cf8  __TI_Handler_Table_Limit       
200070d1  __TI_auto_init                 
200178d0  __TI_cleanup_ptr               
20007141  __TI_decompress_lzss           
20007921  __TI_decompress_none           
200178d4  __TI_dtors_ptr                 
200178d8  __TI_enable_exit_profile_output
ffffffff  __TI_pprof_out_hndl            
20004c35  __TI_printfi                   
ffffffff  __TI_prof_data_size            
ffffffff  __TI_prof_data_start           
20007cd0  __TI_static_base__             
2000793d  __TI_zero_init                 
20006e59  __aeabi_cdcmpeq                
20006e59  __aeabi_cdcmple                
20006edf  __aeabi_cdrcmple               
20007481  __aeabi_d2iz                   
200060fb  __aeabi_dadd                   
20006421  __aeabi_ddiv                   
20006557  __aeabi_dmul                   
200060f1  __aeabi_dsub                   
200075f9  __aeabi_i2d                    
20006fe1  __aeabi_memclr                 
20006fe1  __aeabi_memclr4                
20006fe1  __aeabi_memclr8                
20006b91  __aeabi_memcpy                 
20006b91  __aeabi_memcpy4                
20006b91  __aeabi_memcpy8                
20006fe3  __aeabi_memset                 
20006fe3  __aeabi_memset4                
20006fe3  __aeabi_memset8                
20005efd  __aeabi_uldivmod               
ffffffff  __binit__                      
ffffffff  __c_args__                     
2000551f  __mpu_init                     
2002f800  __stack                        
20007861  _args_main                     
2000754d  _c_int00                       
20007964  _ctypes_                       
200178e8  _lock                          
20007907  _nop                           
200078ff  _register_lock                 
200078f9  _register_unlock               
20017000  _sys_memory                    
200062a7  _system_post_cinit             
20007961  _system_pre_init               
200178ec  _unlock                        
200072b9  abort                          
200073a1  atoi                           
ffffffff  binit                          
200058c1  calloc                         
200073ed  copy_in                        
20007953  copysign                       
20007953  copysignl                      
200178f0  errno                          
200072c1  exit                           
2000560b  free                           
200071a9  frexp                          
200071a9  frexpl                         
20004000  g_pfnVectors                   
20006725  ldexp                          
20006725  ldexpl                         
2000725d  ltoa                           
20005a8f  main                           
200178f4  main_func_sp                   
200055a1  malloc                         
200057d5  memalign                       
200077cb  memccpy                        
20006b91  memcpy                         
200076cd  memmove                        
20006fe9  memset                         
20005521  minit                          
200056cd  realloc                        
20006725  scalbn                         
20006725  scalbnl                        
200078bb  strchr                         
2000790d  strlen                         
20006dd1  vsnprintf                      


GLOBAL SYMBOLS: SORTED BY Symbol Address 

address   name                           
-------   ----                           
00000800  __STACK_SIZE                   
00000800  __SYSMEM_SIZE                  
20004000  g_pfnVectors                   
20004c35  __TI_printfi                   
2000551f  __mpu_init                     
20005521  minit                          
200055a1  malloc                         
2000560b  free                           
200056cd  realloc                        
200057d5  memalign                       
200058c1  calloc                         
20005961  MasterMain                     
20005a1f  SlaveMain                      
20005a8f  main                           
20005c7d  InitTerm                       
20005c9b  Message                        
20005cbd  ClearTerm                      
20005cc7  Error                          
20005cff  GetCmd                         
20005da5  TrimSpace                      
20005e3d  Report                         
20005efd  __aeabi_uldivmod               
200060f1  __aeabi_dsub                   
200060fb  __aeabi_dadd                   
200062a7  _system_post_cinit             
200062a9  PRCMCC3200MCUInit              
20006421  __aeabi_ddiv                   
20006557  __aeabi_dmul                   
20006725  ldexp                          
20006725  ldexpl                         
20006725  scalbn                         
20006725  scalbnl                        
200068c3  PinMuxConfig                   
20006a49  IntEnable                      
20006af1  SPIConfigSetExpClk             
20006b91  __aeabi_memcpy                 
20006b91  __aeabi_memcpy4                
20006b91  __aeabi_memcpy8                
20006b91  memcpy                         
20006c2d  PRCMPeripheralClockGet         
20006cc1  PinConfigSet                   
20006d49  SPITransfer                    
20006dd1  vsnprintf                      
20006e59  __aeabi_cdcmpeq                
20006e59  __aeabi_cdcmple                
20006edf  __aeabi_cdrcmple               
20006f65  SPIIntStatus                   
20006fe1  __aeabi_memclr                 
20006fe1  __aeabi_memclr4                
20006fe1  __aeabi_memclr8                
20006fe3  __aeabi_memset                 
20006fe3  __aeabi_memset4                
20006fe3  __aeabi_memset8                
20006fe9  memset                         
2000705b  UARTConfigSetExpClk            
200070d1  __TI_auto_init                 
20007141  __TI_decompress_lzss           
200071a9  frexp                          
200071a9  frexpl                         
20007205  PRCMPeripheralReset            
2000725d  ltoa                           
200072b5  C$$EXIT                        
200072b9  abort                          
200072c1  exit                           
20007309  SPIIntEnable                   
200073a1  atoi                           
200073ed  copy_in                        
20007439  SPIIntClear                    
20007481  __aeabi_d2iz                   
2000750d  PinModeSet                     
2000754d  _c_int00                       
2000758d  PRCMPeripheralClkEnable        
200075c9  UARTDisable                    
200075f9  __aeabi_i2d                    
20007629  PRCMSysResetCauseGet           
20007655  SPIDataGetNonBlocking          
20007681  PRCMPeripheralClkDisable       
200076a9  UARTEnable                     
200076cd  memmove                        
200076f1  SPIReset                       
20007715  IntRegister                    
20007735  SPIDataGet                     
20007755  SPIDataPut                     
20007773  SPIIntRegister                 
20007791  UARTCharPut                    
200077af  UARTCharGetNonBlocking         
200077cb  memccpy                        
200077e7  PinTypeSPI                     
20007801  SPICSDisable                   
20007819  SPICSEnable                    
20007831  SPIEnable                      
20007849  UARTCharsAvail                 
20007861  _args_main                     
20007879  PRCMHIBRegRead                 
2000788f  PRCMHIBRegWrite                
200078a5  UARTCharGet                    
200078bb  strchr                         
200078d1  CPUcpsie                       
200078e5  IntVTableBaseSet               
200078f9  _register_unlock               
200078ff  _register_lock                 
20007907  _nop                           
2000790d  strlen                         
20007921  __TI_decompress_none           
2000792f  ResetISR                       
2000793d  __TI_zero_init                 
20007949  IntMasterEnable                
20007953  copysign                       
20007953  copysignl                      
2000795b  UtilsDelay                     
20007961  _system_pre_init               
20007964  _ctypes_                       
20007cd0  __TI_static_base__             
20007cec  __TI_Handler_Table_Base        
20007cf8  __TI_Handler_Table_Limit       
20007d00  __TI_CINIT_Base                
20007d10  __TI_CINIT_Limit               
20017000  _sys_memory                    
200178d0  __TI_cleanup_ptr               
200178d4  __TI_dtors_ptr                 
200178d8  __TI_enable_exit_profile_output
200178e8  _lock                          
200178ec  _unlock                        
200178f0  errno                          
200178f4  main_func_sp                   
2002f800  __stack                        
20030000  __STACK_END                    
ffffffff  __TI_pprof_out_hndl            
ffffffff  __TI_prof_data_size            
ffffffff  __TI_prof_data_start           
ffffffff  __binit__                      
ffffffff  __c_args__                     
ffffffff  binit                          
UNDEFED   SHT$$INIT_ARRAY$$Base          
UNDEFED   SHT$$INIT_ARRAY$$Limit         

[135 symbols]
