******************************************************************************
                  TI ARM Linker PC v16.9.0                     
******************************************************************************
>> Linked Mon May 01 18:58:37 2023

OUTPUT FILE NAME:   <decoding_IR.out>
ENTRY POINT SYMBOL: "_c_int00"  address: 20007901


MEMORY CONFIGURATION

         name            origin    length      used     unused   attr    fill
----------------------  --------  ---------  --------  --------  ----  --------
  SRAM_CODE             20004000   00019000  000040dc  00014f24  RW X
  SRAM_DATA             2001d000   00023000  000013e0  00021c20  RW X


SEGMENT ALLOCATION MAP

run origin  load origin   length   init length attrs members
----------  ----------- ---------- ----------- ----- -------
20004000    20004000    000040e0   000040e0    r-x
  20004000    20004000    00000400   00000400    r-- .intvecs
  20004400    20004400    00003918   00003918    r-x .text
  20007d18    20007d18    0000032c   0000032c    r-- .const
  20008048    20008048    00000098   00000098    r-- .cinit
2001d000    2001d000    00000be0   00000000    rw-
  2001d000    2001d000    00000800   00000000    rw- .sysmem
  2001d800    2001d800    00000208   00000000    rw- .data
  2001da08    2001da08    000001d8   00000000    rw- .bss
2003f800    2003f800    00000800   00000000    rw-
  2003f800    2003f800    00000800   00000000    rw- .stack


SECTION ALLOCATION MAP

 output                                  attributes/
section   page    origin      length       input sections
--------  ----  ----------  ----------   ----------------
.intvecs   0    20004000    00000400     
                  20004000    00000400     startup_ccs.obj (.intvecs)

.init_array 
*          0    20004000    00000000     UNINITIALIZED

.text      0    20004400    00003918     
                  20004400    0000111e     rtsv7M4_T_le_eabi.lib : _printfi.obj (.text)
                  2000551e    00000002                           : mpu_init.obj (.text)
                  20005520    000003d0                           : memory.obj (.text)
                  200058f0    00000324                           : trgdrv.obj (.text)
                  20005c14    0000030c                           : lowlev.obj (.text)
                  20005f20    000001f4                           : ull_div_t2.obj (.text)
                  20006114    000001c4                           : fopen.obj (.text)
                  200062d8    000001b6                           : fd_add_t2.obj (.text)
                  2000648e    00000002                           : startup.obj (.text)
                  20006490    00000188     main.obj (.text)
                  20006618    00000178     driverlib.a : prcm.obj (.text:PRCMCC3200MCUInit)
                  20006790    00000136     rtsv7M4_T_le_eabi.lib : fd_div_t2.obj (.text)
                  200068c6    00000002     --HOLE-- [fill = 0]
                  200068c8    00000134                           : fputs.obj (.text)
                  200069fc    00000108     pin_mux_config.obj (.text)
                  20006b04    000000fc     rtsv7M4_T_le_eabi.lib : fd_mul_t2.obj (.text)
                  20006c00    000000dc                           : setvbuf.obj (.text)
                  20006cdc    000000d0                           : s_scalbn.obj (.text)
                  20006dac    000000c8                           : fflush.obj (.text)
                  20006e74    000000ac                           : _io_perm.obj (.text)
                  20006f20    000000a8     driverlib.a : interrupt.obj (.text:IntEnable)
                  20006fc8    0000009c     rtsv7M4_T_le_eabi.lib : memcpy_t2.obj (.text)
                  20007064    00000098                           : fclose.obj (.text)
                  200070fc    00000098                           : fputc.obj (.text)
                  20007194    00000088     driverlib.a : pin.obj (.text:PinConfigSet)
                  2000721c    00000086     rtsv7M4_T_le_eabi.lib : fd_cmp_t2.obj (.text:__aeabi_cdcmple)
                  200072a2    00000086                           : fd_cmp_t2.obj (.text:__aeabi_cdrcmple)
                  20007328    00000082     driverlib.a : gpio.obj (.text:GPIOIntTypeSet)
                  200073aa    0000007a     rtsv7M4_T_le_eabi.lib : memset_t2.obj (.text)
                  20007424    00000070                           : autoinit.obj (.text)
                  20007494    00000070                           : printf.obj (.text)
                  20007504    00000068                           : copy_decompress_lzss.obj (.text:decompress:lzss)
                  2000756c    00000068                           : trgmsg.obj (.text)
                  200075d4    00000064                           : fseek.obj (.text)
                  20007638    0000005c                           : s_frexp.obj (.text)
                  20007694    00000058     driverlib.a : prcm.obj (.text:PRCMPeripheralReset)
                  200076ec    00000056     rtsv7M4_T_le_eabi.lib : ltoa.obj (.text)
                  20007742    00000002     --HOLE-- [fill = 0]
                  20007744    00000054                           : exit.obj (.text)
                  20007798    0000004c                           : atoi.obj (.text)
                  200077e4    0000004c                           : cpy_tbl.obj (.text)
                  20007830    00000048     driverlib.a : gpio.obj (.text:GPIOGetIntNumber)
                  20007878    00000048     rtsv7M4_T_le_eabi.lib : fd_toi_t2.obj (.text)
                  200078c0    00000040     driverlib.a : pin.obj (.text:PinModeSet)
                  20007900    00000040     rtsv7M4_T_le_eabi.lib : boot.obj (.text)
                  20007940    0000003c     driverlib.a : prcm.obj (.text:PRCMPeripheralClkEnable)
                  2000797c    00000036                 : gpio.obj (.text:GPIODirModeSet)
                  200079b2    00000036     rtsv7M4_T_le_eabi.lib : strncpy.obj (.text)
                  200079e8    00000030     driverlib.a : pin.obj (.text:PinTypeGPIO)
                  20007a18    0000002e     rtsv7M4_T_le_eabi.lib : i_tofd_t2.obj (.text)
                  20007a46    00000002     --HOLE-- [fill = 0]
                  20007a48    0000002c     driverlib.a : prcm.obj (.text:PRCMSysResetCauseGet)
                  20007a74    00000028                 : prcm.obj (.text:PRCMPeripheralClkDisable)
                  20007a9c    00000022                 : gpio.obj (.text:GPIOIntStatus)
                  20007abe    00000002     --HOLE-- [fill = 0]
                  20007ac0    00000020                 : interrupt.obj (.text:IntRegister)
                  20007ae0    00000020     rtsv7M4_T_le_eabi.lib : memchr.obj (.text)
                  20007b00    0000001e     driverlib.a : gpio.obj (.text:GPIOIntRegister)
                  20007b1e    00000002     --HOLE-- [fill = 0]
                  20007b20    0000001c                 : systick.obj (.text:SysTickIntRegister)
                  20007b3c    0000001c     rtsv7M4_T_le_eabi.lib : memccpy.obj (.text)
                  20007b58    0000001a     driverlib.a : gpio.obj (.text:GPIOIntEnable)
                  20007b72    0000001a                 : pin.obj (.text:PinTypeUART)
                  20007b8c    00000018                 : systick.obj (.text:SysTickPeriodSet)
                  20007ba4    00000018     rtsv7M4_T_le_eabi.lib : args_main.obj (.text)
                  20007bbc    00000018                           : ll_mul_t2.obj (.text)
                  20007bd4    00000018                           : strcmp.obj (.text)
                  20007bec    00000016     driverlib.a : prcm.obj (.text:PRCMHIBRegRead)
                  20007c02    00000016                 : prcm.obj (.text:PRCMHIBRegWrite)
                  20007c18    00000016     rtsv7M4_T_le_eabi.lib : strchr.obj (.text)
                  20007c2e    00000014     driverlib.a : cpu.obj (.text:CPUcpsie)
                  20007c42    00000014                 : gpio.obj (.text:GPIOIntClear)
                  20007c56    00000002     --HOLE-- [fill = 0]
                  20007c58    00000014                 : interrupt.obj (.text:IntVTableBaseSet)
                  20007c6c    00000014     rtsv7M4_T_le_eabi.lib : _lock.obj (.text)
                  20007c80    00000014                           : strcpy.obj (.text)
                  20007c94    00000014                           : strlen.obj (.text)
                  20007ca8    00000010     driverlib.a : systick.obj (.text:SysTickEnable)
                  20007cb8    00000010                 : systick.obj (.text:SysTickIntEnable)
                  20007cc8    0000000e     rtsv7M4_T_le_eabi.lib : copy_decompress_none.obj (.text:decompress:none)
                  20007cd6    0000000e     startup_ccs.obj (.text)
                  20007ce4    0000000c     driverlib.a : systick.obj (.text:SysTickValueGet)
                  20007cf0    0000000c     rtsv7M4_T_le_eabi.lib : copy_zero_init.obj (.text:decompress:ZI)
                  20007cfc    0000000a     driverlib.a : interrupt.obj (.text:IntMasterEnable)
                  20007d06    00000008     rtsv7M4_T_le_eabi.lib : s_copysign.obj (.text)
                  20007d0e    00000006     driverlib.a : utils.obj (.text:UtilsDelay)
                  20007d14    00000004     rtsv7M4_T_le_eabi.lib : pre_init.obj (.text)

.const     0    20007d18    0000032c     
                  20007d18    00000101     rtsv7M4_T_le_eabi.lib : ctype.obj (.const:.string:_ctypes_)
                  20007e19    00000003     --HOLE-- [fill = 0]
                  20007e1c    00000100     driverlib.a : pin.obj (.const:g_ulPinToPadMap)
                  20007f1c    000000a8                 : prcm.obj (.const:PRCM_PeriphRegsList)
                  20007fc4    00000080                 : interrupt.obj (.const)

.cinit     0    20008048    00000098     
                  20008048    00000074     (.cinit..data.load) [load image, compression = lzss]
                  200080bc    0000000c     (__TI_handler_table)
                  200080c8    00000008     (.cinit..bss.load) [load image, compression = zero_init]
                  200080d0    00000010     (__TI_cinit_table)

.sysmem    0    2001d000    00000800     UNINITIALIZED
                  2001d000    00000008     rtsv7M4_T_le_eabi.lib : memory.obj (.sysmem)
                  2001d008    000007f8     --HOLE--

.data      0    2001d800    00000208     UNINITIALIZED
                  2001d800    000000f0     rtsv7M4_T_le_eabi.lib : defs.obj (.data:_ftable)
                  2001d8f0    000000d0                           : lowlev.obj (.data:$O1$$)
                  2001d9c0    00000010                           : defs.obj (.data)
                  2001d9d0    0000000c                           : exit.obj (.data:$O1$$)
                  2001d9dc    0000000c                           : memory.obj (.data:$O1$$)
                  2001d9e8    0000000c     main.obj (.data)
                  2001d9f4    00000008     rtsv7M4_T_le_eabi.lib : _lock.obj (.data:$O1$$)
                  2001d9fc    00000004                           : errno.obj (.data)
                  2001da00    00000004                           : fopen.obj (.data)
                  2001da04    00000004                           : stkdepth_vars.obj (.data)

.bss       0    2001da08    000001d8     UNINITIALIZED
                  2001da08    00000120     rtsv7M4_T_le_eabi.lib : trgmsg.obj (.bss:_CIOBUF_)
                  2001db28    000000a0     (.common:__TI_tmpnams)
                  2001dbc8    00000008                           : trgdrv.obj (.bss:parmbuf)
                  2001dbd0    00000008     (.common:delta)
                  2001dbd8    00000008     (.common:delta_us)

.stack     0    2003f800    00000800     UNINITIALIZED
                  2003f800    00000800     --HOLE--

MODULE SUMMARY

       Module                     code    ro data   rw data
       ------                     ----    -------   -------
    .\
       startup_ccs.obj            14      1024      0      
       main.obj                   392     0         28     
       pin_mux_config.obj         264     0         0      
    +--+--------------------------+-------+---------+---------+
       Total:                     670     1024      28     
                                                           
    C:/ti/CC3200SDK_1.2.0/cc3200-sdk/driverlib/ccs/Release/driverlib.a
       prcm.obj                   652     168       0      
       pin.obj                    274     256       0      
       gpio.obj                   366     0         0      
       interrupt.obj              230     128       0      
       systick.obj                96      0         0      
       cpu.obj                    20      0         0      
       utils.obj                  6       0         0      
    +--+--------------------------+-------+---------+---------+
       Total:                     1644    552       0      
                                                           
    C:\ti\ccsv7\tools\compiler\ti-cgt-arm_16.9.0.LTS\lib\rtsv7M4_T_le_eabi.lib
       _printfi.obj               4382    0         0      
       lowlev.obj                 780     0         208    
       memory.obj                 976     0         12     
       trgdrv.obj                 804     0         8      
       ull_div_t2.obj             500     0         0      
       fopen.obj                  452     0         4      
       fd_add_t2.obj              438     0         0      
       defs.obj                   0       0         416    
       trgmsg.obj                 104     0         288    
       fd_div_t2.obj              310     0         0      
       fputs.obj                  308     0         0      
       fd_cmp_t2.obj              268     0         0      
       ctype.obj                  0       257       0      
       fd_mul_t2.obj              252     0         0      
       setvbuf.obj                220     0         0      
       s_scalbn.obj               208     0         0      
       fflush.obj                 200     0         0      
       _io_perm.obj               172     0         0      
       memcpy_t2.obj              156     0         0      
       fclose.obj                 152     0         0      
       fputc.obj                  152     0         0      
       memset_t2.obj              122     0         0      
       autoinit.obj               112     0         0      
       printf.obj                 112     0         0      
       copy_decompress_lzss.obj   104     0         0      
       fseek.obj                  100     0         0      
       exit.obj                   84      0         12     
       s_frexp.obj                92      0         0      
       ltoa.obj                   86      0         0      
       atoi.obj                   76      0         0      
       cpy_tbl.obj                76      0         0      
       fd_toi_t2.obj              72      0         0      
       boot.obj                   64      0         0      
       strncpy.obj                54      0         0      
       i_tofd_t2.obj              46      0         0      
       memchr.obj                 32      0         0      
       _lock.obj                  20      0         8      
       memccpy.obj                28      0         0      
       args_main.obj              24      0         0      
       ll_mul_t2.obj              24      0         0      
       strcmp.obj                 24      0         0      
       strchr.obj                 22      0         0      
       strcpy.obj                 20      0         0      
       strlen.obj                 20      0         0      
       copy_decompress_none.obj   14      0         0      
       copy_zero_init.obj         12      0         0      
       s_copysign.obj             8       0         0      
       errno.obj                  0       0         4      
       pre_init.obj               4       0         0      
       stkdepth_vars.obj          0       0         4      
       mpu_init.obj               2       0         0      
       startup.obj                2       0         0      
    +--+--------------------------+-------+---------+---------+
       Total:                     12290   257       964    
                                                           
       Heap:                      0       0         2048   
       Stack:                     0       0         2048   
       Linker Generated:          0       152       0      
    +--+--------------------------+-------+---------+---------+
       Grand Total:               14604   1985      5088   


LINKER GENERATED COPY TABLES

__TI_cinit_table @ 200080d0 records: 2, size/record: 8, table size: 16
	.data: load addr=20008048, load size=00000074 bytes, run addr=2001d800, run size=00000208 bytes, compression=lzss
	.bss: load addr=200080c8, load size=00000008 bytes, run addr=2001da08, run size=000001d8 bytes, compression=zero_init


LINKER GENERATED HANDLER TABLE

__TI_handler_table @ 200080bc records: 3, size/record: 4, table size: 12
	index: 0, handler: __TI_decompress_lzss
	index: 1, handler: __TI_decompress_none
	index: 2, handler: __TI_zero_init


GLOBAL SYMBOLS: SORTED ALPHABETICALLY BY Name 

address   name                           
-------   ----                           
20007745  C$$EXIT                        
2000759b  C$$IO$$                        
20007c2f  CPUcpsie                       
2000797d  GPIODirModeSet                 
20007c43  GPIOIntClear                   
20007b59  GPIOIntEnable                  
20007b01  GPIOIntRegister                
20007a9d  GPIOIntStatus                  
20007329  GPIOIntTypeSet                 
20005bcb  HOSTclock                      
20005b93  HOSTclose                      
20005b55  HOSTgetenv                     
20005af9  HOSTlseek                      
20005aa7  HOSTopen                       
20005a5b  HOSTread                       
200059fd  HOSTrename                     
200059c3  HOSTtime                       
20005975  HOSTtime64                     
2000593d  HOSTunlink                     
200058f1  HOSTwrite                      
20006f21  IntEnable                      
20007cfd  IntMasterEnable                
20007ac1  IntRegister                    
20007c59  IntVTableBaseSet               
20006619  PRCMCC3200MCUInit              
20007bed  PRCMHIBRegRead                 
20007c03  PRCMHIBRegWrite                
20007a75  PRCMPeripheralClkDisable       
20007941  PRCMPeripheralClkEnable        
20007695  PRCMPeripheralReset            
20007a49  PRCMSysResetCauseGet           
20007195  PinConfigSet                   
200078c1  PinModeSet                     
200069fd  PinMuxConfig                   
200079e9  PinTypeGPIO                    
20007b73  PinTypeUART                    
20007cd7  ResetISR                       
UNDEFED   SHT$$INIT_ARRAY$$Base          
UNDEFED   SHT$$INIT_ARRAY$$Limit         
20007ca9  SysTickEnable                  
20007cb9  SysTickIntEnable               
20007b21  SysTickIntRegister             
20007b8d  SysTickPeriodSet               
20007ce5  SysTickValueGet                
20007d0f  UtilsDelay                     
2001da08  __CIOBUF_                      
20040000  __STACK_END                    
00000800  __STACK_SIZE                   
00000800  __SYSMEM_SIZE                  
200080d0  __TI_CINIT_Base                
200080e0  __TI_CINIT_Limit               
200080bc  __TI_Handler_Table_Base        
200080c8  __TI_Handler_Table_Limit       
20007425  __TI_auto_init                 
200061dd  __TI_cleanup                   
2001d9d0  __TI_cleanup_ptr               
20007065  __TI_closefile                 
20007505  __TI_decompress_lzss           
20007cc9  __TI_decompress_none           
20006dad  __TI_doflush                   
2001d9d4  __TI_dtors_ptr                 
2001d9d8  __TI_enable_exit_profile_output
2001d9c0  __TI_ft_end                    
ffffffff  __TI_pprof_out_hndl            
20004c35  __TI_printfi                   
ffffffff  __TI_prof_data_size            
ffffffff  __TI_prof_data_start           
20006ed7  __TI_rd_ok                     
2000759f  __TI_readmsg                   
20008048  __TI_static_base__             
2001db28  __TI_tmpnams                   
2000756d  __TI_writemsg                  
20006e75  __TI_wrt_ok                    
20007cf1  __TI_zero_init                 
2000721d  __aeabi_cdcmpeq                
2000721d  __aeabi_cdcmple                
200072a3  __aeabi_cdrcmple               
20007879  __aeabi_d2iz                   
200062e3  __aeabi_dadd                   
20006791  __aeabi_ddiv                   
20006b05  __aeabi_dmul                   
200062d9  __aeabi_dsub                   
20007a19  __aeabi_i2d                    
20007bbd  __aeabi_lmul                   
200073ab  __aeabi_memclr                 
200073ab  __aeabi_memclr4                
200073ab  __aeabi_memclr8                
20006fc9  __aeabi_memcpy                 
20006fc9  __aeabi_memcpy4                
20006fc9  __aeabi_memcpy8                
200073ad  __aeabi_memset                 
200073ad  __aeabi_memset4                
200073ad  __aeabi_memset8                
2001d9cc  __aeabi_stderr                 
2001d9c4  __aeabi_stdin                  
2001d9c8  __aeabi_stdout                 
20005f21  __aeabi_uldivmod               
ffffffff  __binit__                      
ffffffff  __c_args__                     
2000551f  __mpu_init                     
2003f800  __stack                        
20007ba5  _args_main                     
20007901  _c_int00                       
20007d18  _ctypes_                       
2001d800  _ftable                        
2001d9f4  _lock                          
20007c7b  _nop                           
20007c73  _register_lock                 
20007c6d  _register_unlock               
2001d000  _sys_memory                    
2000648f  _system_post_cinit             
20007d15  _system_pre_init               
2001d9f8  _unlock                        
20007749  abort                          
20005e75  add_device                     
20007799  atoi                           
ffffffff  binit                          
200058c1  calloc                         
20005e25  close                          
200077e5  copy_in                        
20007d07  copysign                       
20007d07  copysignl                      
2001dbd0  delta                          
2001dbd8  delta_us                       
2001d9fc  errno                          
20007751  exit                           
200070cb  fclose                         
20006df9  fflush                         
20006233  fopen                          
200070fd  fputc                          
200068c9  fputs                          
2000560b  free                           
20006209  freopen                        
20007639  frexp                          
20007639  frexpl                         
200075d5  fseek                          
20004000  g_pfnVectors                   
20006cdd  ldexp                          
20006cdd  ldexpl                         
20005e01  lseek                          
200076ed  ltoa                           
20006563  main                           
2001da04  main_func_sp                   
200055a1  malloc                         
200057d5  memalign                       
20007b3d  memccpy                        
20007ae1  memchr                         
20006fc9  memcpy                         
200073b3  memset                         
20005521  minit                          
20005d53  open                           
2001d9ec  pin_intcount                   
2001d9f0  pin_intflag                    
2000749d  printf                         
200070fd  putc                           
20007181  putchar                        
200069d5  puts                           
20005d2f  read                           
200056cd  realloc                        
20005ca5  remove                         
20005d07  remove_device                  
20005cc9  rename                         
20006cdd  scalbn                         
20006cdd  scalbnl                        
20006c01  setvbuf                        
20007c19  strchr                         
20007bd5  strcmp                         
20007c81  strcpy                         
20007c95  strlen                         
200079b3  strncpy                        
2001d9e8  systick_cnt                    
20005ca5  unlink                         
20005c15  write                          


GLOBAL SYMBOLS: SORTED BY Symbol Address 

address   name                           
-------   ----                           
00000800  __STACK_SIZE                   
00000800  __SYSMEM_SIZE                  
20004000  g_pfnVectors                   
20004c35  __TI_printfi                   
2000551f  __mpu_init                     
20005521  minit                          
200055a1  malloc                         
2000560b  free                           
200056cd  realloc                        
200057d5  memalign                       
200058c1  calloc                         
200058f1  HOSTwrite                      
2000593d  HOSTunlink                     
20005975  HOSTtime64                     
200059c3  HOSTtime                       
200059fd  HOSTrename                     
20005a5b  HOSTread                       
20005aa7  HOSTopen                       
20005af9  HOSTlseek                      
20005b55  HOSTgetenv                     
20005b93  HOSTclose                      
20005bcb  HOSTclock                      
20005c15  write                          
20005ca5  remove                         
20005ca5  unlink                         
20005cc9  rename                         
20005d07  remove_device                  
20005d2f  read                           
20005d53  open                           
20005e01  lseek                          
20005e25  close                          
20005e75  add_device                     
20005f21  __aeabi_uldivmod               
200061dd  __TI_cleanup                   
20006209  freopen                        
20006233  fopen                          
200062d9  __aeabi_dsub                   
200062e3  __aeabi_dadd                   
2000648f  _system_post_cinit             
20006563  main                           
20006619  PRCMCC3200MCUInit              
20006791  __aeabi_ddiv                   
200068c9  fputs                          
200069d5  puts                           
200069fd  PinMuxConfig                   
20006b05  __aeabi_dmul                   
20006c01  setvbuf                        
20006cdd  ldexp                          
20006cdd  ldexpl                         
20006cdd  scalbn                         
20006cdd  scalbnl                        
20006dad  __TI_doflush                   
20006df9  fflush                         
20006e75  __TI_wrt_ok                    
20006ed7  __TI_rd_ok                     
20006f21  IntEnable                      
20006fc9  __aeabi_memcpy                 
20006fc9  __aeabi_memcpy4                
20006fc9  __aeabi_memcpy8                
20006fc9  memcpy                         
20007065  __TI_closefile                 
200070cb  fclose                         
200070fd  fputc                          
200070fd  putc                           
20007181  putchar                        
20007195  PinConfigSet                   
2000721d  __aeabi_cdcmpeq                
2000721d  __aeabi_cdcmple                
200072a3  __aeabi_cdrcmple               
20007329  GPIOIntTypeSet                 
200073ab  __aeabi_memclr                 
200073ab  __aeabi_memclr4                
200073ab  __aeabi_memclr8                
200073ad  __aeabi_memset                 
200073ad  __aeabi_memset4                
200073ad  __aeabi_memset8                
200073b3  memset                         
20007425  __TI_auto_init                 
2000749d  printf                         
20007505  __TI_decompress_lzss           
2000756d  __TI_writemsg                  
2000759b  C$$IO$$                        
2000759f  __TI_readmsg                   
200075d5  fseek                          
20007639  frexp                          
20007639  frexpl                         
20007695  PRCMPeripheralReset            
200076ed  ltoa                           
20007745  C$$EXIT                        
20007749  abort                          
20007751  exit                           
20007799  atoi                           
200077e5  copy_in                        
20007879  __aeabi_d2iz                   
200078c1  PinModeSet                     
20007901  _c_int00                       
20007941  PRCMPeripheralClkEnable        
2000797d  GPIODirModeSet                 
200079b3  strncpy                        
200079e9  PinTypeGPIO                    
20007a19  __aeabi_i2d                    
20007a49  PRCMSysResetCauseGet           
20007a75  PRCMPeripheralClkDisable       
20007a9d  GPIOIntStatus                  
20007ac1  IntRegister                    
20007ae1  memchr                         
20007b01  GPIOIntRegister                
20007b21  SysTickIntRegister             
20007b3d  memccpy                        
20007b59  GPIOIntEnable                  
20007b73  PinTypeUART                    
20007b8d  SysTickPeriodSet               
20007ba5  _args_main                     
20007bbd  __aeabi_lmul                   
20007bd5  strcmp                         
20007bed  PRCMHIBRegRead                 
20007c03  PRCMHIBRegWrite                
20007c19  strchr                         
20007c2f  CPUcpsie                       
20007c43  GPIOIntClear                   
20007c59  IntVTableBaseSet               
20007c6d  _register_unlock               
20007c73  _register_lock                 
20007c7b  _nop                           
20007c81  strcpy                         
20007c95  strlen                         
20007ca9  SysTickEnable                  
20007cb9  SysTickIntEnable               
20007cc9  __TI_decompress_none           
20007cd7  ResetISR                       
20007ce5  SysTickValueGet                
20007cf1  __TI_zero_init                 
20007cfd  IntMasterEnable                
20007d07  copysign                       
20007d07  copysignl                      
20007d0f  UtilsDelay                     
20007d15  _system_pre_init               
20007d18  _ctypes_                       
20008048  __TI_static_base__             
200080bc  __TI_Handler_Table_Base        
200080c8  __TI_Handler_Table_Limit       
200080d0  __TI_CINIT_Base                
200080e0  __TI_CINIT_Limit               
2001d000  _sys_memory                    
2001d800  _ftable                        
2001d9c0  __TI_ft_end                    
2001d9c4  __aeabi_stdin                  
2001d9c8  __aeabi_stdout                 
2001d9cc  __aeabi_stderr                 
2001d9d0  __TI_cleanup_ptr               
2001d9d4  __TI_dtors_ptr                 
2001d9d8  __TI_enable_exit_profile_output
2001d9e8  systick_cnt                    
2001d9ec  pin_intcount                   
2001d9f0  pin_intflag                    
2001d9f4  _lock                          
2001d9f8  _unlock                        
2001d9fc  errno                          
2001da04  main_func_sp                   
2001da08  __CIOBUF_                      
2001db28  __TI_tmpnams                   
2001dbd0  delta                          
2001dbd8  delta_us                       
2003f800  __stack                        
20040000  __STACK_END                    
ffffffff  __TI_pprof_out_hndl            
ffffffff  __TI_prof_data_size            
ffffffff  __TI_prof_data_start           
ffffffff  __binit__                      
ffffffff  __c_args__                     
ffffffff  binit                          
UNDEFED   SHT$$INIT_ARRAY$$Base          
UNDEFED   SHT$$INIT_ARRAY$$Limit         

[173 symbols]
