******************************************************************************
                  TI ARM Linker PC v16.9.0                     
******************************************************************************
>> Linked Thu Apr 27 16:03:59 2023

OUTPUT FILE NAME:   <decoding_IR.out>
ENTRY POINT SYMBOL: "_c_int00"  address: 20007c95


MEMORY CONFIGURATION

         name            origin    length      used     unused   attr    fill
----------------------  --------  ---------  --------  --------  ----  --------
  SRAM_CODE             20004000   00019000  00004514  00014aec  RW X
  SRAM_DATA             2001d000   00023000  000013d8  00021c28  RW X


SEGMENT ALLOCATION MAP

run origin  load origin   length   init length attrs members
----------  ----------- ---------- ----------- ----- -------
20004000    20004000    00004518   00004518    r-x
  20004000    20004000    00000400   00000400    r-- .intvecs
  20004400    20004400    00003d50   00003d50    r-x .text
  20008150    20008150    0000032c   0000032c    r-- .const
  20008480    20008480    00000098   00000098    r-- .cinit
2001d000    2001d000    00000bd8   00000000    rw-
  2001d000    2001d000    00000800   00000000    rw- .sysmem
  2001d800    2001d800    00000208   00000000    rw- .data
  2001da08    2001da08    000001d0   00000000    rw- .bss
2003f800    2003f800    00000800   00000000    rw-
  2003f800    2003f800    00000800   00000000    rw- .stack


SECTION ALLOCATION MAP

 output                                  attributes/
section   page    origin      length       input sections
--------  ----  ----------  ----------   ----------------
.intvecs   0    20004000    00000400     
                  20004000    00000400     startup_ccs.obj (.intvecs)

.init_array 
*          0    20004000    00000000     UNINITIALIZED

.text      0    20004400    00003d50     
                  20004400    0000111e     rtsv7M4_T_le_eabi.lib : _printfi.obj (.text)
                  2000551e    00000002                           : mpu_init.obj (.text)
                  20005520    000003d0                           : memory.obj (.text)
                  200058f0    00000324                           : trgdrv.obj (.text)
                  20005c14    0000030c                           : lowlev.obj (.text)
                  20005f20    00000280     uart_if.obj (.text)
                  200061a0    000001f4     rtsv7M4_T_le_eabi.lib : ull_div_t2.obj (.text)
                  20006394    000001c4                           : fopen.obj (.text)
                  20006558    000001b6                           : fd_add_t2.obj (.text)
                  2000670e    00000002                           : startup.obj (.text)
                  20006710    00000178     driverlib.a : prcm.obj (.text:PRCMCC3200MCUInit)
                  20006888    00000136     rtsv7M4_T_le_eabi.lib : fd_div_t2.obj (.text)
                  200069be    00000002     --HOLE-- [fill = 0]
                  200069c0    00000134                           : fputs.obj (.text)
                  20006af4    00000114     main.obj (.text)
                  20006c08    000000fc     pin_mux_config.obj (.text)
                  20006d04    000000fc     rtsv7M4_T_le_eabi.lib : fd_mul_t2.obj (.text)
                  20006e00    000000dc                           : setvbuf.obj (.text)
                  20006edc    000000d0                           : s_scalbn.obj (.text)
                  20006fac    000000c8                           : fflush.obj (.text)
                  20007074    000000ac                           : _io_perm.obj (.text)
                  20007120    000000a8     driverlib.a : interrupt.obj (.text:IntEnable)
                  200071c8    0000009c     rtsv7M4_T_le_eabi.lib : memcpy_t2.obj (.text)
                  20007264    00000098                           : fclose.obj (.text)
                  200072fc    00000098                           : fputc.obj (.text)
                  20007394    00000094     driverlib.a : prcm.obj (.text:PRCMPeripheralClockGet)
                  20007428    00000088                 : pin.obj (.text:PinConfigSet)
                  200074b0    00000088     rtsv7M4_T_le_eabi.lib : vsnprintf.obj (.text)
                  20007538    00000086                           : fd_cmp_t2.obj (.text:__aeabi_cdcmple)
                  200075be    00000086                           : fd_cmp_t2.obj (.text:__aeabi_cdrcmple)
                  20007644    00000082     driverlib.a : gpio.obj (.text:GPIOIntTypeSet)
                  200076c6    0000007a     rtsv7M4_T_le_eabi.lib : memset_t2.obj (.text)
                  20007740    00000076     driverlib.a : uart.obj (.text:UARTConfigSetExpClk)
                  200077b6    00000002     --HOLE-- [fill = 0]
                  200077b8    00000070     rtsv7M4_T_le_eabi.lib : autoinit.obj (.text)
                  20007828    00000070                           : printf.obj (.text)
                  20007898    00000068                           : copy_decompress_lzss.obj (.text:decompress:lzss)
                  20007900    00000068                           : trgmsg.obj (.text)
                  20007968    00000064                           : fseek.obj (.text)
                  200079cc    0000005c                           : s_frexp.obj (.text)
                  20007a28    00000058     driverlib.a : prcm.obj (.text:PRCMPeripheralReset)
                  20007a80    00000056     rtsv7M4_T_le_eabi.lib : ltoa.obj (.text)
                  20007ad6    00000002     --HOLE-- [fill = 0]
                  20007ad8    00000054                           : exit.obj (.text)
                  20007b2c    0000004c                           : atoi.obj (.text)
                  20007b78    0000004c                           : cpy_tbl.obj (.text)
                  20007bc4    00000048     driverlib.a : gpio.obj (.text:GPIOGetIntNumber)
                  20007c0c    00000048     rtsv7M4_T_le_eabi.lib : fd_toi_t2.obj (.text)
                  20007c54    00000040     driverlib.a : pin.obj (.text:PinModeSet)
                  20007c94    00000040     rtsv7M4_T_le_eabi.lib : boot.obj (.text)
                  20007cd4    0000003c     driverlib.a : prcm.obj (.text:PRCMPeripheralClkEnable)
                  20007d10    00000036                 : gpio.obj (.text:GPIODirModeSet)
                  20007d46    00000036     rtsv7M4_T_le_eabi.lib : strncpy.obj (.text)
                  20007d7c    00000030     driverlib.a : pin.obj (.text:PinTypeGPIO)
                  20007dac    00000030                 : uart.obj (.text:UARTDisable)
                  20007ddc    0000002e     rtsv7M4_T_le_eabi.lib : i_tofd_t2.obj (.text)
                  20007e0a    00000002     --HOLE-- [fill = 0]
                  20007e0c    0000002c     driverlib.a : prcm.obj (.text:PRCMSysResetCauseGet)
                  20007e38    00000028                 : prcm.obj (.text:PRCMPeripheralClkDisable)
                  20007e60    00000024                 : uart.obj (.text:UARTEnable)
                  20007e84    00000024     rtsv7M4_T_le_eabi.lib : memmov.obj (.text)
                  20007ea8    00000022     driverlib.a : gpio.obj (.text:GPIOIntStatus)
                  20007eca    00000002     --HOLE-- [fill = 0]
                  20007ecc    00000020                 : interrupt.obj (.text:IntRegister)
                  20007eec    00000020     rtsv7M4_T_le_eabi.lib : memchr.obj (.text)
                  20007f0c    0000001e     driverlib.a : gpio.obj (.text:GPIOIntRegister)
                  20007f2a    0000001e                 : uart.obj (.text:UARTCharPut)
                  20007f48    0000001c                 : systick.obj (.text:SysTickIntRegister)
                  20007f64    0000001c                 : uart.obj (.text:UARTCharGetNonBlocking)
                  20007f80    0000001c     rtsv7M4_T_le_eabi.lib : memccpy.obj (.text)
                  20007f9c    0000001a     driverlib.a : gpio.obj (.text:GPIOIntEnable)
                  20007fb6    0000001a                 : pin.obj (.text:PinTypeUART)
                  20007fd0    00000018                 : systick.obj (.text:SysTickPeriodSet)
                  20007fe8    00000018                 : uart.obj (.text:UARTCharsAvail)
                  20008000    00000018     rtsv7M4_T_le_eabi.lib : args_main.obj (.text)
                  20008018    00000018                           : strcmp.obj (.text)
                  20008030    00000016     driverlib.a : prcm.obj (.text:PRCMHIBRegRead)
                  20008046    00000016                 : prcm.obj (.text:PRCMHIBRegWrite)
                  2000805c    00000016     rtsv7M4_T_le_eabi.lib : strchr.obj (.text)
                  20008072    00000014     driverlib.a : cpu.obj (.text:CPUcpsie)
                  20008086    00000014                 : gpio.obj (.text:GPIOIntClear)
                  2000809a    00000002     --HOLE-- [fill = 0]
                  2000809c    00000014                 : interrupt.obj (.text:IntVTableBaseSet)
                  200080b0    00000014     rtsv7M4_T_le_eabi.lib : _lock.obj (.text)
                  200080c4    00000014                           : strcpy.obj (.text)
                  200080d8    00000014                           : strlen.obj (.text)
                  200080ec    00000010     driverlib.a : systick.obj (.text:SysTickEnable)
                  200080fc    00000010                 : systick.obj (.text:SysTickIntEnable)
                  2000810c    0000000e     rtsv7M4_T_le_eabi.lib : copy_decompress_none.obj (.text:decompress:none)
                  2000811a    0000000e     startup_ccs.obj (.text)
                  20008128    0000000c     rtsv7M4_T_le_eabi.lib : copy_zero_init.obj (.text:decompress:ZI)
                  20008134    0000000a     driverlib.a : interrupt.obj (.text:IntMasterEnable)
                  2000813e    00000008     rtsv7M4_T_le_eabi.lib : s_copysign.obj (.text)
                  20008146    00000006     driverlib.a : utils.obj (.text:UtilsDelay)
                  2000814c    00000004     rtsv7M4_T_le_eabi.lib : pre_init.obj (.text)

.const     0    20008150    0000032c     
                  20008150    00000101     rtsv7M4_T_le_eabi.lib : ctype.obj (.const:.string:_ctypes_)
                  20008251    00000003     --HOLE-- [fill = 0]
                  20008254    00000100     driverlib.a : pin.obj (.const:g_ulPinToPadMap)
                  20008354    000000a8                 : prcm.obj (.const:PRCM_PeriphRegsList)
                  200083fc    00000080                 : interrupt.obj (.const)

.cinit     0    20008480    00000098     
                  20008480    00000074     (.cinit..data.load) [load image, compression = lzss]
                  200084f4    0000000c     (__TI_handler_table)
                  20008500    00000008     (.cinit..bss.load) [load image, compression = zero_init]
                  20008508    00000010     (__TI_cinit_table)

.sysmem    0    2001d000    00000800     UNINITIALIZED
                  2001d000    00000008     rtsv7M4_T_le_eabi.lib : memory.obj (.sysmem)
                  2001d008    000007f8     --HOLE--

.data      0    2001d800    00000208     UNINITIALIZED
                  2001d800    000000f0     rtsv7M4_T_le_eabi.lib : defs.obj (.data:_ftable)
                  2001d8f0    000000d0                           : lowlev.obj (.data:$O1$$)
                  2001d9c0    00000010                           : defs.obj (.data)
                  2001d9d0    0000000c                           : exit.obj (.data:$O1$$)
                  2001d9dc    0000000c                           : memory.obj (.data:$O1$$)
                  2001d9e8    0000000c     main.obj (.data)
                  2001d9f4    00000008     rtsv7M4_T_le_eabi.lib : _lock.obj (.data:$O1$$)
                  2001d9fc    00000004                           : errno.obj (.data)
                  2001da00    00000004                           : fopen.obj (.data)
                  2001da04    00000004                           : stkdepth_vars.obj (.data)

.bss       0    2001da08    000001d0     UNINITIALIZED
                  2001da08    00000120     rtsv7M4_T_le_eabi.lib : trgmsg.obj (.bss:_CIOBUF_)
                  2001db28    000000a0     (.common:__TI_tmpnams)
                  2001dbc8    00000008                           : trgdrv.obj (.bss:parmbuf)
                  2001dbd0    00000004     uart_if.obj (.bss)
                  2001dbd4    00000004     (.common:falling_edge_tick)

.stack     0    2003f800    00000800     UNINITIALIZED
                  2003f800    00000800     --HOLE--

MODULE SUMMARY

       Module                     code    ro data   rw data
       ------                     ----    -------   -------
    .\
       startup_ccs.obj            14      1024      0      
       uart_if.obj                640     0         4      
       main.obj                   276     0         16     
       pin_mux_config.obj         252     0         0      
    +--+--------------------------+-------+---------+---------+
       Total:                     1182    1024      20     
                                                           
    C:/ti/CC3200SDK_1.2.0/cc3200-sdk/driverlib/ccs/Release/driverlib.a
       prcm.obj                   800     168       0      
       pin.obj                    274     256       0      
       gpio.obj                   366     0         0      
       interrupt.obj              230     128       0      
       uart.obj                   284     0         0      
       systick.obj                84      0         0      
       cpu.obj                    20      0         0      
       utils.obj                  6       0         0      
    +--+--------------------------+-------+---------+---------+
       Total:                     2064    552       0      
                                                           
    C:\ti\ccsv7\tools\compiler\ti-cgt-arm_16.9.0.LTS\lib\rtsv7M4_T_le_eabi.lib
       _printfi.obj               4382    0         0      
       lowlev.obj                 780     0         208    
       memory.obj                 976     0         12     
       trgdrv.obj                 804     0         8      
       ull_div_t2.obj             500     0         0      
       fopen.obj                  452     0         4      
       fd_add_t2.obj              438     0         0      
       defs.obj                   0       0         416    
       trgmsg.obj                 104     0         288    
       fd_div_t2.obj              310     0         0      
       fputs.obj                  308     0         0      
       fd_cmp_t2.obj              268     0         0      
       ctype.obj                  0       257       0      
       fd_mul_t2.obj              252     0         0      
       setvbuf.obj                220     0         0      
       s_scalbn.obj               208     0         0      
       fflush.obj                 200     0         0      
       _io_perm.obj               172     0         0      
       memcpy_t2.obj              156     0         0      
       fclose.obj                 152     0         0      
       fputc.obj                  152     0         0      
       vsnprintf.obj              136     0         0      
       memset_t2.obj              122     0         0      
       autoinit.obj               112     0         0      
       printf.obj                 112     0         0      
       copy_decompress_lzss.obj   104     0         0      
       fseek.obj                  100     0         0      
       exit.obj                   84      0         12     
       s_frexp.obj                92      0         0      
       ltoa.obj                   86      0         0      
       atoi.obj                   76      0         0      
       cpy_tbl.obj                76      0         0      
       fd_toi_t2.obj              72      0         0      
       boot.obj                   64      0         0      
       strncpy.obj                54      0         0      
       i_tofd_t2.obj              46      0         0      
       memmov.obj                 36      0         0      
       memchr.obj                 32      0         0      
       _lock.obj                  20      0         8      
       memccpy.obj                28      0         0      
       args_main.obj              24      0         0      
       strcmp.obj                 24      0         0      
       strchr.obj                 22      0         0      
       strcpy.obj                 20      0         0      
       strlen.obj                 20      0         0      
       copy_decompress_none.obj   14      0         0      
       copy_zero_init.obj         12      0         0      
       s_copysign.obj             8       0         0      
       errno.obj                  0       0         4      
       pre_init.obj               4       0         0      
       stkdepth_vars.obj          0       0         4      
       mpu_init.obj               2       0         0      
       startup.obj                2       0         0      
    +--+--------------------------+-------+---------+---------+
       Total:                     12438   257       964    
                                                           
       Heap:                      0       0         2048   
       Stack:                     0       0         2048   
       Linker Generated:          0       152       0      
    +--+--------------------------+-------+---------+---------+
       Grand Total:               15684   1985      5080   


LINKER GENERATED COPY TABLES

__TI_cinit_table @ 20008508 records: 2, size/record: 8, table size: 16
	.data: load addr=20008480, load size=00000074 bytes, run addr=2001d800, run size=00000208 bytes, compression=lzss
	.bss: load addr=20008500, load size=00000008 bytes, run addr=2001da08, run size=000001d0 bytes, compression=zero_init


LINKER GENERATED HANDLER TABLE

__TI_handler_table @ 200084f4 records: 3, size/record: 4, table size: 12
	index: 0, handler: __TI_decompress_lzss
	index: 1, handler: __TI_decompress_none
	index: 2, handler: __TI_zero_init


GLOBAL SYMBOLS: SORTED ALPHABETICALLY BY Name 

address   name                           
-------   ----                           
20007ad9  C$$EXIT                        
2000792f  C$$IO$$                        
20008073  CPUcpsie                       
20005f61  ClearTerm                      
20005f6b  Error                          
20007d11  GPIODirModeSet                 
20008087  GPIOIntClear                   
20007f9d  GPIOIntEnable                  
20007f0d  GPIOIntRegister                
20007ea9  GPIOIntStatus                  
20007645  GPIOIntTypeSet                 
20005fa3  GetCmd                         
20005bcb  HOSTclock                      
20005b93  HOSTclose                      
20005b55  HOSTgetenv                     
20005af9  HOSTlseek                      
20005aa7  HOSTopen                       
20005a5b  HOSTread                       
200059fd  HOSTrename                     
200059c3  HOSTtime                       
20005975  HOSTtime64                     
2000593d  HOSTunlink                     
200058f1  HOSTwrite                      
20005f21  InitTerm                       
20007121  IntEnable                      
20008135  IntMasterEnable                
20007ecd  IntRegister                    
2000809d  IntVTableBaseSet               
20005f3f  Message                        
20006711  PRCMCC3200MCUInit              
20008031  PRCMHIBRegRead                 
20008047  PRCMHIBRegWrite                
20007e39  PRCMPeripheralClkDisable       
20007cd5  PRCMPeripheralClkEnable        
20007395  PRCMPeripheralClockGet         
20007a29  PRCMPeripheralReset            
20007e0d  PRCMSysResetCauseGet           
20007429  PinConfigSet                   
20007c55  PinModeSet                     
20006c09  PinMuxConfig                   
20007d7d  PinTypeGPIO                    
20007fb7  PinTypeUART                    
200060e1  Report                         
2000811b  ResetISR                       
UNDEFED   SHT$$INIT_ARRAY$$Base          
UNDEFED   SHT$$INIT_ARRAY$$Limit         
200080ed  SysTickEnable                  
200080fd  SysTickIntEnable               
20007f49  SysTickIntRegister             
20007fd1  SysTickPeriodSet               
20006049  TrimSpace                      
20007f65  UARTCharGetNonBlocking         
20007f2b  UARTCharPut                    
20007fe9  UARTCharsAvail                 
20007741  UARTConfigSetExpClk            
20007dad  UARTDisable                    
20007e61  UARTEnable                     
20008147  UtilsDelay                     
2001da08  __CIOBUF_                      
20040000  __STACK_END                    
00000800  __STACK_SIZE                   
00000800  __SYSMEM_SIZE                  
20008508  __TI_CINIT_Base                
20008518  __TI_CINIT_Limit               
200084f4  __TI_Handler_Table_Base        
20008500  __TI_Handler_Table_Limit       
200077b9  __TI_auto_init                 
2000645d  __TI_cleanup                   
2001d9d0  __TI_cleanup_ptr               
20007265  __TI_closefile                 
20007899  __TI_decompress_lzss           
2000810d  __TI_decompress_none           
20006fad  __TI_doflush                   
2001d9d4  __TI_dtors_ptr                 
2001d9d8  __TI_enable_exit_profile_output
2001d9c0  __TI_ft_end                    
ffffffff  __TI_pprof_out_hndl            
20004c35  __TI_printfi                   
ffffffff  __TI_prof_data_size            
ffffffff  __TI_prof_data_start           
200070d7  __TI_rd_ok                     
20007933  __TI_readmsg                   
20008480  __TI_static_base__             
2001db28  __TI_tmpnams                   
20007901  __TI_writemsg                  
20007075  __TI_wrt_ok                    
20008129  __TI_zero_init                 
20007539  __aeabi_cdcmpeq                
20007539  __aeabi_cdcmple                
200075bf  __aeabi_cdrcmple               
20007c0d  __aeabi_d2iz                   
20006563  __aeabi_dadd                   
20006889  __aeabi_ddiv                   
20006d05  __aeabi_dmul                   
20006559  __aeabi_dsub                   
20007ddd  __aeabi_i2d                    
200076c7  __aeabi_memclr                 
200076c7  __aeabi_memclr4                
200076c7  __aeabi_memclr8                
200071c9  __aeabi_memcpy                 
200071c9  __aeabi_memcpy4                
200071c9  __aeabi_memcpy8                
200076c9  __aeabi_memset                 
200076c9  __aeabi_memset4                
200076c9  __aeabi_memset8                
2001d9cc  __aeabi_stderr                 
2001d9c4  __aeabi_stdin                  
2001d9c8  __aeabi_stdout                 
200061a1  __aeabi_uldivmod               
ffffffff  __binit__                      
ffffffff  __c_args__                     
2000551f  __mpu_init                     
2003f800  __stack                        
20008001  _args_main                     
20007c95  _c_int00                       
20008150  _ctypes_                       
2001d800  _ftable                        
2001d9f4  _lock                          
200080bf  _nop                           
200080b7  _register_lock                 
200080b1  _register_unlock               
2001d000  _sys_memory                    
2000670f  _system_post_cinit             
2000814d  _system_pre_init               
2001d9f8  _unlock                        
20007add  abort                          
20005e75  add_device                     
20007b2d  atoi                           
ffffffff  binit                          
200058c1  calloc                         
20005e25  close                          
20007b79  copy_in                        
2000813f  copysign                       
2000813f  copysignl                      
2001d9fc  errno                          
20007ae5  exit                           
2001dbd4  falling_edge_tick              
200072cb  fclose                         
20006ff9  fflush                         
200064b3  fopen                          
200072fd  fputc                          
200069c1  fputs                          
2000560b  free                           
20006489  freopen                        
200079cd  frexp                          
200079cd  frexpl                         
20007969  fseek                          
20004000  g_pfnVectors                   
20006edd  ldexp                          
20006edd  ldexpl                         
20005e01  lseek                          
20007a81  ltoa                           
20006b5b  main                           
2001da04  main_func_sp                   
200055a1  malloc                         
200057d5  memalign                       
20007f81  memccpy                        
20007eed  memchr                         
200071c9  memcpy                         
20007e85  memmove                        
200076cf  memset                         
20005521  minit                          
20005d53  open                           
2001d9ec  pin_intcount                   
2001d9f0  pin_intflag                    
20007831  printf                         
200072fd  putc                           
20007381  putchar                        
20006acd  puts                           
20005d2f  read                           
200056cd  realloc                        
20005ca5  remove                         
20005d07  remove_device                  
20005cc9  rename                         
20006edd  scalbn                         
20006edd  scalbnl                        
20006e01  setvbuf                        
2000805d  strchr                         
20008019  strcmp                         
200080c5  strcpy                         
200080d9  strlen                         
20007d47  strncpy                        
2001d9e8  systick_cnt                    
20005ca5  unlink                         
200074b1  vsnprintf                      
20005c15  write                          


GLOBAL SYMBOLS: SORTED BY Symbol Address 

address   name                           
-------   ----                           
00000800  __STACK_SIZE                   
00000800  __SYSMEM_SIZE                  
20004000  g_pfnVectors                   
20004c35  __TI_printfi                   
2000551f  __mpu_init                     
20005521  minit                          
200055a1  malloc                         
2000560b  free                           
200056cd  realloc                        
200057d5  memalign                       
200058c1  calloc                         
200058f1  HOSTwrite                      
2000593d  HOSTunlink                     
20005975  HOSTtime64                     
200059c3  HOSTtime                       
200059fd  HOSTrename                     
20005a5b  HOSTread                       
20005aa7  HOSTopen                       
20005af9  HOSTlseek                      
20005b55  HOSTgetenv                     
20005b93  HOSTclose                      
20005bcb  HOSTclock                      
20005c15  write                          
20005ca5  remove                         
20005ca5  unlink                         
20005cc9  rename                         
20005d07  remove_device                  
20005d2f  read                           
20005d53  open                           
20005e01  lseek                          
20005e25  close                          
20005e75  add_device                     
20005f21  InitTerm                       
20005f3f  Message                        
20005f61  ClearTerm                      
20005f6b  Error                          
20005fa3  GetCmd                         
20006049  TrimSpace                      
200060e1  Report                         
200061a1  __aeabi_uldivmod               
2000645d  __TI_cleanup                   
20006489  freopen                        
200064b3  fopen                          
20006559  __aeabi_dsub                   
20006563  __aeabi_dadd                   
2000670f  _system_post_cinit             
20006711  PRCMCC3200MCUInit              
20006889  __aeabi_ddiv                   
200069c1  fputs                          
20006acd  puts                           
20006b5b  main                           
20006c09  PinMuxConfig                   
20006d05  __aeabi_dmul                   
20006e01  setvbuf                        
20006edd  ldexp                          
20006edd  ldexpl                         
20006edd  scalbn                         
20006edd  scalbnl                        
20006fad  __TI_doflush                   
20006ff9  fflush                         
20007075  __TI_wrt_ok                    
200070d7  __TI_rd_ok                     
20007121  IntEnable                      
200071c9  __aeabi_memcpy                 
200071c9  __aeabi_memcpy4                
200071c9  __aeabi_memcpy8                
200071c9  memcpy                         
20007265  __TI_closefile                 
200072cb  fclose                         
200072fd  fputc                          
200072fd  putc                           
20007381  putchar                        
20007395  PRCMPeripheralClockGet         
20007429  PinConfigSet                   
200074b1  vsnprintf                      
20007539  __aeabi_cdcmpeq                
20007539  __aeabi_cdcmple                
200075bf  __aeabi_cdrcmple               
20007645  GPIOIntTypeSet                 
200076c7  __aeabi_memclr                 
200076c7  __aeabi_memclr4                
200076c7  __aeabi_memclr8                
200076c9  __aeabi_memset                 
200076c9  __aeabi_memset4                
200076c9  __aeabi_memset8                
200076cf  memset                         
20007741  UARTConfigSetExpClk            
200077b9  __TI_auto_init                 
20007831  printf                         
20007899  __TI_decompress_lzss           
20007901  __TI_writemsg                  
2000792f  C$$IO$$                        
20007933  __TI_readmsg                   
20007969  fseek                          
200079cd  frexp                          
200079cd  frexpl                         
20007a29  PRCMPeripheralReset            
20007a81  ltoa                           
20007ad9  C$$EXIT                        
20007add  abort                          
20007ae5  exit                           
20007b2d  atoi                           
20007b79  copy_in                        
20007c0d  __aeabi_d2iz                   
20007c55  PinModeSet                     
20007c95  _c_int00                       
20007cd5  PRCMPeripheralClkEnable        
20007d11  GPIODirModeSet                 
20007d47  strncpy                        
20007d7d  PinTypeGPIO                    
20007dad  UARTDisable                    
20007ddd  __aeabi_i2d                    
20007e0d  PRCMSysResetCauseGet           
20007e39  PRCMPeripheralClkDisable       
20007e61  UARTEnable                     
20007e85  memmove                        
20007ea9  GPIOIntStatus                  
20007ecd  IntRegister                    
20007eed  memchr                         
20007f0d  GPIOIntRegister                
20007f2b  UARTCharPut                    
20007f49  SysTickIntRegister             
20007f65  UARTCharGetNonBlocking         
20007f81  memccpy                        
20007f9d  GPIOIntEnable                  
20007fb7  PinTypeUART                    
20007fd1  SysTickPeriodSet               
20007fe9  UARTCharsAvail                 
20008001  _args_main                     
20008019  strcmp                         
20008031  PRCMHIBRegRead                 
20008047  PRCMHIBRegWrite                
2000805d  strchr                         
20008073  CPUcpsie                       
20008087  GPIOIntClear                   
2000809d  IntVTableBaseSet               
200080b1  _register_unlock               
200080b7  _register_lock                 
200080bf  _nop                           
200080c5  strcpy                         
200080d9  strlen                         
200080ed  SysTickEnable                  
200080fd  SysTickIntEnable               
2000810d  __TI_decompress_none           
2000811b  ResetISR                       
20008129  __TI_zero_init                 
20008135  IntMasterEnable                
2000813f  copysign                       
2000813f  copysignl                      
20008147  UtilsDelay                     
2000814d  _system_pre_init               
20008150  _ctypes_                       
20008480  __TI_static_base__             
200084f4  __TI_Handler_Table_Base        
20008500  __TI_Handler_Table_Limit       
20008508  __TI_CINIT_Base                
20008518  __TI_CINIT_Limit               
2001d000  _sys_memory                    
2001d800  _ftable                        
2001d9c0  __TI_ft_end                    
2001d9c4  __aeabi_stdin                  
2001d9c8  __aeabi_stdout                 
2001d9cc  __aeabi_stderr                 
2001d9d0  __TI_cleanup_ptr               
2001d9d4  __TI_dtors_ptr                 
2001d9d8  __TI_enable_exit_profile_output
2001d9e8  systick_cnt                    
2001d9ec  pin_intcount                   
2001d9f0  pin_intflag                    
2001d9f4  _lock                          
2001d9f8  _unlock                        
2001d9fc  errno                          
2001da04  main_func_sp                   
2001da08  __CIOBUF_                      
2001db28  __TI_tmpnams                   
2001dbd4  falling_edge_tick              
2003f800  __stack                        
20040000  __STACK_END                    
ffffffff  __TI_pprof_out_hndl            
ffffffff  __TI_prof_data_size            
ffffffff  __TI_prof_data_start           
ffffffff  __binit__                      
ffffffff  __c_args__                     
ffffffff  binit                          
UNDEFED   SHT$$INIT_ARRAY$$Base          
UNDEFED   SHT$$INIT_ARRAY$$Limit         

[186 symbols]
