******************************************************************************
                  TI ARM Linker PC v16.9.0                     
******************************************************************************
>> Linked Fri May 05 17:39:21 2023

OUTPUT FILE NAME:   <decoding_IR.out>
ENTRY POINT SYMBOL: "_c_int00"  address: 20007b65


MEMORY CONFIGURATION

         name            origin    length      used     unused   attr    fill
----------------------  --------  ---------  --------  --------  ----  --------
  SRAM_CODE             20004000   00019000  00004340  00014cc0  RW X
  SRAM_DATA             2001d000   00023000  000013e8  00021c18  RW X


SEGMENT ALLOCATION MAP

run origin  load origin   length   init length attrs members
----------  ----------- ---------- ----------- ----- -------
20004000    20004000    00004340   00004340    r-x
  20004000    20004000    00000400   00000400    r-- .intvecs
  20004400    20004400    00003b7c   00003b7c    r-x .text
  20007f7c    20007f7c    0000032c   0000032c    r-- .const
  200082a8    200082a8    00000098   00000098    r-- .cinit
2001d000    2001d000    00000be8   00000000    rw-
  2001d000    2001d000    00000800   00000000    rw- .sysmem
  2001d800    2001d800    00000210   00000000    rw- .data
  2001da10    2001da10    000001d8   00000000    rw- .bss
2003f800    2003f800    00000800   00000000    rw-
  2003f800    2003f800    00000800   00000000    rw- .stack


SECTION ALLOCATION MAP

 output                                  attributes/
section   page    origin      length       input sections
--------  ----  ----------  ----------   ----------------
.intvecs   0    20004000    00000400     
                  20004000    00000400     startup_ccs.obj (.intvecs)

.init_array 
*          0    20004000    00000000     UNINITIALIZED

.text      0    20004400    00003b7c     
                  20004400    0000111e     rtsv7M4_T_le_eabi.lib : _printfi.obj (.text)
                  2000551e    00000002                           : mpu_init.obj (.text)
                  20005520    000003ec     main.obj (.text)
                  2000590c    000003d0     rtsv7M4_T_le_eabi.lib : memory.obj (.text)
                  20005cdc    00000324                           : trgdrv.obj (.text)
                  20006000    0000030c                           : lowlev.obj (.text)
                  2000630c    000001f4                           : ull_div_t2.obj (.text)
                  20006500    000001c4                           : fopen.obj (.text)
                  200066c4    000001b6                           : fd_add_t2.obj (.text)
                  2000687a    00000002                           : startup.obj (.text)
                  2000687c    00000178     driverlib.a : prcm.obj (.text:PRCMCC3200MCUInit)
                  200069f4    00000136     rtsv7M4_T_le_eabi.lib : fd_div_t2.obj (.text)
                  20006b2a    00000002     --HOLE-- [fill = 0]
                  20006b2c    00000134                           : fputs.obj (.text)
                  20006c60    00000108     pin_mux_config.obj (.text)
                  20006d68    000000fc     rtsv7M4_T_le_eabi.lib : fd_mul_t2.obj (.text)
                  20006e64    000000dc                           : setvbuf.obj (.text)
                  20006f40    000000d0                           : s_scalbn.obj (.text)
                  20007010    000000c8                           : fflush.obj (.text)
                  200070d8    000000ac                           : _io_perm.obj (.text)
                  20007184    000000a8     driverlib.a : interrupt.obj (.text:IntEnable)
                  2000722c    0000009c     rtsv7M4_T_le_eabi.lib : memcpy_t2.obj (.text)
                  200072c8    00000098                           : fclose.obj (.text)
                  20007360    00000098                           : fputc.obj (.text)
                  200073f8    00000088     driverlib.a : pin.obj (.text:PinConfigSet)
                  20007480    00000086     rtsv7M4_T_le_eabi.lib : fd_cmp_t2.obj (.text:__aeabi_cdcmple)
                  20007506    00000086                           : fd_cmp_t2.obj (.text:__aeabi_cdrcmple)
                  2000758c    00000082     driverlib.a : gpio.obj (.text:GPIOIntTypeSet)
                  2000760e    0000007a     rtsv7M4_T_le_eabi.lib : memset_t2.obj (.text)
                  20007688    00000070                           : autoinit.obj (.text)
                  200076f8    00000070                           : printf.obj (.text)
                  20007768    00000068                           : copy_decompress_lzss.obj (.text:decompress:lzss)
                  200077d0    00000068                           : trgmsg.obj (.text)
                  20007838    00000064                           : fseek.obj (.text)
                  2000789c    0000005c                           : s_frexp.obj (.text)
                  200078f8    00000058     driverlib.a : prcm.obj (.text:PRCMPeripheralReset)
                  20007950    00000056     rtsv7M4_T_le_eabi.lib : ltoa.obj (.text)
                  200079a6    00000002     --HOLE-- [fill = 0]
                  200079a8    00000054                           : exit.obj (.text)
                  200079fc    0000004c                           : atoi.obj (.text)
                  20007a48    0000004c                           : cpy_tbl.obj (.text)
                  20007a94    00000048     driverlib.a : gpio.obj (.text:GPIOGetIntNumber)
                  20007adc    00000048     rtsv7M4_T_le_eabi.lib : fd_toi_t2.obj (.text)
                  20007b24    00000040     driverlib.a : pin.obj (.text:PinModeSet)
                  20007b64    00000040     rtsv7M4_T_le_eabi.lib : boot.obj (.text)
                  20007ba4    0000003c     driverlib.a : prcm.obj (.text:PRCMPeripheralClkEnable)
                  20007be0    00000036                 : gpio.obj (.text:GPIODirModeSet)
                  20007c16    00000036     rtsv7M4_T_le_eabi.lib : strncpy.obj (.text)
                  20007c4c    00000030     driverlib.a : pin.obj (.text:PinTypeGPIO)
                  20007c7c    0000002e     rtsv7M4_T_le_eabi.lib : i_tofd_t2.obj (.text)
                  20007caa    00000002     --HOLE-- [fill = 0]
                  20007cac    0000002c     driverlib.a : prcm.obj (.text:PRCMSysResetCauseGet)
                  20007cd8    00000028                 : prcm.obj (.text:PRCMPeripheralClkDisable)
                  20007d00    00000022                 : gpio.obj (.text:GPIOIntStatus)
                  20007d22    00000002     --HOLE-- [fill = 0]
                  20007d24    00000020                 : interrupt.obj (.text:IntRegister)
                  20007d44    00000020     rtsv7M4_T_le_eabi.lib : memchr.obj (.text)
                  20007d64    0000001e     driverlib.a : gpio.obj (.text:GPIOIntRegister)
                  20007d82    00000002     --HOLE-- [fill = 0]
                  20007d84    0000001c                 : systick.obj (.text:SysTickIntRegister)
                  20007da0    0000001c     rtsv7M4_T_le_eabi.lib : memccpy.obj (.text)
                  20007dbc    0000001a     driverlib.a : gpio.obj (.text:GPIOIntEnable)
                  20007dd6    0000001a                 : pin.obj (.text:PinTypeUART)
                  20007df0    00000018                 : systick.obj (.text:SysTickPeriodSet)
                  20007e08    00000018     rtsv7M4_T_le_eabi.lib : args_main.obj (.text)
                  20007e20    00000018                           : ll_mul_t2.obj (.text)
                  20007e38    00000018                           : strcmp.obj (.text)
                  20007e50    00000016     driverlib.a : prcm.obj (.text:PRCMHIBRegRead)
                  20007e66    00000016                 : prcm.obj (.text:PRCMHIBRegWrite)
                  20007e7c    00000016     rtsv7M4_T_le_eabi.lib : strchr.obj (.text)
                  20007e92    00000014     driverlib.a : cpu.obj (.text:CPUcpsie)
                  20007ea6    00000014                 : gpio.obj (.text:GPIOIntClear)
                  20007eba    00000002     --HOLE-- [fill = 0]
                  20007ebc    00000014                 : interrupt.obj (.text:IntVTableBaseSet)
                  20007ed0    00000014     rtsv7M4_T_le_eabi.lib : _lock.obj (.text)
                  20007ee4    00000014                           : strcpy.obj (.text)
                  20007ef8    00000014                           : strlen.obj (.text)
                  20007f0c    00000010     driverlib.a : systick.obj (.text:SysTickEnable)
                  20007f1c    00000010                 : systick.obj (.text:SysTickIntEnable)
                  20007f2c    0000000e     rtsv7M4_T_le_eabi.lib : copy_decompress_none.obj (.text:decompress:none)
                  20007f3a    0000000e     startup_ccs.obj (.text)
                  20007f48    0000000c     driverlib.a : systick.obj (.text:SysTickValueGet)
                  20007f54    0000000c     rtsv7M4_T_le_eabi.lib : copy_zero_init.obj (.text:decompress:ZI)
                  20007f60    0000000a     driverlib.a : interrupt.obj (.text:IntMasterEnable)
                  20007f6a    00000008     rtsv7M4_T_le_eabi.lib : s_copysign.obj (.text)
                  20007f72    00000006     driverlib.a : utils.obj (.text:UtilsDelay)
                  20007f78    00000004     rtsv7M4_T_le_eabi.lib : pre_init.obj (.text)

.const     0    20007f7c    0000032c     
                  20007f7c    00000101     rtsv7M4_T_le_eabi.lib : ctype.obj (.const:.string:_ctypes_)
                  2000807d    00000003     --HOLE-- [fill = 0]
                  20008080    00000100     driverlib.a : pin.obj (.const:g_ulPinToPadMap)
                  20008180    000000a8                 : prcm.obj (.const:PRCM_PeriphRegsList)
                  20008228    00000080                 : interrupt.obj (.const)

.cinit     0    200082a8    00000098     
                  200082a8    00000073     (.cinit..data.load) [load image, compression = lzss]
                  2000831b    00000001     --HOLE-- [fill = 0]
                  2000831c    0000000c     (__TI_handler_table)
                  20008328    00000008     (.cinit..bss.load) [load image, compression = zero_init]
                  20008330    00000010     (__TI_cinit_table)

.sysmem    0    2001d000    00000800     UNINITIALIZED
                  2001d000    00000008     rtsv7M4_T_le_eabi.lib : memory.obj (.sysmem)
                  2001d008    000007f8     --HOLE--

.data      0    2001d800    00000210     UNINITIALIZED
                  2001d800    000000f0     rtsv7M4_T_le_eabi.lib : defs.obj (.data:_ftable)
                  2001d8f0    000000d0                           : lowlev.obj (.data:$O1$$)
                  2001d9c0    00000014     main.obj (.data)
                  2001d9d4    00000010     rtsv7M4_T_le_eabi.lib : defs.obj (.data)
                  2001d9e4    0000000c                           : exit.obj (.data:$O1$$)
                  2001d9f0    0000000c                           : memory.obj (.data:$O1$$)
                  2001d9fc    00000008                           : _lock.obj (.data:$O1$$)
                  2001da04    00000004                           : errno.obj (.data)
                  2001da08    00000004                           : fopen.obj (.data)
                  2001da0c    00000004                           : stkdepth_vars.obj (.data)

.bss       0    2001da10    000001d8     UNINITIALIZED
                  2001da10    00000120     rtsv7M4_T_le_eabi.lib : trgmsg.obj (.bss:_CIOBUF_)
                  2001db30    000000a0     (.common:__TI_tmpnams)
                  2001dbd0    00000008                           : trgdrv.obj (.bss:parmbuf)
                  2001dbd8    00000008     (.common:delta)
                  2001dbe0    00000008     (.common:delta_us)

.stack     0    2003f800    00000800     UNINITIALIZED
                  2003f800    00000800     --HOLE--

MODULE SUMMARY

       Module                     code    ro data   rw data
       ------                     ----    -------   -------
    .\
       main.obj                   1004    0         36     
       startup_ccs.obj            14      1024      0      
       pin_mux_config.obj         264     0         0      
    +--+--------------------------+-------+---------+---------+
       Total:                     1282    1024      36     
                                                           
    C:/ti/CC3200SDK_1.2.0/cc3200-sdk/driverlib/ccs/Release/driverlib.a
       prcm.obj                   652     168       0      
       pin.obj                    274     256       0      
       gpio.obj                   366     0         0      
       interrupt.obj              230     128       0      
       systick.obj                96      0         0      
       cpu.obj                    20      0         0      
       utils.obj                  6       0         0      
    +--+--------------------------+-------+---------+---------+
       Total:                     1644    552       0      
                                                           
    C:\ti\ccsv7\tools\compiler\ti-cgt-arm_16.9.0.LTS\lib\rtsv7M4_T_le_eabi.lib
       _printfi.obj               4382    0         0      
       lowlev.obj                 780     0         208    
       memory.obj                 976     0         12     
       trgdrv.obj                 804     0         8      
       ull_div_t2.obj             500     0         0      
       fopen.obj                  452     0         4      
       fd_add_t2.obj              438     0         0      
       defs.obj                   0       0         416    
       trgmsg.obj                 104     0         288    
       fd_div_t2.obj              310     0         0      
       fputs.obj                  308     0         0      
       fd_cmp_t2.obj              268     0         0      
       ctype.obj                  0       257       0      
       fd_mul_t2.obj              252     0         0      
       setvbuf.obj                220     0         0      
       s_scalbn.obj               208     0         0      
       fflush.obj                 200     0         0      
       _io_perm.obj               172     0         0      
       memcpy_t2.obj              156     0         0      
       fclose.obj                 152     0         0      
       fputc.obj                  152     0         0      
       memset_t2.obj              122     0         0      
       autoinit.obj               112     0         0      
       printf.obj                 112     0         0      
       copy_decompress_lzss.obj   104     0         0      
       fseek.obj                  100     0         0      
       exit.obj                   84      0         12     
       s_frexp.obj                92      0         0      
       ltoa.obj                   86      0         0      
       atoi.obj                   76      0         0      
       cpy_tbl.obj                76      0         0      
       fd_toi_t2.obj              72      0         0      
       boot.obj                   64      0         0      
       strncpy.obj                54      0         0      
       i_tofd_t2.obj              46      0         0      
       memchr.obj                 32      0         0      
       _lock.obj                  20      0         8      
       memccpy.obj                28      0         0      
       args_main.obj              24      0         0      
       ll_mul_t2.obj              24      0         0      
       strcmp.obj                 24      0         0      
       strchr.obj                 22      0         0      
       strcpy.obj                 20      0         0      
       strlen.obj                 20      0         0      
       copy_decompress_none.obj   14      0         0      
       copy_zero_init.obj         12      0         0      
       s_copysign.obj             8       0         0      
       errno.obj                  0       0         4      
       pre_init.obj               4       0         0      
       stkdepth_vars.obj          0       0         4      
       mpu_init.obj               2       0         0      
       startup.obj                2       0         0      
    +--+--------------------------+-------+---------+---------+
       Total:                     12290   257       964    
                                                           
       Heap:                      0       0         2048   
       Stack:                     0       0         2048   
       Linker Generated:          0       151       0      
    +--+--------------------------+-------+---------+---------+
       Grand Total:               15216   1984      5096   


LINKER GENERATED COPY TABLES

__TI_cinit_table @ 20008330 records: 2, size/record: 8, table size: 16
	.data: load addr=200082a8, load size=00000073 bytes, run addr=2001d800, run size=00000210 bytes, compression=lzss
	.bss: load addr=20008328, load size=00000008 bytes, run addr=2001da10, run size=000001d8 bytes, compression=zero_init


LINKER GENERATED HANDLER TABLE

__TI_handler_table @ 2000831c records: 3, size/record: 4, table size: 12
	index: 0, handler: __TI_decompress_lzss
	index: 1, handler: __TI_decompress_none
	index: 2, handler: __TI_zero_init


GLOBAL SYMBOLS: SORTED ALPHABETICALLY BY Name 

address   name                           
-------   ----                           
200079a9  C$$EXIT                        
200077ff  C$$IO$$                        
20007e93  CPUcpsie                       
2000552f  Decode                         
20007be1  GPIODirModeSet                 
20007ea7  GPIOIntClear                   
20007dbd  GPIOIntEnable                  
20007d65  GPIOIntRegister                
20007d01  GPIOIntStatus                  
2000758d  GPIOIntTypeSet                 
20005fb7  HOSTclock                      
20005f7f  HOSTclose                      
20005f41  HOSTgetenv                     
20005ee5  HOSTlseek                      
20005e93  HOSTopen                       
20005e47  HOSTread                       
20005de9  HOSTrename                     
20005daf  HOSTtime                       
20005d61  HOSTtime64                     
20005d29  HOSTunlink                     
20005cdd  HOSTwrite                      
20007185  IntEnable                      
20007f61  IntMasterEnable                
20007d25  IntRegister                    
20007ebd  IntVTableBaseSet               
2000687d  PRCMCC3200MCUInit              
20007e51  PRCMHIBRegRead                 
20007e67  PRCMHIBRegWrite                
20007cd9  PRCMPeripheralClkDisable       
20007ba5  PRCMPeripheralClkEnable        
200078f9  PRCMPeripheralReset            
20007cad  PRCMSysResetCauseGet           
200073f9  PinConfigSet                   
20007b25  PinModeSet                     
20006c61  PinMuxConfig                   
20007c4d  PinTypeGPIO                    
20007dd7  PinTypeUART                    
20007f3b  ResetISR                       
UNDEFED   SHT$$INIT_ARRAY$$Base          
UNDEFED   SHT$$INIT_ARRAY$$Limit         
20007f0d  SysTickEnable                  
20007f1d  SysTickIntEnable               
20007d85  SysTickIntRegister             
20007df1  SysTickPeriodSet               
20007f49  SysTickValueGet                
20007f73  UtilsDelay                     
2001da10  __CIOBUF_                      
20040000  __STACK_END                    
00000800  __STACK_SIZE                   
00000800  __SYSMEM_SIZE                  
20008330  __TI_CINIT_Base                
20008340  __TI_CINIT_Limit               
2000831c  __TI_Handler_Table_Base        
20008328  __TI_Handler_Table_Limit       
20007689  __TI_auto_init                 
200065c9  __TI_cleanup                   
2001d9e4  __TI_cleanup_ptr               
200072c9  __TI_closefile                 
20007769  __TI_decompress_lzss           
20007f2d  __TI_decompress_none           
20007011  __TI_doflush                   
2001d9e8  __TI_dtors_ptr                 
2001d9ec  __TI_enable_exit_profile_output
2001d9d4  __TI_ft_end                    
ffffffff  __TI_pprof_out_hndl            
20004c35  __TI_printfi                   
ffffffff  __TI_prof_data_size            
ffffffff  __TI_prof_data_start           
2000713b  __TI_rd_ok                     
20007803  __TI_readmsg                   
200082a8  __TI_static_base__             
2001db30  __TI_tmpnams                   
200077d1  __TI_writemsg                  
200070d9  __TI_wrt_ok                    
20007f55  __TI_zero_init                 
20007481  __aeabi_cdcmpeq                
20007481  __aeabi_cdcmple                
20007507  __aeabi_cdrcmple               
20007add  __aeabi_d2iz                   
200066cf  __aeabi_dadd                   
200069f5  __aeabi_ddiv                   
20006d69  __aeabi_dmul                   
200066c5  __aeabi_dsub                   
20007c7d  __aeabi_i2d                    
20007e21  __aeabi_lmul                   
2000760f  __aeabi_memclr                 
2000760f  __aeabi_memclr4                
2000760f  __aeabi_memclr8                
2000722d  __aeabi_memcpy                 
2000722d  __aeabi_memcpy4                
2000722d  __aeabi_memcpy8                
20007611  __aeabi_memset                 
20007611  __aeabi_memset4                
20007611  __aeabi_memset8                
2001d9e0  __aeabi_stderr                 
2001d9d8  __aeabi_stdin                  
2001d9dc  __aeabi_stdout                 
2000630d  __aeabi_uldivmod               
ffffffff  __binit__                      
ffffffff  __c_args__                     
2000551f  __mpu_init                     
2003f800  __stack                        
20007e09  _args_main                     
20007b65  _c_int00                       
20007f7c  _ctypes_                       
2001d800  _ftable                        
2001d9fc  _lock                          
20007edf  _nop                           
20007ed7  _register_lock                 
20007ed1  _register_unlock               
2001d000  _sys_memory                    
2000687b  _system_post_cinit             
20007f79  _system_pre_init               
2001da00  _unlock                        
200079ad  abort                          
20006261  add_device                     
200079fd  atoi                           
ffffffff  binit                          
20005cad  calloc                         
20006211  close                          
20007a49  copy_in                        
20007f6b  copysign                       
20007f6b  copysignl                      
2001d9d0  decoded_value                  
2001dbd8  delta                          
2001dbe0  delta_us                       
2001da04  errno                          
200079b5  exit                           
2000732f  fclose                         
2000705d  fflush                         
2000661f  fopen                          
20007361  fputc                          
20006b2d  fputs                          
200059f7  free                           
200065f5  freopen                        
2000789d  frexp                          
2000789d  frexpl                         
20007839  fseek                          
20004000  g_pfnVectors                   
20006f41  ldexp                          
20006f41  ldexpl                         
200061ed  lseek                          
20007951  ltoa                           
200056a5  main                           
2001da0c  main_func_sp                   
2000598d  malloc                         
20005bc1  memalign                       
20007da1  memccpy                        
20007d45  memchr                         
2000722d  memcpy                         
20007617  memset                         
2000590d  minit                          
2000613f  open                           
2001d9c4  pin_intcount                   
2001d9c8  pin_intflag                    
20007701  printf                         
20007361  putc                           
200073e5  putchar                        
20006c39  puts                           
2000611b  read                           
20005ab9  realloc                        
20006091  remove                         
200060f3  remove_device                  
200060b5  rename                         
20006f41  scalbn                         
20006f41  scalbnl                        
20006e65  setvbuf                        
20007e7d  strchr                         
20007e39  strcmp                         
20007ee5  strcpy                         
20007ef9  strlen                         
20007c17  strncpy                        
2001d9c0  systick_cnt                    
20006091  unlink                         
2001d9cc  valid_signal                   
20006001  write                          


GLOBAL SYMBOLS: SORTED BY Symbol Address 

address   name                           
-------   ----                           
00000800  __STACK_SIZE                   
00000800  __SYSMEM_SIZE                  
20004000  g_pfnVectors                   
20004c35  __TI_printfi                   
2000551f  __mpu_init                     
2000552f  Decode                         
200056a5  main                           
2000590d  minit                          
2000598d  malloc                         
200059f7  free                           
20005ab9  realloc                        
20005bc1  memalign                       
20005cad  calloc                         
20005cdd  HOSTwrite                      
20005d29  HOSTunlink                     
20005d61  HOSTtime64                     
20005daf  HOSTtime                       
20005de9  HOSTrename                     
20005e47  HOSTread                       
20005e93  HOSTopen                       
20005ee5  HOSTlseek                      
20005f41  HOSTgetenv                     
20005f7f  HOSTclose                      
20005fb7  HOSTclock                      
20006001  write                          
20006091  remove                         
20006091  unlink                         
200060b5  rename                         
200060f3  remove_device                  
2000611b  read                           
2000613f  open                           
200061ed  lseek                          
20006211  close                          
20006261  add_device                     
2000630d  __aeabi_uldivmod               
200065c9  __TI_cleanup                   
200065f5  freopen                        
2000661f  fopen                          
200066c5  __aeabi_dsub                   
200066cf  __aeabi_dadd                   
2000687b  _system_post_cinit             
2000687d  PRCMCC3200MCUInit              
200069f5  __aeabi_ddiv                   
20006b2d  fputs                          
20006c39  puts                           
20006c61  PinMuxConfig                   
20006d69  __aeabi_dmul                   
20006e65  setvbuf                        
20006f41  ldexp                          
20006f41  ldexpl                         
20006f41  scalbn                         
20006f41  scalbnl                        
20007011  __TI_doflush                   
2000705d  fflush                         
200070d9  __TI_wrt_ok                    
2000713b  __TI_rd_ok                     
20007185  IntEnable                      
2000722d  __aeabi_memcpy                 
2000722d  __aeabi_memcpy4                
2000722d  __aeabi_memcpy8                
2000722d  memcpy                         
200072c9  __TI_closefile                 
2000732f  fclose                         
20007361  fputc                          
20007361  putc                           
200073e5  putchar                        
200073f9  PinConfigSet                   
20007481  __aeabi_cdcmpeq                
20007481  __aeabi_cdcmple                
20007507  __aeabi_cdrcmple               
2000758d  GPIOIntTypeSet                 
2000760f  __aeabi_memclr                 
2000760f  __aeabi_memclr4                
2000760f  __aeabi_memclr8                
20007611  __aeabi_memset                 
20007611  __aeabi_memset4                
20007611  __aeabi_memset8                
20007617  memset                         
20007689  __TI_auto_init                 
20007701  printf                         
20007769  __TI_decompress_lzss           
200077d1  __TI_writemsg                  
200077ff  C$$IO$$                        
20007803  __TI_readmsg                   
20007839  fseek                          
2000789d  frexp                          
2000789d  frexpl                         
200078f9  PRCMPeripheralReset            
20007951  ltoa                           
200079a9  C$$EXIT                        
200079ad  abort                          
200079b5  exit                           
200079fd  atoi                           
20007a49  copy_in                        
20007add  __aeabi_d2iz                   
20007b25  PinModeSet                     
20007b65  _c_int00                       
20007ba5  PRCMPeripheralClkEnable        
20007be1  GPIODirModeSet                 
20007c17  strncpy                        
20007c4d  PinTypeGPIO                    
20007c7d  __aeabi_i2d                    
20007cad  PRCMSysResetCauseGet           
20007cd9  PRCMPeripheralClkDisable       
20007d01  GPIOIntStatus                  
20007d25  IntRegister                    
20007d45  memchr                         
20007d65  GPIOIntRegister                
20007d85  SysTickIntRegister             
20007da1  memccpy                        
20007dbd  GPIOIntEnable                  
20007dd7  PinTypeUART                    
20007df1  SysTickPeriodSet               
20007e09  _args_main                     
20007e21  __aeabi_lmul                   
20007e39  strcmp                         
20007e51  PRCMHIBRegRead                 
20007e67  PRCMHIBRegWrite                
20007e7d  strchr                         
20007e93  CPUcpsie                       
20007ea7  GPIOIntClear                   
20007ebd  IntVTableBaseSet               
20007ed1  _register_unlock               
20007ed7  _register_lock                 
20007edf  _nop                           
20007ee5  strcpy                         
20007ef9  strlen                         
20007f0d  SysTickEnable                  
20007f1d  SysTickIntEnable               
20007f2d  __TI_decompress_none           
20007f3b  ResetISR                       
20007f49  SysTickValueGet                
20007f55  __TI_zero_init                 
20007f61  IntMasterEnable                
20007f6b  copysign                       
20007f6b  copysignl                      
20007f73  UtilsDelay                     
20007f79  _system_pre_init               
20007f7c  _ctypes_                       
200082a8  __TI_static_base__             
2000831c  __TI_Handler_Table_Base        
20008328  __TI_Handler_Table_Limit       
20008330  __TI_CINIT_Base                
20008340  __TI_CINIT_Limit               
2001d000  _sys_memory                    
2001d800  _ftable                        
2001d9c0  systick_cnt                    
2001d9c4  pin_intcount                   
2001d9c8  pin_intflag                    
2001d9cc  valid_signal                   
2001d9d0  decoded_value                  
2001d9d4  __TI_ft_end                    
2001d9d8  __aeabi_stdin                  
2001d9dc  __aeabi_stdout                 
2001d9e0  __aeabi_stderr                 
2001d9e4  __TI_cleanup_ptr               
2001d9e8  __TI_dtors_ptr                 
2001d9ec  __TI_enable_exit_profile_output
2001d9fc  _lock                          
2001da00  _unlock                        
2001da04  errno                          
2001da0c  main_func_sp                   
2001da10  __CIOBUF_                      
2001db30  __TI_tmpnams                   
2001dbd8  delta                          
2001dbe0  delta_us                       
2003f800  __stack                        
20040000  __STACK_END                    
ffffffff  __TI_pprof_out_hndl            
ffffffff  __TI_prof_data_size            
ffffffff  __TI_prof_data_start           
ffffffff  __binit__                      
ffffffff  __c_args__                     
ffffffff  binit                          
UNDEFED   SHT$$INIT_ARRAY$$Base          
UNDEFED   SHT$$INIT_ARRAY$$Limit         

[176 symbols]
