******************************************************************************
                  TI ARM Linker PC v16.9.0                     
******************************************************************************
>> Linked Mon Jun 05 14:27:00 2023

OUTPUT FILE NAME:   <text_messaging.out>
ENTRY POINT SYMBOL: "_c_int00"  address: 200094dd


MEMORY CONFIGURATION

         name            origin    length      used     unused   attr    fill
----------------------  --------  ---------  --------  --------  ----  --------
  SRAM_CODE             20004000   00019000  0000649c  00012b64  RW X
  SRAM_DATA             2001d000   00023000  00001444  00021bbc  RW X


SEGMENT ALLOCATION MAP

run origin  load origin   length   init length attrs members
----------  ----------- ---------- ----------- ----- -------
20004000    20004000    000064a0   000064a0    r-x
  20004000    20004000    00000400   00000400    r-- .intvecs
  20004400    20004400    00005750   00005750    r-x .text
  20009b50    20009b50    0000088c   0000088c    r-- .const
  2000a3e0    2000a3e0    000000c0   000000c0    r-- .cinit
2001d000    2001d000    00000c44   00000000    rw-
  2001d000    2001d000    00000800   00000000    rw- .sysmem
  2001d800    2001d800    00000268   00000000    rw- .data
  2001da68    2001da68    000001dc   00000000    rw- .bss
2003f800    2003f800    00000800   00000000    rw-
  2003f800    2003f800    00000800   00000000    rw- .stack


SECTION ALLOCATION MAP

 output                                  attributes/
section   page    origin      length       input sections
--------  ----  ----------  ----------   ----------------
.intvecs   0    20004000    00000400     
                  20004000    00000400     startup_ccs.obj (.intvecs)

.init_array 
*          0    20004000    00000000     UNINITIALIZED

.text      0    20004400    00005750     
                  20004400    0000111e     rtsv7M4_T_le_eabi.lib : _printfi.obj (.text)
                  2000551e    00000002                           : mpu_init.obj (.text)
                  20005520    00000a80     Adafruit_GFX.obj (.text)
                  20005fa0    00000940     main.obj (.text)
                  200068e0    000004a2     Adafruit_OLED.obj (.text)
                  20006d82    00000002     rtsv7M4_T_le_eabi.lib : startup.obj (.text)
                  20006d84    000003d0                           : memory.obj (.text)
                  20007154    00000324                           : trgdrv.obj (.text)
                  20007478    0000030c                           : lowlev.obj (.text)
                  20007784    00000280     uart_if.obj (.text)
                  20007a04    000001f4     rtsv7M4_T_le_eabi.lib : ull_div_t2.obj (.text)
                  20007bf8    000001c4                           : fopen.obj (.text)
                  20007dbc    000001b6                           : fd_add_t2.obj (.text)
                  20007f72    00000002     --HOLE-- [fill = 0]
                  20007f74    00000178     driverlib.a : prcm.obj (.text:PRCMCC3200MCUInit)
                  200080ec    00000136     rtsv7M4_T_le_eabi.lib : fd_div_t2.obj (.text)
                  20008222    00000002     --HOLE-- [fill = 0]
                  20008224    00000134                           : fputs.obj (.text)
                  20008358    00000110     pin_mux_config.obj (.text)
                  20008468    000000fc     rtsv7M4_T_le_eabi.lib : fd_mul_t2.obj (.text)
                  20008564    000000dc                           : setvbuf.obj (.text)
                  20008640    000000d0                           : s_scalbn.obj (.text)
                  20008710    000000c8                           : fflush.obj (.text)
                  200087d8    000000ac                           : _io_perm.obj (.text)
                  20008884    000000a8     driverlib.a : interrupt.obj (.text:IntEnable)
                  2000892c    000000a0                 : spi.obj (.text:SPIConfigSetExpClk)
                  200089cc    0000009c     rtsv7M4_T_le_eabi.lib : memcpy_t2.obj (.text)
                  20008a68    00000098                           : fclose.obj (.text)
                  20008b00    00000098                           : fputc.obj (.text)
                  20008b98    00000094     driverlib.a : prcm.obj (.text:PRCMPeripheralClockGet)
                  20008c2c    00000088                 : pin.obj (.text:PinConfigSet)
                  20008cb4    00000088     rtsv7M4_T_le_eabi.lib : vsnprintf.obj (.text)
                  20008d3c    00000086                           : fd_cmp_t2.obj (.text:__aeabi_cdcmple)
                  20008dc2    00000086                           : fd_cmp_t2.obj (.text:__aeabi_cdrcmple)
                  20008e48    00000082     driverlib.a : gpio.obj (.text:GPIOIntTypeSet)
                  20008eca    0000007a     rtsv7M4_T_le_eabi.lib : memset_t2.obj (.text)
                  20008f44    00000076     driverlib.a : uart.obj (.text:UARTConfigSetExpClk)
                  20008fba    00000002     --HOLE-- [fill = 0]
                  20008fbc    00000070     rtsv7M4_T_le_eabi.lib : autoinit.obj (.text)
                  2000902c    00000070                           : printf.obj (.text)
                  2000909c    00000068                           : copy_decompress_lzss.obj (.text:decompress:lzss)
                  20009104    00000068                           : trgmsg.obj (.text)
                  2000916c    00000064                           : fseek.obj (.text)
                  200091d0    0000005c                           : s_frexp.obj (.text)
                  2000922c    00000058     driverlib.a : prcm.obj (.text:PRCMPeripheralReset)
                  20009284    00000056     rtsv7M4_T_le_eabi.lib : ltoa.obj (.text)
                  200092da    00000002     --HOLE-- [fill = 0]
                  200092dc    00000054                           : exit.obj (.text)
                  20009330    0000004c                           : atoi.obj (.text)
                  2000937c    0000004c                           : cpy_tbl.obj (.text)
                  200093c8    00000048     driverlib.a : gpio.obj (.text:GPIOGetIntNumber)
                  20009410    00000048     rtsv7M4_T_le_eabi.lib : fd_toi_t2.obj (.text)
                  20009458    00000044     driverlib.a : uart.obj (.text:UARTIntNumberGet)
                  2000949c    00000040                 : pin.obj (.text:PinModeSet)
                  200094dc    00000040     rtsv7M4_T_le_eabi.lib : boot.obj (.text)
                  2000951c    0000003c     driverlib.a : prcm.obj (.text:PRCMPeripheralClkEnable)
                  20009558    00000036                 : gpio.obj (.text:GPIODirModeSet)
                  2000958e    00000036     rtsv7M4_T_le_eabi.lib : strncpy.obj (.text)
                  200095c4    00000030     driverlib.a : pin.obj (.text:PinTypeGPIO)
                  200095f4    00000030                 : uart.obj (.text:UARTDisable)
                  20009624    0000002e     rtsv7M4_T_le_eabi.lib : i_tofd_t2.obj (.text)
                  20009652    00000002     --HOLE-- [fill = 0]
                  20009654    0000002c     driverlib.a : prcm.obj (.text:PRCMSysResetCauseGet)
                  20009680    00000028                 : prcm.obj (.text:PRCMPeripheralClkDisable)
                  200096a8    00000024                 : uart.obj (.text:UARTEnable)
                  200096cc    00000024     rtsv7M4_T_le_eabi.lib : memmov.obj (.text)
                  200096f0    00000022     driverlib.a : gpio.obj (.text:GPIOIntStatus)
                  20009712    00000022                 : spi.obj (.text:SPIReset)
                  20009734    00000020                 : gpio.obj (.text:GPIOPinWrite)
                  20009754    00000020                 : interrupt.obj (.text:IntRegister)
                  20009774    00000020                 : spi.obj (.text:SPIDataGet)
                  20009794    00000020     rtsv7M4_T_le_eabi.lib : memchr.obj (.text)
                  200097b4    0000001e     driverlib.a : gpio.obj (.text:GPIOIntRegister)
                  200097d2    0000001e                 : spi.obj (.text:SPIDataPut)
                  200097f0    0000001e                 : uart.obj (.text:UARTCharPut)
                  2000980e    0000001e                 : uart.obj (.text:UARTIntRegister)
                  2000982c    0000001e                 : uart.obj (.text:UARTIntStatus)
                  2000984a    0000001e     rtsv7M4_T_le_eabi.lib : strcat.obj (.text)
                  20009868    0000001c     driverlib.a : systick.obj (.text:SysTickIntRegister)
                  20009884    0000001c                 : uart.obj (.text:UARTCharGetNonBlocking)
                  200098a0    0000001c     rtsv7M4_T_le_eabi.lib : memccpy.obj (.text)
                  200098bc    0000001a     driverlib.a : gpio.obj (.text:GPIOIntEnable)
                  200098d6    0000001a                 : pin.obj (.text:PinTypeSPI)
                  200098f0    0000001a                 : pin.obj (.text:PinTypeUART)
                  2000990a    00000018                 : spi.obj (.text:SPICSDisable)
                  20009922    00000018                 : spi.obj (.text:SPICSEnable)
                  2000993a    00000018                 : spi.obj (.text:SPIEnable)
                  20009952    00000002     --HOLE-- [fill = 0]
                  20009954    00000018                 : systick.obj (.text:SysTickPeriodSet)
                  2000996c    00000018                 : uart.obj (.text:UARTCharsAvail)
                  20009984    00000018                 : uart.obj (.text:UARTFIFOLevelSet)
                  2000999c    00000018                 : uart.obj (.text:UARTIntEnable)
                  200099b4    00000018     rtsv7M4_T_le_eabi.lib : args_main.obj (.text)
                  200099cc    00000018                           : ll_mul_t2.obj (.text)
                  200099e4    00000018                           : strcmp.obj (.text)
                  200099fc    00000016     driverlib.a : prcm.obj (.text:PRCMHIBRegRead)
                  20009a12    00000016                 : prcm.obj (.text:PRCMHIBRegWrite)
                  20009a28    00000016                 : uart.obj (.text:UARTFIFODisable)
                  20009a3e    00000016     rtsv7M4_T_le_eabi.lib : strchr.obj (.text)
                  20009a54    00000014     driverlib.a : cpu.obj (.text:CPUcpsie)
                  20009a68    00000014                 : gpio.obj (.text:GPIOIntClear)
                  20009a7c    00000014                 : interrupt.obj (.text:IntVTableBaseSet)
                  20009a90    00000014     rtsv7M4_T_le_eabi.lib : _lock.obj (.text)
                  20009aa4    00000014                           : strcpy.obj (.text)
                  20009ab8    00000014                           : strlen.obj (.text)
                  20009acc    00000012     driverlib.a : uart.obj (.text:UARTIntClear)
                  20009ade    00000002     --HOLE-- [fill = 0]
                  20009ae0    00000010                 : systick.obj (.text:SysTickEnable)
                  20009af0    00000010                 : systick.obj (.text:SysTickIntEnable)
                  20009b00    0000000e     rtsv7M4_T_le_eabi.lib : copy_decompress_none.obj (.text:decompress:none)
                  20009b0e    0000000e     startup_ccs.obj (.text)
                  20009b1c    0000000c     driverlib.a : systick.obj (.text:SysTickValueGet)
                  20009b28    0000000c     rtsv7M4_T_le_eabi.lib : copy_zero_init.obj (.text:decompress:ZI)
                  20009b34    0000000a     driverlib.a : interrupt.obj (.text:IntMasterEnable)
                  20009b3e    00000008     rtsv7M4_T_le_eabi.lib : s_copysign.obj (.text)
                  20009b46    00000006     driverlib.a : utils.obj (.text:UtilsDelay)
                  20009b4c    00000004     rtsv7M4_T_le_eabi.lib : pre_init.obj (.text)

.const     0    20009b50    0000088c     
                  20009b50    000004fb     Adafruit_GFX.obj (.const:.string:font)
                  2000a04b    00000101     rtsv7M4_T_le_eabi.lib : ctype.obj (.const:.string:_ctypes_)
                  2000a14c    00000100     driverlib.a : pin.obj (.const:g_ulPinToPadMap)
                  2000a24c    000000a8                 : prcm.obj (.const:PRCM_PeriphRegsList)
                  2000a2f4    00000080                 : interrupt.obj (.const)
                  2000a374    00000032     main.obj (.const:.string:$P$T0$1)
                  2000a3a6    00000002     --HOLE-- [fill = 0]
                  2000a3a8    00000022     main.obj (.const:.string)
                  2000a3ca    00000002     --HOLE-- [fill = 0]
                  2000a3cc    00000010     driverlib.a : uart.obj (.const)

.cinit     0    2000a3e0    000000c0     
                  2000a3e0    00000097     (.cinit..data.load) [load image, compression = lzss]
                  2000a477    00000001     --HOLE-- [fill = 0]
                  2000a478    0000000c     (__TI_handler_table)
                  2000a484    00000004     --HOLE-- [fill = 0]
                  2000a488    00000008     (.cinit..bss.load) [load image, compression = zero_init]
                  2000a490    00000010     (__TI_cinit_table)

.sysmem    0    2001d000    00000800     UNINITIALIZED
                  2001d000    00000008     rtsv7M4_T_le_eabi.lib : memory.obj (.sysmem)
                  2001d008    000007f8     --HOLE--

.data      0    2001d800    00000268     UNINITIALIZED
                  2001d800    000000f0     rtsv7M4_T_le_eabi.lib : defs.obj (.data:_ftable)
                  2001d8f0    000000d0                           : lowlev.obj (.data:$O1$$)
                  2001d9c0    00000022     main.obj (.data)
                  2001d9e2    0000001e     main.obj (.data:msg)
                  2001da00    00000015     Adafruit_GFX.obj (.data)
                  2001da15    00000003     --HOLE--
                  2001da18    00000014     main.obj (.data:preset_colors)
                  2001da2c    00000010     rtsv7M4_T_le_eabi.lib : defs.obj (.data)
                  2001da3c    0000000c                           : exit.obj (.data:$O1$$)
                  2001da48    0000000c                           : memory.obj (.data:$O1$$)
                  2001da54    00000008                           : _lock.obj (.data:$O1$$)
                  2001da5c    00000004                           : errno.obj (.data)
                  2001da60    00000004                           : fopen.obj (.data)
                  2001da64    00000004                           : stkdepth_vars.obj (.data)

.bss       0    2001da68    000001dc     UNINITIALIZED
                  2001da68    00000120     rtsv7M4_T_le_eabi.lib : trgmsg.obj (.bss:_CIOBUF_)
                  2001db88    000000a0     (.common:__TI_tmpnams)
                  2001dc28    00000008                           : trgdrv.obj (.bss:parmbuf)
                  2001dc30    00000008     (.common:delta)
                  2001dc38    00000008     (.common:delta_us)
                  2001dc40    00000004     uart_if.obj (.bss)

.stack     0    2003f800    00000800     UNINITIALIZED
                  2003f800    00000800     --HOLE--

MODULE SUMMARY

       Module                     code    ro data   rw data
       ------                     ----    -------   -------
    .\
       Adafruit_GFX.obj           2688    1275      21     
       main.obj                   2368    84        100    
       Adafruit_OLED.obj          1186    0         0      
       startup_ccs.obj            14      1024      0      
       uart_if.obj                640     0         4      
       pin_mux_config.obj         272     0         0      
    +--+--------------------------+-------+---------+---------+
       Total:                     7168    2383      125    
                                                           
    C:/ti/CC3200SDK_1.2.0/cc3200-sdk/driverlib/ccs/Release/driverlib.a
       prcm.obj                   800     168       0      
       pin.obj                    300     256       0      
       uart.obj                   500     16        0      
       gpio.obj                   398     0         0      
       interrupt.obj              230     128       0      
       spi.obj                    328     0         0      
       systick.obj                96      0         0      
       cpu.obj                    20      0         0      
       utils.obj                  6       0         0      
    +--+--------------------------+-------+---------+---------+
       Total:                     2678    568       0      
                                                           
    C:\ti\ccsv7\tools\compiler\ti-cgt-arm_16.9.0.LTS\lib\rtsv7M4_T_le_eabi.lib
       _printfi.obj               4382    0         0      
       lowlev.obj                 780     0         208    
       memory.obj                 976     0         12     
       trgdrv.obj                 804     0         8      
       ull_div_t2.obj             500     0         0      
       fopen.obj                  452     0         4      
       fd_add_t2.obj              438     0         0      
       defs.obj                   0       0         416    
       trgmsg.obj                 104     0         288    
       fd_div_t2.obj              310     0         0      
       fputs.obj                  308     0         0      
       fd_cmp_t2.obj              268     0         0      
       ctype.obj                  0       257       0      
       fd_mul_t2.obj              252     0         0      
       setvbuf.obj                220     0         0      
       s_scalbn.obj               208     0         0      
       fflush.obj                 200     0         0      
       _io_perm.obj               172     0         0      
       memcpy_t2.obj              156     0         0      
       fclose.obj                 152     0         0      
       fputc.obj                  152     0         0      
       vsnprintf.obj              136     0         0      
       memset_t2.obj              122     0         0      
       autoinit.obj               112     0         0      
       printf.obj                 112     0         0      
       copy_decompress_lzss.obj   104     0         0      
       fseek.obj                  100     0         0      
       exit.obj                   84      0         12     
       s_frexp.obj                92      0         0      
       ltoa.obj                   86      0         0      
       atoi.obj                   76      0         0      
       cpy_tbl.obj                76      0         0      
       fd_toi_t2.obj              72      0         0      
       boot.obj                   64      0         0      
       strncpy.obj                54      0         0      
       i_tofd_t2.obj              46      0         0      
       memmov.obj                 36      0         0      
       memchr.obj                 32      0         0      
       strcat.obj                 30      0         0      
       _lock.obj                  20      0         8      
       memccpy.obj                28      0         0      
       args_main.obj              24      0         0      
       ll_mul_t2.obj              24      0         0      
       strcmp.obj                 24      0         0      
       strchr.obj                 22      0         0      
       strcpy.obj                 20      0         0      
       strlen.obj                 20      0         0      
       copy_decompress_none.obj   14      0         0      
       copy_zero_init.obj         12      0         0      
       s_copysign.obj             8       0         0      
       errno.obj                  0       0         4      
       pre_init.obj               4       0         0      
       stkdepth_vars.obj          0       0         4      
       mpu_init.obj               2       0         0      
       startup.obj                2       0         0      
    +--+--------------------------+-------+---------+---------+
       Total:                     12492   257       964    
                                                           
       Heap:                      0       0         2048   
       Stack:                     0       0         2048   
       Linker Generated:          0       187       0      
    +--+--------------------------+-------+---------+---------+
       Grand Total:               22338   3395      5185   


LINKER GENERATED COPY TABLES

__TI_cinit_table @ 2000a490 records: 2, size/record: 8, table size: 16
	.data: load addr=2000a3e0, load size=00000097 bytes, run addr=2001d800, run size=00000268 bytes, compression=lzss
	.bss: load addr=2000a488, load size=00000008 bytes, run addr=2001da68, run size=000001dc bytes, compression=zero_init


LINKER GENERATED HANDLER TABLE

__TI_handler_table @ 2000a478 records: 3, size/record: 4, table size: 12
	index: 0, handler: __TI_decompress_lzss
	index: 1, handler: __TI_decompress_none
	index: 2, handler: __TI_zero_init


GLOBAL SYMBOLS: SORTED ALPHABETICALLY BY Name 

address   name                           
-------   ----                           
20006969  Adafruit_Init                  
200092dd  C$$EXIT                        
20009133  C$$IO$$                        
20009a55  CPUcpsie                       
200077c5  ClearTerm                      
20006adf  Color565                       
200061e7  ColorFontChange                
20006495  ConfigureUART                  
200062b5  Decode                         
200061c1  DeleteLetter                   
200077cf  Error                          
20009559  GPIODirModeSet                 
20009a69  GPIOIntClear                   
200098bd  GPIOIntEnable                  
200097b5  GPIOIntRegister                
200096f1  GPIOIntStatus                  
20008e49  GPIOIntTypeSet                 
20009735  GPIOPinWrite                   
20007807  GetCmd                         
2000600b  GetLetter                      
2000742f  HOSTclock                      
200073f7  HOSTclose                      
200073b9  HOSTgetenv                     
2000735d  HOSTlseek                      
2000730b  HOSTopen                       
200072bf  HOSTread                       
20007261  HOSTrename                     
20007227  HOSTtime                       
200071d9  HOSTtime64                     
200071a1  HOSTunlink                     
20007155  HOSTwrite                      
20007785  InitTerm                       
20008885  IntEnable                      
20009b35  IntMasterEnable                
20009755  IntRegister                    
20009a7d  IntVTableBaseSet               
20006457  MasterMain                     
200077a3  Message                        
20005ecb  Outstr                         
20007f75  PRCMCC3200MCUInit              
200099fd  PRCMHIBRegRead                 
20009a13  PRCMHIBRegWrite                
20009681  PRCMPeripheralClkDisable       
2000951d  PRCMPeripheralClkEnable        
20008b99  PRCMPeripheralClockGet         
2000922d  PRCMPeripheralReset            
20009655  PRCMSysResetCauseGet           
20008c2d  PinConfigSet                   
2000949d  PinModeSet                     
20008359  PinMuxConfig                   
200095c5  PinTypeGPIO                    
200098d7  PinTypeSPI                     
200098f1  PinTypeUART                    
20005faf  PrintMsg                       
20007945  Report                         
20009b0f  ResetISR                       
UNDEFED   SHT$$INIT_ARRAY$$Base          
UNDEFED   SHT$$INIT_ARRAY$$Limit         
2000990b  SPICSDisable                   
20009923  SPICSEnable                    
2000892d  SPIConfigSetExpClk             
20009775  SPIDataGet                     
200097d3  SPIDataPut                     
2000993b  SPIEnable                      
20009713  SPIReset                       
20006255  SendMsg                        
2000622d  StoreLetter                    
20009ae1  SysTickEnable                  
20009af1  SysTickIntEnable               
20009869  SysTickIntRegister             
20009955  SysTickPeriodSet               
20009b1d  SysTickValueGet                
200078ad  TrimSpace                      
20009885  UARTCharGetNonBlocking         
200097f1  UARTCharPut                    
2000996d  UARTCharsAvail                 
20008f45  UARTConfigSetExpClk            
200095f5  UARTDisable                    
200096a9  UARTEnable                     
20009a29  UARTFIFODisable                
20009985  UARTFIFOLevelSet               
20009acd  UARTIntClear                   
2000999d  UARTIntEnable                  
2000980f  UARTIntRegister                
2000982d  UARTIntStatus                  
20009b47  UtilsDelay                     
2001da68  __CIOBUF_                      
20040000  __STACK_END                    
00000800  __STACK_SIZE                   
00000800  __SYSMEM_SIZE                  
2000a490  __TI_CINIT_Base                
2000a4a0  __TI_CINIT_Limit               
2000a478  __TI_Handler_Table_Base        
2000a484  __TI_Handler_Table_Limit       
20008fbd  __TI_auto_init                 
20007cc1  __TI_cleanup                   
2001da3c  __TI_cleanup_ptr               
20008a69  __TI_closefile                 
2000909d  __TI_decompress_lzss           
20009b01  __TI_decompress_none           
20008711  __TI_doflush                   
2001da40  __TI_dtors_ptr                 
2001da44  __TI_enable_exit_profile_output
2001da2c  __TI_ft_end                    
ffffffff  __TI_pprof_out_hndl            
20004c35  __TI_printfi                   
ffffffff  __TI_prof_data_size            
ffffffff  __TI_prof_data_start           
2000883b  __TI_rd_ok                     
20009137  __TI_readmsg                   
2000a3e0  __TI_static_base__             
2001db88  __TI_tmpnams                   
20009105  __TI_writemsg                  
200087d9  __TI_wrt_ok                    
20009b29  __TI_zero_init                 
20008d3d  __aeabi_cdcmpeq                
20008d3d  __aeabi_cdcmple                
20008dc3  __aeabi_cdrcmple               
20009411  __aeabi_d2iz                   
20007dc7  __aeabi_dadd                   
200080ed  __aeabi_ddiv                   
20008469  __aeabi_dmul                   
20007dbd  __aeabi_dsub                   
20009625  __aeabi_i2d                    
200099cd  __aeabi_lmul                   
20008ecb  __aeabi_memclr                 
20008ecb  __aeabi_memclr4                
20008ecb  __aeabi_memclr8                
200089cd  __aeabi_memcpy                 
200089cd  __aeabi_memcpy4                
200089cd  __aeabi_memcpy8                
20008ecd  __aeabi_memset                 
20008ecd  __aeabi_memset4                
20008ecd  __aeabi_memset8                
2001da38  __aeabi_stderr                 
2001da30  __aeabi_stdin                  
2001da34  __aeabi_stdout                 
20007a05  __aeabi_uldivmod               
ffffffff  __binit__                      
ffffffff  __c_args__                     
2000551f  __mpu_init                     
2003f800  __stack                        
200099b5  _args_main                     
200094dd  _c_int00                       
2000a04b  _ctypes_                       
2001d800  _ftable                        
2001da54  _lock                          
20009a9f  _nop                           
20009a97  _register_lock                 
20009a91  _register_unlock               
2001d000  _sys_memory                    
20006d83  _system_post_cinit             
20009b4d  _system_pre_init               
2001da58  _unlock                        
200092e1  abort                          
200076d9  add_device                     
20009331  atoi                           
ffffffff  binit                          
20007125  calloc                         
20007689  close                          
2001d9dc  colorCount                     
2000937d  copy_in                        
20009b3f  copysign                       
20009b3f  copysignl                      
2001da00  cursor_x                       
2001da04  cursor_y                       
2001d9d0  decoded_value                  
2001dc30  delta                          
2001dc38  delta_us                       
20005d7f  drawChar                       
20005521  drawCircle                     
20005655  drawCircleHelper               
20006c8d  drawFastHLine                  
20006bf1  drawFastVLine                  
2000589b  drawLine                       
20006d29  drawPixel                      
20005987  drawRect                       
200059d5  drawRoundRect                  
20005b3d  drawTriangle                   
2001da5c  errno                          
200092e9  exit                           
20008acf  fclose                         
2000875d  fflush                         
20005773  fillCircle                     
200057ad  fillCircleHelper               
20006b37  fillRect                       
20005ac3  fillRoundRect                  
20006b21  fillScreen                     
20005b7f  fillTriangle                   
20007d17  fopen                          
20008b01  fputc                          
20008225  fputs                          
20006e6f  free                           
20007ced  freopen                        
200091d1  frexp                          
200091d1  frexpl                         
2000916d  fseek                          
20004000  g_pfnVectors                   
20006a9b  goTo                           
20005f7f  height                         
20006d67  invert                         
20008641  ldexp                          
20008641  ldexpl                         
2001d9e0  letter                         
20007665  lseek                          
20009285  ltoa                           
20006529  main                           
2001da64  main_func_sp                   
20006e05  malloc                         
20007039  memalign                       
200098a1  memccpy                        
20009795  memchr                         
200089cd  memcpy                         
200096cd  memmove                        
20008ed3  memset                         
20006d85  minit                          
2001d9e2  msg                            
2001d9d8  msgCount                       
2001d9e1  newLetter                      
2001d9d4  num                            
200075b7  open                           
2001d9c4  pin_intcount                   
2001d9c8  pin_intflag                    
2001da18  preset_colors                  
20009035  printf                         
20008b01  putc                           
20008b85  putchar                        
20008331  puts                           
20007593  read                           
20006f31  realloc                        
20007509  remove                         
2000756b  remove_device                  
2000752d  rename                         
20008641  scalbn                         
20008641  scalbnl                        
20005f17  setCursor                      
20005f4f  setTextColor                   
20005f2f  setTextSize                    
20005f67  setTextWrap                    
20008565  setvbuf                        
2000984b  strcat                         
20009a3f  strchr                         
200099e5  strcmp                         
20009aa5  strcpy                         
20009ab9  strlen                         
2000958f  strncpy                        
2001d9c0  systick_cnt                    
2001da10  textbgcolor                    
2001da0c  textcolor                      
2001da08  textsize                       
20007509  unlink                         
2001d9cc  valid_signal                   
20008cb5  vsnprintf                      
20005f7b  width                          
2001da14  wrap                           
20007479  write                          
200068e1  writeCommand                   
20006925  writeData                      


GLOBAL SYMBOLS: SORTED BY Symbol Address 

address   name                           
-------   ----                           
00000800  __STACK_SIZE                   
00000800  __SYSMEM_SIZE                  
20004000  g_pfnVectors                   
20004c35  __TI_printfi                   
2000551f  __mpu_init                     
20005521  drawCircle                     
20005655  drawCircleHelper               
20005773  fillCircle                     
200057ad  fillCircleHelper               
2000589b  drawLine                       
20005987  drawRect                       
200059d5  drawRoundRect                  
20005ac3  fillRoundRect                  
20005b3d  drawTriangle                   
20005b7f  fillTriangle                   
20005d7f  drawChar                       
20005ecb  Outstr                         
20005f17  setCursor                      
20005f2f  setTextSize                    
20005f4f  setTextColor                   
20005f67  setTextWrap                    
20005f7b  width                          
20005f7f  height                         
20005faf  PrintMsg                       
2000600b  GetLetter                      
200061c1  DeleteLetter                   
200061e7  ColorFontChange                
2000622d  StoreLetter                    
20006255  SendMsg                        
200062b5  Decode                         
20006457  MasterMain                     
20006495  ConfigureUART                  
20006529  main                           
200068e1  writeCommand                   
20006925  writeData                      
20006969  Adafruit_Init                  
20006a9b  goTo                           
20006adf  Color565                       
20006b21  fillScreen                     
20006b37  fillRect                       
20006bf1  drawFastVLine                  
20006c8d  drawFastHLine                  
20006d29  drawPixel                      
20006d67  invert                         
20006d83  _system_post_cinit             
20006d85  minit                          
20006e05  malloc                         
20006e6f  free                           
20006f31  realloc                        
20007039  memalign                       
20007125  calloc                         
20007155  HOSTwrite                      
200071a1  HOSTunlink                     
200071d9  HOSTtime64                     
20007227  HOSTtime                       
20007261  HOSTrename                     
200072bf  HOSTread                       
2000730b  HOSTopen                       
2000735d  HOSTlseek                      
200073b9  HOSTgetenv                     
200073f7  HOSTclose                      
2000742f  HOSTclock                      
20007479  write                          
20007509  remove                         
20007509  unlink                         
2000752d  rename                         
2000756b  remove_device                  
20007593  read                           
200075b7  open                           
20007665  lseek                          
20007689  close                          
200076d9  add_device                     
20007785  InitTerm                       
200077a3  Message                        
200077c5  ClearTerm                      
200077cf  Error                          
20007807  GetCmd                         
200078ad  TrimSpace                      
20007945  Report                         
20007a05  __aeabi_uldivmod               
20007cc1  __TI_cleanup                   
20007ced  freopen                        
20007d17  fopen                          
20007dbd  __aeabi_dsub                   
20007dc7  __aeabi_dadd                   
20007f75  PRCMCC3200MCUInit              
200080ed  __aeabi_ddiv                   
20008225  fputs                          
20008331  puts                           
20008359  PinMuxConfig                   
20008469  __aeabi_dmul                   
20008565  setvbuf                        
20008641  ldexp                          
20008641  ldexpl                         
20008641  scalbn                         
20008641  scalbnl                        
20008711  __TI_doflush                   
2000875d  fflush                         
200087d9  __TI_wrt_ok                    
2000883b  __TI_rd_ok                     
20008885  IntEnable                      
2000892d  SPIConfigSetExpClk             
200089cd  __aeabi_memcpy                 
200089cd  __aeabi_memcpy4                
200089cd  __aeabi_memcpy8                
200089cd  memcpy                         
20008a69  __TI_closefile                 
20008acf  fclose                         
20008b01  fputc                          
20008b01  putc                           
20008b85  putchar                        
20008b99  PRCMPeripheralClockGet         
20008c2d  PinConfigSet                   
20008cb5  vsnprintf                      
20008d3d  __aeabi_cdcmpeq                
20008d3d  __aeabi_cdcmple                
20008dc3  __aeabi_cdrcmple               
20008e49  GPIOIntTypeSet                 
20008ecb  __aeabi_memclr                 
20008ecb  __aeabi_memclr4                
20008ecb  __aeabi_memclr8                
20008ecd  __aeabi_memset                 
20008ecd  __aeabi_memset4                
20008ecd  __aeabi_memset8                
20008ed3  memset                         
20008f45  UARTConfigSetExpClk            
20008fbd  __TI_auto_init                 
20009035  printf                         
2000909d  __TI_decompress_lzss           
20009105  __TI_writemsg                  
20009133  C$$IO$$                        
20009137  __TI_readmsg                   
2000916d  fseek                          
200091d1  frexp                          
200091d1  frexpl                         
2000922d  PRCMPeripheralReset            
20009285  ltoa                           
200092dd  C$$EXIT                        
200092e1  abort                          
200092e9  exit                           
20009331  atoi                           
2000937d  copy_in                        
20009411  __aeabi_d2iz                   
2000949d  PinModeSet                     
200094dd  _c_int00                       
2000951d  PRCMPeripheralClkEnable        
20009559  GPIODirModeSet                 
2000958f  strncpy                        
200095c5  PinTypeGPIO                    
200095f5  UARTDisable                    
20009625  __aeabi_i2d                    
20009655  PRCMSysResetCauseGet           
20009681  PRCMPeripheralClkDisable       
200096a9  UARTEnable                     
200096cd  memmove                        
200096f1  GPIOIntStatus                  
20009713  SPIReset                       
20009735  GPIOPinWrite                   
20009755  IntRegister                    
20009775  SPIDataGet                     
20009795  memchr                         
200097b5  GPIOIntRegister                
200097d3  SPIDataPut                     
200097f1  UARTCharPut                    
2000980f  UARTIntRegister                
2000982d  UARTIntStatus                  
2000984b  strcat                         
20009869  SysTickIntRegister             
20009885  UARTCharGetNonBlocking         
200098a1  memccpy                        
200098bd  GPIOIntEnable                  
200098d7  PinTypeSPI                     
200098f1  PinTypeUART                    
2000990b  SPICSDisable                   
20009923  SPICSEnable                    
2000993b  SPIEnable                      
20009955  SysTickPeriodSet               
2000996d  UARTCharsAvail                 
20009985  UARTFIFOLevelSet               
2000999d  UARTIntEnable                  
200099b5  _args_main                     
200099cd  __aeabi_lmul                   
200099e5  strcmp                         
200099fd  PRCMHIBRegRead                 
20009a13  PRCMHIBRegWrite                
20009a29  UARTFIFODisable                
20009a3f  strchr                         
20009a55  CPUcpsie                       
20009a69  GPIOIntClear                   
20009a7d  IntVTableBaseSet               
20009a91  _register_unlock               
20009a97  _register_lock                 
20009a9f  _nop                           
20009aa5  strcpy                         
20009ab9  strlen                         
20009acd  UARTIntClear                   
20009ae1  SysTickEnable                  
20009af1  SysTickIntEnable               
20009b01  __TI_decompress_none           
20009b0f  ResetISR                       
20009b1d  SysTickValueGet                
20009b29  __TI_zero_init                 
20009b35  IntMasterEnable                
20009b3f  copysign                       
20009b3f  copysignl                      
20009b47  UtilsDelay                     
20009b4d  _system_pre_init               
2000a04b  _ctypes_                       
2000a3e0  __TI_static_base__             
2000a478  __TI_Handler_Table_Base        
2000a484  __TI_Handler_Table_Limit       
2000a490  __TI_CINIT_Base                
2000a4a0  __TI_CINIT_Limit               
2001d000  _sys_memory                    
2001d800  _ftable                        
2001d9c0  systick_cnt                    
2001d9c4  pin_intcount                   
2001d9c8  pin_intflag                    
2001d9cc  valid_signal                   
2001d9d0  decoded_value                  
2001d9d4  num                            
2001d9d8  msgCount                       
2001d9dc  colorCount                     
2001d9e0  letter                         
2001d9e1  newLetter                      
2001d9e2  msg                            
2001da00  cursor_x                       
2001da04  cursor_y                       
2001da08  textsize                       
2001da0c  textcolor                      
2001da10  textbgcolor                    
2001da14  wrap                           
2001da18  preset_colors                  
2001da2c  __TI_ft_end                    
2001da30  __aeabi_stdin                  
2001da34  __aeabi_stdout                 
2001da38  __aeabi_stderr                 
2001da3c  __TI_cleanup_ptr               
2001da40  __TI_dtors_ptr                 
2001da44  __TI_enable_exit_profile_output
2001da54  _lock                          
2001da58  _unlock                        
2001da5c  errno                          
2001da64  main_func_sp                   
2001da68  __CIOBUF_                      
2001db88  __TI_tmpnams                   
2001dc30  delta                          
2001dc38  delta_us                       
2003f800  __stack                        
20040000  __STACK_END                    
ffffffff  __TI_pprof_out_hndl            
ffffffff  __TI_prof_data_size            
ffffffff  __TI_prof_data_start           
ffffffff  __binit__                      
ffffffff  __c_args__                     
ffffffff  binit                          
UNDEFED   SHT$$INIT_ARRAY$$Base          
UNDEFED   SHT$$INIT_ARRAY$$Limit         

[258 symbols]
