******************************************************************************
                  TI ARM Linker PC v16.9.0                     
******************************************************************************
>> Linked Thu Apr 13 16:10:19 2023

OUTPUT FILE NAME:   <lab2_spi.out>
ENTRY POINT SYMBOL: "_c_int00"  address: 20008c89


MEMORY CONFIGURATION

         name            origin    length      used     unused   attr    fill
----------------------  --------  ---------  --------  --------  ----  --------
  SRAM_CODE             20004000   00013000  000059bc  0000d644  RW X
  SRAM_DATA             20017000   00019000  000010aa  00017f56  RW X


SEGMENT ALLOCATION MAP

run origin  load origin   length   init length attrs members
----------  ----------- ---------- ----------- ----- -------
20004000    20004000    000059c0   000059c0    r-x
  20004000    20004000    00000400   00000400    r-- .intvecs
  20004400    20004400    00004d14   00004d14    r-x .text
  20009114    20009114    00000860   00000860    r-- .const
  20009978    20009978    00000048   00000048    r-- .cinit
20017000    20017000    000008ac   00000000    rw-
  20017000    20017000    00000800   00000000    rw- .sysmem
  20017800    20017800    0000006a   00000000    rw- .bss
  2001786c    2001786c    00000040   00000000    rw- .data
2002f800    2002f800    00000800   00000000    rw-
  2002f800    2002f800    00000800   00000000    rw- .stack


SECTION ALLOCATION MAP

 output                                  attributes/
section   page    origin      length       input sections
--------  ----  ----------  ----------   ----------------
.intvecs   0    20004000    00000400     
                  20004000    00000400     startup_ccs.obj (.intvecs)

.init_array 
*          0    20004000    00000000     UNINITIALIZED

.text      0    20004400    00004d14     
                  20004400    0000111e     rtsv7M4_T_le_eabi.lib : _printfi.obj (.text)
                  2000551e    00000002                           : mpu_init.obj (.text)
                  20005520    00000e38     main.obj (.text)
                  20006358    00000a80     Adafruit_GFX.obj (.text)
                  20006dd8    000004a6     Adafruit_OLED.obj (.text)
                  2000727e    00000002     rtsv7M4_T_le_eabi.lib : startup.obj (.text)
                  20007280    000003d0                           : memory.obj (.text)
                  20007650    00000280     uart_if.obj (.text)
                  200078d0    000001f4     rtsv7M4_T_le_eabi.lib : ull_div_t2.obj (.text)
                  20007ac4    000001b6                           : fd_add_t2.obj (.text)
                  20007c7a    00000002     --HOLE-- [fill = 0]
                  20007c7c    00000178     driverlib.a : prcm.obj (.text:PRCMCC3200MCUInit)
                  20007df4    00000136     rtsv7M4_T_le_eabi.lib : fd_div_t2.obj (.text)
                  20007f2a    00000002     --HOLE-- [fill = 0]
                  20007f2c    00000114     pin_mux_config.obj (.text)
                  20008040    000000fc     rtsv7M4_T_le_eabi.lib : fd_mul_t2.obj (.text)
                  2000813c    000000d0                           : s_scalbn.obj (.text)
                  2000820c    000000a8     driverlib.a : interrupt.obj (.text:IntEnable)
                  200082b4    000000a0                 : spi.obj (.text:SPIConfigSetExpClk)
                  20008354    0000009c     rtsv7M4_T_le_eabi.lib : memcpy_t2.obj (.text)
                  200083f0    00000094     driverlib.a : prcm.obj (.text:PRCMPeripheralClockGet)
                  20008484    00000088                 : pin.obj (.text:PinConfigSet)
                  2000850c    00000088     rtsv7M4_T_le_eabi.lib : vsnprintf.obj (.text)
                  20008594    00000086                           : fd_cmp_t2.obj (.text:__aeabi_cdcmple)
                  2000861a    00000086                           : fd_cmp_t2.obj (.text:__aeabi_cdrcmple)
                  200086a0    0000007c     driverlib.a : spi.obj (.text:SPIIntStatus)
                  2000871c    0000007a     rtsv7M4_T_le_eabi.lib : memset_t2.obj (.text)
                  20008796    00000076     driverlib.a : uart.obj (.text:UARTConfigSetExpClk)
                  2000880c    00000070     rtsv7M4_T_le_eabi.lib : autoinit.obj (.text)
                  2000887c    00000068                           : copy_decompress_lzss.obj (.text:decompress:lzss)
                  200088e4    0000005c                           : s_frexp.obj (.text)
                  20008940    00000058     driverlib.a : prcm.obj (.text:PRCMPeripheralReset)
                  20008998    00000056     rtsv7M4_T_le_eabi.lib : ltoa.obj (.text)
                  200089ee    00000002     --HOLE-- [fill = 0]
                  200089f0    00000054                           : exit.obj (.text)
                  20008a44    0000004c     driverlib.a : spi.obj (.text:SPIIntEnable)
                  20008a90    0000004c                 : spi.obj (.text:SPIIntNumberGet)
                  20008adc    0000004c     rtsv7M4_T_le_eabi.lib : atoi.obj (.text)
                  20008b28    0000004c                           : cpy_tbl.obj (.text)
                  20008b74    00000048     driverlib.a : spi.obj (.text:SPIIntClear)
                  20008bbc    00000048     rtsv7M4_T_le_eabi.lib : fd_toi_t2.obj (.text)
                  20008c04    00000044     driverlib.a : spi.obj (.text:SPIDmaMaskGet)
                  20008c48    00000040                 : pin.obj (.text:PinModeSet)
                  20008c88    00000040     rtsv7M4_T_le_eabi.lib : boot.obj (.text)
                  20008cc8    0000003c     driverlib.a : prcm.obj (.text:PRCMPeripheralClkEnable)
                  20008d04    00000036                 : gpio.obj (.text:GPIODirModeSet)
                  20008d3a    00000030                 : pin.obj (.text:PinTypeGPIO)
                  20008d6a    00000002     --HOLE-- [fill = 0]
                  20008d6c    00000030                 : uart.obj (.text:UARTDisable)
                  20008d9c    0000002e     rtsv7M4_T_le_eabi.lib : i_tofd_t2.obj (.text)
                  20008dca    00000002     --HOLE-- [fill = 0]
                  20008dcc    0000002c     driverlib.a : prcm.obj (.text:PRCMSysResetCauseGet)
                  20008df8    0000002a                 : spi.obj (.text:SPIDataGetNonBlocking)
                  20008e22    00000002     --HOLE-- [fill = 0]
                  20008e24    00000028                 : prcm.obj (.text:PRCMPeripheralClkDisable)
                  20008e4c    00000024                 : uart.obj (.text:UARTEnable)
                  20008e70    00000024     rtsv7M4_T_le_eabi.lib : memmov.obj (.text)
                  20008e94    00000022     driverlib.a : spi.obj (.text:SPIReset)
                  20008eb6    00000020                 : gpio.obj (.text:GPIOPinWrite)
                  20008ed6    00000002     --HOLE-- [fill = 0]
                  20008ed8    00000020                 : interrupt.obj (.text:IntRegister)
                  20008ef8    00000020                 : spi.obj (.text:SPIDataGet)
                  20008f18    0000001e                 : spi.obj (.text:SPIDataPut)
                  20008f36    0000001e                 : spi.obj (.text:SPIIntRegister)
                  20008f54    0000001e                 : uart.obj (.text:UARTCharPut)
                  20008f72    0000001c                 : uart.obj (.text:UARTCharGetNonBlocking)
                  20008f8e    0000001c     rtsv7M4_T_le_eabi.lib : memccpy.obj (.text)
                  20008faa    0000001a     driverlib.a : pin.obj (.text:PinTypeSPI)
                  20008fc4    00000018                 : spi.obj (.text:SPICSDisable)
                  20008fdc    00000018                 : spi.obj (.text:SPICSEnable)
                  20008ff4    00000018                 : spi.obj (.text:SPIEnable)
                  2000900c    00000018                 : uart.obj (.text:UARTCharsAvail)
                  20009024    00000018     rtsv7M4_T_le_eabi.lib : args_main.obj (.text)
                  2000903c    00000016     driverlib.a : prcm.obj (.text:PRCMHIBRegRead)
                  20009052    00000016                 : prcm.obj (.text:PRCMHIBRegWrite)
                  20009068    00000016     rtsv7M4_T_le_eabi.lib : strchr.obj (.text)
                  2000907e    00000014     driverlib.a : cpu.obj (.text:CPUcpsie)
                  20009092    00000002     --HOLE-- [fill = 0]
                  20009094    00000014                 : interrupt.obj (.text:IntVTableBaseSet)
                  200090a8    00000014     rtsv7M4_T_le_eabi.lib : _lock.obj (.text)
                  200090bc    00000014                           : strlen.obj (.text)
                  200090d0    0000000e                           : copy_decompress_none.obj (.text:decompress:none)
                  200090de    0000000e     startup_ccs.obj (.text)
                  200090ec    0000000c     rtsv7M4_T_le_eabi.lib : copy_zero_init.obj (.text:decompress:ZI)
                  200090f8    0000000a     driverlib.a : interrupt.obj (.text:IntMasterEnable)
                  20009102    00000008     rtsv7M4_T_le_eabi.lib : s_copysign.obj (.text)
                  2000910a    00000006     driverlib.a : utils.obj (.text:UtilsDelay)
                  20009110    00000004     rtsv7M4_T_le_eabi.lib : pre_init.obj (.text)

.const     0    20009114    00000860     
                  20009114    000004fb     Adafruit_GFX.obj (.const:.string:font)
                  2000960f    00000101     rtsv7M4_T_le_eabi.lib : ctype.obj (.const:.string:_ctypes_)
                  20009710    00000100     driverlib.a : pin.obj (.const:g_ulPinToPadMap)
                  20009810    000000a8                 : prcm.obj (.const:PRCM_PeriphRegsList)
                  200098b8    00000080                 : interrupt.obj (.const)
                  20009938    00000024                 : spi.obj (.const:g_ppulSPIIntMap)
                  2000995c    00000018                 : spi.obj (.const)

.cinit     0    20009978    00000048     
                  20009978    0000001d     (.cinit..data.load) [load image, compression = lzss]
                  20009995    00000003     --HOLE-- [fill = 0]
                  20009998    0000000c     (__TI_handler_table)
                  200099a4    00000004     --HOLE-- [fill = 0]
                  200099a8    00000008     (.cinit..bss.load) [load image, compression = zero_init]
                  200099b0    00000010     (__TI_cinit_table)

.sysmem    0    20017000    00000800     UNINITIALIZED
                  20017000    00000008     rtsv7M4_T_le_eabi.lib : memory.obj (.sysmem)
                  20017008    000007f8     --HOLE--

.bss       0    20017800    0000006a     UNINITIALIZED
                  20017800    00000064     main.obj (.bss:g_ucTxBuff)
                  20017864    00000004     uart_if.obj (.bss)
                  20017868    00000002     main.obj (.bss)

.data      0    2001786c    00000040     UNINITIALIZED
                  2001786c    00000015     Adafruit_GFX.obj (.data)
                  20017881    00000003     --HOLE--
                  20017884    0000000c     rtsv7M4_T_le_eabi.lib : exit.obj (.data:$O1$$)
                  20017890    0000000c                           : memory.obj (.data:$O1$$)
                  2001789c    00000008                           : _lock.obj (.data:$O1$$)
                  200178a4    00000004                           : errno.obj (.data)
                  200178a8    00000004                           : stkdepth_vars.obj (.data)

.stack     0    2002f800    00000800     UNINITIALIZED
                  2002f800    00000800     --HOLE--

MODULE SUMMARY

       Module                     code    ro data   rw data
       ------                     ----    -------   -------
    .\
       Adafruit_GFX.obj           2688    1275      21     
       main.obj                   3640    0         102    
       Adafruit_OLED.obj          1190    0         0      
       startup_ccs.obj            14      1024      0      
       uart_if.obj                640     0         4      
       pin_mux_config.obj         276     0         0      
    +--+--------------------------+-------+---------+---------+
       Total:                     8448    2299      127    
                                                           
    C:/ti/CC3200SDK_1.2.0/cc3200-sdk/driverlib/ccs/Release/driverlib.a
       prcm.obj                   800     168       0      
       spi.obj                    816     60        0      
       pin.obj                    274     256       0      
       interrupt.obj              230     128       0      
       uart.obj                   284     0         0      
       gpio.obj                   86      0         0      
       cpu.obj                    20      0         0      
       utils.obj                  6       0         0      
    +--+--------------------------+-------+---------+---------+
       Total:                     2516    612       0      
                                                           
    C:\ti\ccsv7\tools\compiler\ti-cgt-arm_16.9.0.LTS\lib\rtsv7M4_T_le_eabi.lib
       _printfi.obj               4382    0         0      
       memory.obj                 976     0         12     
       ull_div_t2.obj             500     0         0      
       fd_add_t2.obj              438     0         0      
       fd_div_t2.obj              310     0         0      
       fd_cmp_t2.obj              268     0         0      
       ctype.obj                  0       257       0      
       fd_mul_t2.obj              252     0         0      
       s_scalbn.obj               208     0         0      
       memcpy_t2.obj              156     0         0      
       vsnprintf.obj              136     0         0      
       memset_t2.obj              122     0         0      
       autoinit.obj               112     0         0      
       copy_decompress_lzss.obj   104     0         0      
       exit.obj                   84      0         12     
       s_frexp.obj                92      0         0      
       ltoa.obj                   86      0         0      
       atoi.obj                   76      0         0      
       cpy_tbl.obj                76      0         0      
       fd_toi_t2.obj              72      0         0      
       boot.obj                   64      0         0      
       i_tofd_t2.obj              46      0         0      
       memmov.obj                 36      0         0      
       _lock.obj                  20      0         8      
       memccpy.obj                28      0         0      
       args_main.obj              24      0         0      
       strchr.obj                 22      0         0      
       strlen.obj                 20      0         0      
       copy_decompress_none.obj   14      0         0      
       copy_zero_init.obj         12      0         0      
       s_copysign.obj             8       0         0      
       errno.obj                  0       0         4      
       pre_init.obj               4       0         0      
       stkdepth_vars.obj          0       0         4      
       mpu_init.obj               2       0         0      
       startup.obj                2       0         0      
    +--+--------------------------+-------+---------+---------+
       Total:                     8752    257       40     
                                                           
       Heap:                      0       0         2048   
       Stack:                     0       0         2048   
       Linker Generated:          0       65        0      
    +--+--------------------------+-------+---------+---------+
       Grand Total:               19716   3233      4263   


LINKER GENERATED COPY TABLES

__TI_cinit_table @ 200099b0 records: 2, size/record: 8, table size: 16
	.data: load addr=20009978, load size=0000001d bytes, run addr=2001786c, run size=00000040 bytes, compression=lzss
	.bss: load addr=200099a8, load size=00000008 bytes, run addr=20017800, run size=0000006a bytes, compression=zero_init


LINKER GENERATED HANDLER TABLE

__TI_handler_table @ 20009998 records: 3, size/record: 4, table size: 12
	index: 0, handler: __TI_decompress_lzss
	index: 1, handler: __TI_decompress_none
	index: 2, handler: __TI_zero_init


GLOBAL SYMBOLS: SORTED ALPHABETICALLY BY Name 

address   name                           
-------   ----                           
20006e65  Adafruit_Init                  
200089f1  C$$EXIT                        
2000907f  CPUcpsie                       
20007691  ClearTerm                      
20006fdb  Color565                       
2000769b  Error                          
20008d05  GPIODirModeSet                 
20008eb7  GPIOPinWrite                   
200076d3  GetCmd                         
20007651  InitTerm                       
2000820d  IntEnable                      
200090f9  IntMasterEnable                
20008ed9  IntRegister                    
20009095  IntVTableBaseSet               
20006147  MasterMain                     
2000766f  Message                        
20006d03  Outstr                         
20007c7d  PRCMCC3200MCUInit              
2000903d  PRCMHIBRegRead                 
20009053  PRCMHIBRegWrite                
20008e25  PRCMPeripheralClkDisable       
20008cc9  PRCMPeripheralClkEnable        
200083f1  PRCMPeripheralClockGet         
20008941  PRCMPeripheralReset            
20008dcd  PRCMSysResetCauseGet           
20008485  PinConfigSet                   
20008c49  PinModeSet                     
20007f2d  PinMuxConfig                   
20008d3b  PinTypeGPIO                    
20008fab  PinTypeSPI                     
20007811  Report                         
200090df  ResetISR                       
UNDEFED   SHT$$INIT_ARRAY$$Base          
UNDEFED   SHT$$INIT_ARRAY$$Limit         
20008fc5  SPICSDisable                   
20008fdd  SPICSEnable                    
200082b5  SPIConfigSetExpClk             
20008ef9  SPIDataGet                     
20008df9  SPIDataGetNonBlocking          
20008f19  SPIDataPut                     
20008ff5  SPIEnable                      
20008b75  SPIIntClear                    
20008a45  SPIIntEnable                   
20008f37  SPIIntRegister                 
200086a1  SPIIntStatus                   
20008e95  SPIReset                       
20006187  SlaveMain                      
20007779  TrimSpace                      
20008f73  UARTCharGetNonBlocking         
20008f55  UARTCharPut                    
2000900d  UARTCharsAvail                 
20008797  UARTConfigSetExpClk            
20008d6d  UARTDisable                    
20008e4d  UARTEnable                     
2000910b  UtilsDelay                     
20030000  __STACK_END                    
00000800  __STACK_SIZE                   
00000800  __SYSMEM_SIZE                  
200099b0  __TI_CINIT_Base                
200099c0  __TI_CINIT_Limit               
20009998  __TI_Handler_Table_Base        
200099a4  __TI_Handler_Table_Limit       
2000880d  __TI_auto_init                 
20017884  __TI_cleanup_ptr               
2000887d  __TI_decompress_lzss           
200090d1  __TI_decompress_none           
20017888  __TI_dtors_ptr                 
2001788c  __TI_enable_exit_profile_output
ffffffff  __TI_pprof_out_hndl            
20004c35  __TI_printfi                   
ffffffff  __TI_prof_data_size            
ffffffff  __TI_prof_data_start           
20009978  __TI_static_base__             
200090ed  __TI_zero_init                 
20008595  __aeabi_cdcmpeq                
20008595  __aeabi_cdcmple                
2000861b  __aeabi_cdrcmple               
20008bbd  __aeabi_d2iz                   
20007acf  __aeabi_dadd                   
20007df5  __aeabi_ddiv                   
20008041  __aeabi_dmul                   
20007ac5  __aeabi_dsub                   
20008d9d  __aeabi_i2d                    
2000871d  __aeabi_memclr                 
2000871d  __aeabi_memclr4                
2000871d  __aeabi_memclr8                
20008355  __aeabi_memcpy                 
20008355  __aeabi_memcpy4                
20008355  __aeabi_memcpy8                
2000871f  __aeabi_memset                 
2000871f  __aeabi_memset4                
2000871f  __aeabi_memset8                
200078d1  __aeabi_uldivmod               
ffffffff  __binit__                      
ffffffff  __c_args__                     
2000551f  __mpu_init                     
2002f800  __stack                        
20009025  _args_main                     
20008c89  _c_int00                       
2000960f  _ctypes_                       
2001789c  _lock                          
200090b7  _nop                           
200090af  _register_lock                 
200090a9  _register_unlock               
20017000  _sys_memory                    
2000727f  _system_post_cinit             
20009111  _system_pre_init               
200178a0  _unlock                        
200089f5  abort                          
20008add  atoi                           
ffffffff  binit                          
20007621  calloc                         
20008b29  copy_in                        
20009103  copysign                       
20009103  copysignl                      
2001786c  cursor_x                       
20017870  cursor_y                       
20005521  delay                          
20006bb7  drawChar                       
20006359  drawCircle                     
2000648d  drawCircleHelper               
20007189  drawFastHLine                  
200070e9  drawFastVLine                  
200066d3  drawLine                       
20007225  drawPixel                      
200067bf  drawRect                       
2000680d  drawRoundRect                  
20006975  drawTriangle                   
200178a4  errno                          
200089fd  exit                           
200065ab  fillCircle                     
200065e5  fillCircleHelper               
20007033  fillRect                       
200068fb  fillRoundRect                  
2000701d  fillScreen                     
200069b7  fillTriangle                   
2000736b  free                           
200088e5  frexp                          
200088e5  frexpl                         
20004000  g_pfnVectors                   
20006f97  goTo                           
20006db7  height                         
20007263  invert                         
20005a93  lcdTestPattern                 
20005b63  lcdTestPattern2                
2000813d  ldexp                          
2000813d  ldexpl                         
20008999  ltoa                           
200061f7  main                           
200178a8  main_func_sp                   
20007301  malloc                         
20007535  memalign                       
20008f8f  memccpy                        
20008355  memcpy                         
20008e71  memmove                        
20008725  memset                         
20007281  minit                          
2000742d  realloc                        
2000813d  scalbn                         
2000813d  scalbnl                        
20006d4f  setCursor                      
20006d87  setTextColor                   
20006d67  setTextSize                    
20006d9f  setTextWrap                    
20009069  strchr                         
200090bd  strlen                         
20005757  testdrawcircles                
200055c7  testdrawrects                  
20005555  testfastlines                  
200056e5  testfillcircles                
20005627  testfillrects                  
200058c5  testlines                      
20005853  testroundrects                 
200057d1  testtriangles                  
2001787c  textbgcolor                    
20017878  textcolor                      
20017874  textsize                       
2000850d  vsnprintf                      
20006db3  width                          
20017880  wrap                           
20006dd9  writeCommand                   
20006e1f  writeData                      


GLOBAL SYMBOLS: SORTED BY Symbol Address 

address   name                           
-------   ----                           
00000800  __STACK_SIZE                   
00000800  __SYSMEM_SIZE                  
20004000  g_pfnVectors                   
20004c35  __TI_printfi                   
2000551f  __mpu_init                     
20005521  delay                          
20005555  testfastlines                  
200055c7  testdrawrects                  
20005627  testfillrects                  
200056e5  testfillcircles                
20005757  testdrawcircles                
200057d1  testtriangles                  
20005853  testroundrects                 
200058c5  testlines                      
20005a93  lcdTestPattern                 
20005b63  lcdTestPattern2                
20006147  MasterMain                     
20006187  SlaveMain                      
200061f7  main                           
20006359  drawCircle                     
2000648d  drawCircleHelper               
200065ab  fillCircle                     
200065e5  fillCircleHelper               
200066d3  drawLine                       
200067bf  drawRect                       
2000680d  drawRoundRect                  
200068fb  fillRoundRect                  
20006975  drawTriangle                   
200069b7  fillTriangle                   
20006bb7  drawChar                       
20006d03  Outstr                         
20006d4f  setCursor                      
20006d67  setTextSize                    
20006d87  setTextColor                   
20006d9f  setTextWrap                    
20006db3  width                          
20006db7  height                         
20006dd9  writeCommand                   
20006e1f  writeData                      
20006e65  Adafruit_Init                  
20006f97  goTo                           
20006fdb  Color565                       
2000701d  fillScreen                     
20007033  fillRect                       
200070e9  drawFastVLine                  
20007189  drawFastHLine                  
20007225  drawPixel                      
20007263  invert                         
2000727f  _system_post_cinit             
20007281  minit                          
20007301  malloc                         
2000736b  free                           
2000742d  realloc                        
20007535  memalign                       
20007621  calloc                         
20007651  InitTerm                       
2000766f  Message                        
20007691  ClearTerm                      
2000769b  Error                          
200076d3  GetCmd                         
20007779  TrimSpace                      
20007811  Report                         
200078d1  __aeabi_uldivmod               
20007ac5  __aeabi_dsub                   
20007acf  __aeabi_dadd                   
20007c7d  PRCMCC3200MCUInit              
20007df5  __aeabi_ddiv                   
20007f2d  PinMuxConfig                   
20008041  __aeabi_dmul                   
2000813d  ldexp                          
2000813d  ldexpl                         
2000813d  scalbn                         
2000813d  scalbnl                        
2000820d  IntEnable                      
200082b5  SPIConfigSetExpClk             
20008355  __aeabi_memcpy                 
20008355  __aeabi_memcpy4                
20008355  __aeabi_memcpy8                
20008355  memcpy                         
200083f1  PRCMPeripheralClockGet         
20008485  PinConfigSet                   
2000850d  vsnprintf                      
20008595  __aeabi_cdcmpeq                
20008595  __aeabi_cdcmple                
2000861b  __aeabi_cdrcmple               
200086a1  SPIIntStatus                   
2000871d  __aeabi_memclr                 
2000871d  __aeabi_memclr4                
2000871d  __aeabi_memclr8                
2000871f  __aeabi_memset                 
2000871f  __aeabi_memset4                
2000871f  __aeabi_memset8                
20008725  memset                         
20008797  UARTConfigSetExpClk            
2000880d  __TI_auto_init                 
2000887d  __TI_decompress_lzss           
200088e5  frexp                          
200088e5  frexpl                         
20008941  PRCMPeripheralReset            
20008999  ltoa                           
200089f1  C$$EXIT                        
200089f5  abort                          
200089fd  exit                           
20008a45  SPIIntEnable                   
20008add  atoi                           
20008b29  copy_in                        
20008b75  SPIIntClear                    
20008bbd  __aeabi_d2iz                   
20008c49  PinModeSet                     
20008c89  _c_int00                       
20008cc9  PRCMPeripheralClkEnable        
20008d05  GPIODirModeSet                 
20008d3b  PinTypeGPIO                    
20008d6d  UARTDisable                    
20008d9d  __aeabi_i2d                    
20008dcd  PRCMSysResetCauseGet           
20008df9  SPIDataGetNonBlocking          
20008e25  PRCMPeripheralClkDisable       
20008e4d  UARTEnable                     
20008e71  memmove                        
20008e95  SPIReset                       
20008eb7  GPIOPinWrite                   
20008ed9  IntRegister                    
20008ef9  SPIDataGet                     
20008f19  SPIDataPut                     
20008f37  SPIIntRegister                 
20008f55  UARTCharPut                    
20008f73  UARTCharGetNonBlocking         
20008f8f  memccpy                        
20008fab  PinTypeSPI                     
20008fc5  SPICSDisable                   
20008fdd  SPICSEnable                    
20008ff5  SPIEnable                      
2000900d  UARTCharsAvail                 
20009025  _args_main                     
2000903d  PRCMHIBRegRead                 
20009053  PRCMHIBRegWrite                
20009069  strchr                         
2000907f  CPUcpsie                       
20009095  IntVTableBaseSet               
200090a9  _register_unlock               
200090af  _register_lock                 
200090b7  _nop                           
200090bd  strlen                         
200090d1  __TI_decompress_none           
200090df  ResetISR                       
200090ed  __TI_zero_init                 
200090f9  IntMasterEnable                
20009103  copysign                       
20009103  copysignl                      
2000910b  UtilsDelay                     
20009111  _system_pre_init               
2000960f  _ctypes_                       
20009978  __TI_static_base__             
20009998  __TI_Handler_Table_Base        
200099a4  __TI_Handler_Table_Limit       
200099b0  __TI_CINIT_Base                
200099c0  __TI_CINIT_Limit               
20017000  _sys_memory                    
2001786c  cursor_x                       
20017870  cursor_y                       
20017874  textsize                       
20017878  textcolor                      
2001787c  textbgcolor                    
20017880  wrap                           
20017884  __TI_cleanup_ptr               
20017888  __TI_dtors_ptr                 
2001788c  __TI_enable_exit_profile_output
2001789c  _lock                          
200178a0  _unlock                        
200178a4  errno                          
200178a8  main_func_sp                   
2002f800  __stack                        
20030000  __STACK_END                    
ffffffff  __TI_pprof_out_hndl            
ffffffff  __TI_prof_data_size            
ffffffff  __TI_prof_data_start           
ffffffff  __binit__                      
ffffffff  __c_args__                     
ffffffff  binit                          
UNDEFED   SHT$$INIT_ARRAY$$Base          
UNDEFED   SHT$$INIT_ARRAY$$Limit         

[182 symbols]
