<?xml version="1.0"?>
<link_info>
   <banner>TI ARM Linker PC v16.9.0.LTS</banner>
   <copyright>Copyright (c) 1996-2015 Texas Instruments Incorporated</copyright>
   <link_time>0x6451aafd</link_time>
   <link_errors>0x0</link_errors>
   <output_file>decoding_IR.out</output_file>
   <entry_point>
      <name>_c_int00</name>
      <address>0x20007981</address>
   </entry_point>
   <input_file_list>
      <input_file id="fl-2">
         <path>.\</path>
         <kind>object</kind>
         <file>Adafruit_GFX.obj</file>
         <name>Adafruit_GFX.obj</name>
      </input_file>
      <input_file id="fl-3">
         <path>.\</path>
         <kind>object</kind>
         <file>Adafruit_OLED.obj</file>
         <name>Adafruit_OLED.obj</name>
      </input_file>
      <input_file id="fl-4">
         <path>.\</path>
         <kind>object</kind>
         <file>main.obj</file>
         <name>main.obj</name>
      </input_file>
      <input_file id="fl-5">
         <path>.\</path>
         <kind>object</kind>
         <file>pin_mux_config.obj</file>
         <name>pin_mux_config.obj</name>
      </input_file>
      <input_file id="fl-6">
         <path>.\</path>
         <kind>object</kind>
         <file>startup_ccs.obj</file>
         <name>startup_ccs.obj</name>
      </input_file>
      <input_file id="fl-7">
         <path>.\</path>
         <kind>object</kind>
         <file>uart_if.obj</file>
         <name>uart_if.obj</name>
      </input_file>
      <input_file id="fl-c2">
         <path>C:\ti\ccsv7\tools\compiler\ti-cgt-arm_16.9.0.LTS\lib\</path>
         <kind>archive</kind>
         <file>rtsv7M4_T_le_eabi.lib</file>
         <name>boot.obj</name>
      </input_file>
      <input_file id="fl-c3">
         <path>C:\ti\ccsv7\tools\compiler\ti-cgt-arm_16.9.0.LTS\lib\</path>
         <kind>archive</kind>
         <file>rtsv7M4_T_le_eabi.lib</file>
         <name>copy_decompress_lzss.obj</name>
      </input_file>
      <input_file id="fl-c4">
         <path>C:\ti\ccsv7\tools\compiler\ti-cgt-arm_16.9.0.LTS\lib\</path>
         <kind>archive</kind>
         <file>rtsv7M4_T_le_eabi.lib</file>
         <name>copy_decompress_none.obj</name>
      </input_file>
      <input_file id="fl-c5">
         <path>C:\ti\ccsv7\tools\compiler\ti-cgt-arm_16.9.0.LTS\lib\</path>
         <kind>archive</kind>
         <file>rtsv7M4_T_le_eabi.lib</file>
         <name>copy_zero_init.obj</name>
      </input_file>
      <input_file id="fl-c6">
         <path>C:\ti\ccsv7\tools\compiler\ti-cgt-arm_16.9.0.LTS\lib\</path>
         <kind>archive</kind>
         <file>rtsv7M4_T_le_eabi.lib</file>
         <name>exit.obj</name>
      </input_file>
      <input_file id="fl-c7">
         <path>C:\ti\ccsv7\tools\compiler\ti-cgt-arm_16.9.0.LTS\lib\</path>
         <kind>archive</kind>
         <file>rtsv7M4_T_le_eabi.lib</file>
         <name>ll_mul_t2.obj</name>
      </input_file>
      <input_file id="fl-c8">
         <path>C:\ti\ccsv7\tools\compiler\ti-cgt-arm_16.9.0.LTS\lib\</path>
         <kind>archive</kind>
         <file>rtsv7M4_T_le_eabi.lib</file>
         <name>memcpy_t2.obj</name>
      </input_file>
      <input_file id="fl-c9">
         <path>C:\ti\ccsv7\tools\compiler\ti-cgt-arm_16.9.0.LTS\lib\</path>
         <kind>archive</kind>
         <file>rtsv7M4_T_le_eabi.lib</file>
         <name>memmov.obj</name>
      </input_file>
      <input_file id="fl-ca">
         <path>C:\ti\ccsv7\tools\compiler\ti-cgt-arm_16.9.0.LTS\lib\</path>
         <kind>archive</kind>
         <file>rtsv7M4_T_le_eabi.lib</file>
         <name>memory.obj</name>
      </input_file>
      <input_file id="fl-cb">
         <path>C:\ti\ccsv7\tools\compiler\ti-cgt-arm_16.9.0.LTS\lib\</path>
         <kind>archive</kind>
         <file>rtsv7M4_T_le_eabi.lib</file>
         <name>memset_t2.obj</name>
      </input_file>
      <input_file id="fl-cc">
         <path>C:\ti\ccsv7\tools\compiler\ti-cgt-arm_16.9.0.LTS\lib\</path>
         <kind>archive</kind>
         <file>rtsv7M4_T_le_eabi.lib</file>
         <name>mpu_init.obj</name>
      </input_file>
      <input_file id="fl-cd">
         <path>C:\ti\ccsv7\tools\compiler\ti-cgt-arm_16.9.0.LTS\lib\</path>
         <kind>archive</kind>
         <file>rtsv7M4_T_le_eabi.lib</file>
         <name>pre_init.obj</name>
      </input_file>
      <input_file id="fl-ce">
         <path>C:\ti\ccsv7\tools\compiler\ti-cgt-arm_16.9.0.LTS\lib\</path>
         <kind>archive</kind>
         <file>rtsv7M4_T_le_eabi.lib</file>
         <name>printf.obj</name>
      </input_file>
      <input_file id="fl-cf">
         <path>C:\ti\ccsv7\tools\compiler\ti-cgt-arm_16.9.0.LTS\lib\</path>
         <kind>archive</kind>
         <file>rtsv7M4_T_le_eabi.lib</file>
         <name>stkdepth_vars.obj</name>
      </input_file>
      <input_file id="fl-d0">
         <path>C:\ti\ccsv7\tools\compiler\ti-cgt-arm_16.9.0.LTS\lib\</path>
         <kind>archive</kind>
         <file>rtsv7M4_T_le_eabi.lib</file>
         <name>strlen.obj</name>
      </input_file>
      <input_file id="fl-d1">
         <path>C:\ti\ccsv7\tools\compiler\ti-cgt-arm_16.9.0.LTS\lib\</path>
         <kind>archive</kind>
         <file>rtsv7M4_T_le_eabi.lib</file>
         <name>ull_div_t2.obj</name>
      </input_file>
      <input_file id="fl-d2">
         <path>C:\ti\ccsv7\tools\compiler\ti-cgt-arm_16.9.0.LTS\lib\</path>
         <kind>archive</kind>
         <file>rtsv7M4_T_le_eabi.lib</file>
         <name>vsnprintf.obj</name>
      </input_file>
      <input_file id="fl-d3">
         <path>C:\ti\ccsv7\tools\compiler\ti-cgt-arm_16.9.0.LTS\lib\</path>
         <kind>archive</kind>
         <file>rtsv7M4_T_le_eabi.lib</file>
         <name>_lock.obj</name>
      </input_file>
      <input_file id="fl-d4">
         <path>C:\ti\ccsv7\tools\compiler\ti-cgt-arm_16.9.0.LTS\lib\</path>
         <kind>archive</kind>
         <file>rtsv7M4_T_le_eabi.lib</file>
         <name>_printfi.obj</name>
      </input_file>
      <input_file id="fl-d5">
         <path>C:\ti\ccsv7\tools\compiler\ti-cgt-arm_16.9.0.LTS\lib\</path>
         <kind>archive</kind>
         <file>rtsv7M4_T_le_eabi.lib</file>
         <name>args_main.obj</name>
      </input_file>
      <input_file id="fl-d6">
         <path>C:\ti\ccsv7\tools\compiler\ti-cgt-arm_16.9.0.LTS\lib\</path>
         <kind>archive</kind>
         <file>rtsv7M4_T_le_eabi.lib</file>
         <name>atoi.obj</name>
      </input_file>
      <input_file id="fl-d7">
         <path>C:\ti\ccsv7\tools\compiler\ti-cgt-arm_16.9.0.LTS\lib\</path>
         <kind>archive</kind>
         <file>rtsv7M4_T_le_eabi.lib</file>
         <name>autoinit.obj</name>
      </input_file>
      <input_file id="fl-d8">
         <path>C:\ti\ccsv7\tools\compiler\ti-cgt-arm_16.9.0.LTS\lib\</path>
         <kind>archive</kind>
         <file>rtsv7M4_T_le_eabi.lib</file>
         <name>cpy_tbl.obj</name>
      </input_file>
      <input_file id="fl-d9">
         <path>C:\ti\ccsv7\tools\compiler\ti-cgt-arm_16.9.0.LTS\lib\</path>
         <kind>archive</kind>
         <file>rtsv7M4_T_le_eabi.lib</file>
         <name>ctype.obj</name>
      </input_file>
      <input_file id="fl-da">
         <path>C:\ti\ccsv7\tools\compiler\ti-cgt-arm_16.9.0.LTS\lib\</path>
         <kind>archive</kind>
         <file>rtsv7M4_T_le_eabi.lib</file>
         <name>defs.obj</name>
      </input_file>
      <input_file id="fl-db">
         <path>C:\ti\ccsv7\tools\compiler\ti-cgt-arm_16.9.0.LTS\lib\</path>
         <kind>archive</kind>
         <file>rtsv7M4_T_le_eabi.lib</file>
         <name>fd_add_t2.obj</name>
      </input_file>
      <input_file id="fl-dc">
         <path>C:\ti\ccsv7\tools\compiler\ti-cgt-arm_16.9.0.LTS\lib\</path>
         <kind>archive</kind>
         <file>rtsv7M4_T_le_eabi.lib</file>
         <name>fd_cmp_t2.obj</name>
      </input_file>
      <input_file id="fl-dd">
         <path>C:\ti\ccsv7\tools\compiler\ti-cgt-arm_16.9.0.LTS\lib\</path>
         <kind>archive</kind>
         <file>rtsv7M4_T_le_eabi.lib</file>
         <name>fd_div_t2.obj</name>
      </input_file>
      <input_file id="fl-de">
         <path>C:\ti\ccsv7\tools\compiler\ti-cgt-arm_16.9.0.LTS\lib\</path>
         <kind>archive</kind>
         <file>rtsv7M4_T_le_eabi.lib</file>
         <name>fd_mul_t2.obj</name>
      </input_file>
      <input_file id="fl-df">
         <path>C:\ti\ccsv7\tools\compiler\ti-cgt-arm_16.9.0.LTS\lib\</path>
         <kind>archive</kind>
         <file>rtsv7M4_T_le_eabi.lib</file>
         <name>fd_toi_t2.obj</name>
      </input_file>
      <input_file id="fl-e0">
         <path>C:\ti\ccsv7\tools\compiler\ti-cgt-arm_16.9.0.LTS\lib\</path>
         <kind>archive</kind>
         <file>rtsv7M4_T_le_eabi.lib</file>
         <name>fputc.obj</name>
      </input_file>
      <input_file id="fl-e1">
         <path>C:\ti\ccsv7\tools\compiler\ti-cgt-arm_16.9.0.LTS\lib\</path>
         <kind>archive</kind>
         <file>rtsv7M4_T_le_eabi.lib</file>
         <name>fputs.obj</name>
      </input_file>
      <input_file id="fl-e2">
         <path>C:\ti\ccsv7\tools\compiler\ti-cgt-arm_16.9.0.LTS\lib\</path>
         <kind>archive</kind>
         <file>rtsv7M4_T_le_eabi.lib</file>
         <name>i_tofd_t2.obj</name>
      </input_file>
      <input_file id="fl-e3">
         <path>C:\ti\ccsv7\tools\compiler\ti-cgt-arm_16.9.0.LTS\lib\</path>
         <kind>archive</kind>
         <file>rtsv7M4_T_le_eabi.lib</file>
         <name>lowlev.obj</name>
      </input_file>
      <input_file id="fl-e4">
         <path>C:\ti\ccsv7\tools\compiler\ti-cgt-arm_16.9.0.LTS\lib\</path>
         <kind>archive</kind>
         <file>rtsv7M4_T_le_eabi.lib</file>
         <name>ltoa.obj</name>
      </input_file>
      <input_file id="fl-e5">
         <path>C:\ti\ccsv7\tools\compiler\ti-cgt-arm_16.9.0.LTS\lib\</path>
         <kind>archive</kind>
         <file>rtsv7M4_T_le_eabi.lib</file>
         <name>memccpy.obj</name>
      </input_file>
      <input_file id="fl-e6">
         <path>C:\ti\ccsv7\tools\compiler\ti-cgt-arm_16.9.0.LTS\lib\</path>
         <kind>archive</kind>
         <file>rtsv7M4_T_le_eabi.lib</file>
         <name>memchr.obj</name>
      </input_file>
      <input_file id="fl-e7">
         <path>C:\ti\ccsv7\tools\compiler\ti-cgt-arm_16.9.0.LTS\lib\</path>
         <kind>archive</kind>
         <file>rtsv7M4_T_le_eabi.lib</file>
         <name>s_frexp.obj</name>
      </input_file>
      <input_file id="fl-e8">
         <path>C:\ti\ccsv7\tools\compiler\ti-cgt-arm_16.9.0.LTS\lib\</path>
         <kind>archive</kind>
         <file>rtsv7M4_T_le_eabi.lib</file>
         <name>s_scalbn.obj</name>
      </input_file>
      <input_file id="fl-e9">
         <path>C:\ti\ccsv7\tools\compiler\ti-cgt-arm_16.9.0.LTS\lib\</path>
         <kind>archive</kind>
         <file>rtsv7M4_T_le_eabi.lib</file>
         <name>startup.obj</name>
      </input_file>
      <input_file id="fl-ea">
         <path>C:\ti\ccsv7\tools\compiler\ti-cgt-arm_16.9.0.LTS\lib\</path>
         <kind>archive</kind>
         <file>rtsv7M4_T_le_eabi.lib</file>
         <name>strchr.obj</name>
      </input_file>
      <input_file id="fl-eb">
         <path>C:\ti\ccsv7\tools\compiler\ti-cgt-arm_16.9.0.LTS\lib\</path>
         <kind>archive</kind>
         <file>rtsv7M4_T_le_eabi.lib</file>
         <name>strcmp.obj</name>
      </input_file>
      <input_file id="fl-ec">
         <path>C:\ti\ccsv7\tools\compiler\ti-cgt-arm_16.9.0.LTS\lib\</path>
         <kind>archive</kind>
         <file>rtsv7M4_T_le_eabi.lib</file>
         <name>strncpy.obj</name>
      </input_file>
      <input_file id="fl-ed">
         <path>C:\ti\ccsv7\tools\compiler\ti-cgt-arm_16.9.0.LTS\lib\</path>
         <kind>archive</kind>
         <file>rtsv7M4_T_le_eabi.lib</file>
         <name>trgdrv.obj</name>
      </input_file>
      <input_file id="fl-ee">
         <path>C:\ti\ccsv7\tools\compiler\ti-cgt-arm_16.9.0.LTS\lib\</path>
         <kind>archive</kind>
         <file>rtsv7M4_T_le_eabi.lib</file>
         <name>trgmsg.obj</name>
      </input_file>
      <input_file id="fl-ef">
         <path>C:\ti\ccsv7\tools\compiler\ti-cgt-arm_16.9.0.LTS\lib\</path>
         <kind>archive</kind>
         <file>rtsv7M4_T_le_eabi.lib</file>
         <name>_io_perm.obj</name>
      </input_file>
      <input_file id="fl-f0">
         <path>C:\ti\ccsv7\tools\compiler\ti-cgt-arm_16.9.0.LTS\lib\</path>
         <kind>archive</kind>
         <file>rtsv7M4_T_le_eabi.lib</file>
         <name>errno.obj</name>
      </input_file>
      <input_file id="fl-f1">
         <path>C:\ti\ccsv7\tools\compiler\ti-cgt-arm_16.9.0.LTS\lib\</path>
         <kind>archive</kind>
         <file>rtsv7M4_T_le_eabi.lib</file>
         <name>fflush.obj</name>
      </input_file>
      <input_file id="fl-f2">
         <path>C:\ti\ccsv7\tools\compiler\ti-cgt-arm_16.9.0.LTS\lib\</path>
         <kind>archive</kind>
         <file>rtsv7M4_T_le_eabi.lib</file>
         <name>fseek.obj</name>
      </input_file>
      <input_file id="fl-f3">
         <path>C:\ti\ccsv7\tools\compiler\ti-cgt-arm_16.9.0.LTS\lib\</path>
         <kind>archive</kind>
         <file>rtsv7M4_T_le_eabi.lib</file>
         <name>s_copysign.obj</name>
      </input_file>
      <input_file id="fl-f4">
         <path>C:\ti\ccsv7\tools\compiler\ti-cgt-arm_16.9.0.LTS\lib\</path>
         <kind>archive</kind>
         <file>rtsv7M4_T_le_eabi.lib</file>
         <name>setvbuf.obj</name>
      </input_file>
      <input_file id="fl-f5">
         <path>C:\ti\ccsv7\tools\compiler\ti-cgt-arm_16.9.0.LTS\lib\</path>
         <kind>archive</kind>
         <file>rtsv7M4_T_le_eabi.lib</file>
         <name>strcpy.obj</name>
      </input_file>
      <input_file id="fl-f6">
         <path>C:\ti\ccsv7\tools\compiler\ti-cgt-arm_16.9.0.LTS\lib\</path>
         <kind>archive</kind>
         <file>rtsv7M4_T_le_eabi.lib</file>
         <name>fopen.obj</name>
      </input_file>
      <input_file id="fl-f7">
         <path>C:\ti\ccsv7\tools\compiler\ti-cgt-arm_16.9.0.LTS\lib\</path>
         <kind>archive</kind>
         <file>rtsv7M4_T_le_eabi.lib</file>
         <name>fclose.obj</name>
      </input_file>
      <input_file id="fl-f8">
         <path>C:\ti\ccsv7\tools\compiler\ti-cgt-arm_16.9.0.LTS\lib\</path>
         <kind>archive</kind>
         <file>rtsv7M4_T_le_eabi.lib</file>
         <name>remove.obj</name>
      </input_file>
      <input_file id="fl-f9">
         <path>C:\ti\CC3200SDK_1.2.0\cc3200-sdk\driverlib\ccs\Release\</path>
         <kind>archive</kind>
         <file>driverlib.a</file>
         <name>gpio.obj</name>
      </input_file>
      <input_file id="fl-fa">
         <path>C:\ti\CC3200SDK_1.2.0\cc3200-sdk\driverlib\ccs\Release\</path>
         <kind>archive</kind>
         <file>driverlib.a</file>
         <name>interrupt.obj</name>
      </input_file>
      <input_file id="fl-fb">
         <path>C:\ti\CC3200SDK_1.2.0\cc3200-sdk\driverlib\ccs\Release\</path>
         <kind>archive</kind>
         <file>driverlib.a</file>
         <name>pin.obj</name>
      </input_file>
      <input_file id="fl-fc">
         <path>C:\ti\CC3200SDK_1.2.0\cc3200-sdk\driverlib\ccs\Release\</path>
         <kind>archive</kind>
         <file>driverlib.a</file>
         <name>prcm.obj</name>
      </input_file>
      <input_file id="fl-fd">
         <path>C:\ti\CC3200SDK_1.2.0\cc3200-sdk\driverlib\ccs\Release\</path>
         <kind>archive</kind>
         <file>driverlib.a</file>
         <name>spi.obj</name>
      </input_file>
      <input_file id="fl-fe">
         <path>C:\ti\CC3200SDK_1.2.0\cc3200-sdk\driverlib\ccs\Release\</path>
         <kind>archive</kind>
         <file>driverlib.a</file>
         <name>systick.obj</name>
      </input_file>
      <input_file id="fl-ff">
         <path>C:\ti\CC3200SDK_1.2.0\cc3200-sdk\driverlib\ccs\Release\</path>
         <kind>archive</kind>
         <file>driverlib.a</file>
         <name>uart.obj</name>
      </input_file>
      <input_file id="fl-100">
         <path>C:\ti\CC3200SDK_1.2.0\cc3200-sdk\driverlib\ccs\Release\</path>
         <kind>archive</kind>
         <file>driverlib.a</file>
         <name>utils.obj</name>
      </input_file>
      <input_file id="fl-101">
         <path>C:\ti\CC3200SDK_1.2.0\cc3200-sdk\driverlib\ccs\Release\</path>
         <kind>archive</kind>
         <file>driverlib.a</file>
         <name>cpu.obj</name>
      </input_file>
      <input_file id="fl-102">
         <path>C:\ti\CC3200SDK_1.2.0\cc3200-sdk\driverlib\ccs\Release\</path>
         <kind>archive</kind>
         <file>driverlib.a</file>
         <name>flash.obj</name>
      </input_file>
   </input_file_list>
   <object_component_list>
      <object_component id="oc-f">
         <name>.intvecs</name>
         <load_address>0x20004000</load_address>
         <run_address>0x20004000</run_address>
         <size>0x400</size>
         <input_file_ref idref="fl-6"/>
      </object_component>
      <object_component id="oc-1bf">
         <name>.text</name>
         <load_address>0x20004400</load_address>
         <run_address>0x20004400</run_address>
         <size>0x111e</size>
         <input_file_ref idref="fl-d4"/>
      </object_component>
      <object_component id="oc-59">
         <name>.text</name>
         <load_address>0x2000551e</load_address>
         <run_address>0x2000551e</run_address>
         <size>0x2</size>
         <input_file_ref idref="fl-cc"/>
      </object_component>
      <object_component id="oc-315">
         <name>.text</name>
         <load_address>0x20005520</load_address>
         <run_address>0x20005520</run_address>
         <size>0x3d0</size>
         <input_file_ref idref="fl-ca"/>
      </object_component>
      <object_component id="oc-332">
         <name>.text</name>
         <load_address>0x200058f0</load_address>
         <run_address>0x200058f0</run_address>
         <size>0x324</size>
         <input_file_ref idref="fl-ed"/>
      </object_component>
      <object_component id="oc-21c">
         <name>.text</name>
         <load_address>0x20005c14</load_address>
         <run_address>0x20005c14</run_address>
         <size>0x30c</size>
         <input_file_ref idref="fl-e3"/>
      </object_component>
      <object_component id="oc-a8">
         <name>.text</name>
         <load_address>0x20005f20</load_address>
         <run_address>0x20005f20</run_address>
         <size>0x208</size>
         <input_file_ref idref="fl-4"/>
      </object_component>
      <object_component id="oc-ea">
         <name>.text</name>
         <load_address>0x20006128</load_address>
         <run_address>0x20006128</run_address>
         <size>0x1f4</size>
         <input_file_ref idref="fl-d1"/>
      </object_component>
      <object_component id="oc-31b">
         <name>.text</name>
         <load_address>0x2000631c</load_address>
         <run_address>0x2000631c</run_address>
         <size>0x1c4</size>
         <input_file_ref idref="fl-f6"/>
      </object_component>
      <object_component id="oc-256">
         <name>.text</name>
         <load_address>0x200064e0</load_address>
         <run_address>0x200064e0</run_address>
         <size>0x1b6</size>
         <input_file_ref idref="fl-db"/>
      </object_component>
      <object_component id="oc-a0">
         <name>.text</name>
         <load_address>0x20006696</load_address>
         <run_address>0x20006696</run_address>
         <size>0x2</size>
         <input_file_ref idref="fl-e9"/>
      </object_component>
      <object_component id="oc-106">
         <name>.text:PRCMCC3200MCUInit</name>
         <load_address>0x20006698</load_address>
         <run_address>0x20006698</run_address>
         <size>0x178</size>
         <input_file_ref idref="fl-fc"/>
      </object_component>
      <object_component id="oc-23c">
         <name>.text</name>
         <load_address>0x20006810</load_address>
         <run_address>0x20006810</run_address>
         <size>0x136</size>
         <input_file_ref idref="fl-dd"/>
      </object_component>
      <object_component id="oc-1b9">
         <name>.text</name>
         <load_address>0x20006948</load_address>
         <run_address>0x20006948</run_address>
         <size>0x134</size>
         <input_file_ref idref="fl-e1"/>
      </object_component>
      <object_component id="oc-12a">
         <name>.text</name>
         <load_address>0x20006a7c</load_address>
         <run_address>0x20006a7c</run_address>
         <size>0x108</size>
         <input_file_ref idref="fl-5"/>
      </object_component>
      <object_component id="oc-237">
         <name>.text</name>
         <load_address>0x20006b84</load_address>
         <run_address>0x20006b84</run_address>
         <size>0xfc</size>
         <input_file_ref idref="fl-de"/>
      </object_component>
      <object_component id="oc-2b6">
         <name>.text</name>
         <load_address>0x20006c80</load_address>
         <run_address>0x20006c80</run_address>
         <size>0xdc</size>
         <input_file_ref idref="fl-f4"/>
      </object_component>
      <object_component id="oc-261">
         <name>.text</name>
         <load_address>0x20006d5c</load_address>
         <run_address>0x20006d5c</run_address>
         <size>0xd0</size>
         <input_file_ref idref="fl-e8"/>
      </object_component>
      <object_component id="oc-216">
         <name>.text</name>
         <load_address>0x20006e2c</load_address>
         <run_address>0x20006e2c</run_address>
         <size>0xc8</size>
         <input_file_ref idref="fl-f1"/>
      </object_component>
      <object_component id="oc-210">
         <name>.text</name>
         <load_address>0x20006ef4</load_address>
         <run_address>0x20006ef4</run_address>
         <size>0xac</size>
         <input_file_ref idref="fl-ef"/>
      </object_component>
      <object_component id="oc-100">
         <name>.text:IntEnable</name>
         <load_address>0x20006fa0</load_address>
         <run_address>0x20006fa0</run_address>
         <size>0xa8</size>
         <input_file_ref idref="fl-fa"/>
      </object_component>
      <object_component id="oc-41">
         <name>.text</name>
         <load_address>0x20007048</load_address>
         <run_address>0x20007048</run_address>
         <size>0x9c</size>
         <input_file_ref idref="fl-c8"/>
      </object_component>
      <object_component id="oc-35f">
         <name>.text</name>
         <load_address>0x200070e4</load_address>
         <run_address>0x200070e4</run_address>
         <size>0x98</size>
         <input_file_ref idref="fl-f7"/>
      </object_component>
      <object_component id="oc-1b3">
         <name>.text</name>
         <load_address>0x2000717c</load_address>
         <run_address>0x2000717c</run_address>
         <size>0x98</size>
         <input_file_ref idref="fl-e0"/>
      </object_component>
      <object_component id="oc-299">
         <name>.text:PinConfigSet</name>
         <load_address>0x20007214</load_address>
         <run_address>0x20007214</run_address>
         <size>0x88</size>
         <input_file_ref idref="fl-fb"/>
      </object_component>
      <object_component id="oc-232">
         <name>.text:__aeabi_cdcmple</name>
         <load_address>0x2000729c</load_address>
         <run_address>0x2000729c</run_address>
         <size>0x86</size>
         <input_file_ref idref="fl-dc"/>
      </object_component>
      <object_component id="oc-241">
         <name>.text:__aeabi_cdrcmple</name>
         <load_address>0x20007322</load_address>
         <run_address>0x20007322</run_address>
         <size>0x86</size>
         <input_file_ref idref="fl-dc"/>
      </object_component>
      <object_component id="oc-136">
         <name>.text:GPIOIntTypeSet</name>
         <load_address>0x200073a8</load_address>
         <run_address>0x200073a8</run_address>
         <size>0x82</size>
         <input_file_ref idref="fl-f9"/>
      </object_component>
      <object_component id="oc-4d">
         <name>.text</name>
         <load_address>0x2000742a</load_address>
         <run_address>0x2000742a</run_address>
         <size>0x7a</size>
         <input_file_ref idref="fl-cb"/>
      </object_component>
      <object_component id="oc-65">
         <name>.text</name>
         <load_address>0x200074a4</load_address>
         <run_address>0x200074a4</run_address>
         <size>0x70</size>
         <input_file_ref idref="fl-d7"/>
      </object_component>
      <object_component id="oc-124">
         <name>.text</name>
         <load_address>0x20007514</load_address>
         <run_address>0x20007514</run_address>
         <size>0x70</size>
         <input_file_ref idref="fl-ce"/>
      </object_component>
      <object_component id="oc-12">
         <name>.text:decompress:lzss</name>
         <load_address>0x20007584</load_address>
         <run_address>0x20007584</run_address>
         <size>0x68</size>
         <input_file_ref idref="fl-c3"/>
      </object_component>
      <object_component id="oc-36e">
         <name>.text</name>
         <load_address>0x200075ec</load_address>
         <run_address>0x200075ec</run_address>
         <size>0x68</size>
         <input_file_ref idref="fl-ee"/>
      </object_component>
      <object_component id="oc-2b0">
         <name>.text</name>
         <load_address>0x20007654</load_address>
         <run_address>0x20007654</run_address>
         <size>0x64</size>
         <input_file_ref idref="fl-f2"/>
      </object_component>
      <object_component id="oc-25b">
         <name>.text</name>
         <load_address>0x200076b8</load_address>
         <run_address>0x200076b8</run_address>
         <size>0x5c</size>
         <input_file_ref idref="fl-e7"/>
      </object_component>
      <object_component id="oc-19b">
         <name>.text:PRCMPeripheralReset</name>
         <load_address>0x20007714</load_address>
         <run_address>0x20007714</run_address>
         <size>0x58</size>
         <input_file_ref idref="fl-fc"/>
      </object_component>
      <object_component id="oc-24b">
         <name>.text</name>
         <load_address>0x2000776c</load_address>
         <run_address>0x2000776c</run_address>
         <size>0x56</size>
         <input_file_ref idref="fl-e4"/>
      </object_component>
      <object_component id="oc-71">
         <name>.text</name>
         <load_address>0x200077c4</load_address>
         <run_address>0x200077c4</run_address>
         <size>0x54</size>
         <input_file_ref idref="fl-c6"/>
      </object_component>
      <object_component id="oc-26d">
         <name>.text</name>
         <load_address>0x20007818</load_address>
         <run_address>0x20007818</run_address>
         <size>0x4c</size>
         <input_file_ref idref="fl-d6"/>
      </object_component>
      <object_component id="oc-9a">
         <name>.text</name>
         <load_address>0x20007864</load_address>
         <run_address>0x20007864</run_address>
         <size>0x4c</size>
         <input_file_ref idref="fl-d8"/>
      </object_component>
      <object_component id="oc-1e8">
         <name>.text:GPIOGetIntNumber</name>
         <load_address>0x200078b0</load_address>
         <run_address>0x200078b0</run_address>
         <size>0x48</size>
         <input_file_ref idref="fl-f9"/>
      </object_component>
      <object_component id="oc-246">
         <name>.text</name>
         <load_address>0x200078f8</load_address>
         <run_address>0x200078f8</run_address>
         <size>0x48</size>
         <input_file_ref idref="fl-df"/>
      </object_component>
      <object_component id="oc-1cf">
         <name>.text:PinModeSet</name>
         <load_address>0x20007940</load_address>
         <run_address>0x20007940</run_address>
         <size>0x40</size>
         <input_file_ref idref="fl-fb"/>
      </object_component>
      <object_component id="oc-24">
         <name>.text</name>
         <load_address>0x20007980</load_address>
         <run_address>0x20007980</run_address>
         <size>0x40</size>
         <input_file_ref idref="fl-c2"/>
      </object_component>
      <object_component id="oc-195">
         <name>.text:PRCMPeripheralClkEnable</name>
         <load_address>0x200079c0</load_address>
         <run_address>0x200079c0</run_address>
         <size>0x3c</size>
         <input_file_ref idref="fl-fc"/>
      </object_component>
      <object_component id="oc-1db">
         <name>.text:GPIODirModeSet</name>
         <load_address>0x200079fc</load_address>
         <run_address>0x200079fc</run_address>
         <size>0x36</size>
         <input_file_ref idref="fl-f9"/>
      </object_component>
      <object_component id="oc-2c9">
         <name>.text</name>
         <load_address>0x20007a32</load_address>
         <run_address>0x20007a32</run_address>
         <size>0x36</size>
         <input_file_ref idref="fl-ec"/>
      </object_component>
      <object_component id="oc-1d5">
         <name>.text:PinTypeGPIO</name>
         <load_address>0x20007a68</load_address>
         <run_address>0x20007a68</run_address>
         <size>0x30</size>
         <input_file_ref idref="fl-fb"/>
      </object_component>
      <object_component id="oc-251">
         <name>.text</name>
         <load_address>0x20007a98</load_address>
         <run_address>0x20007a98</run_address>
         <size>0x2e</size>
         <input_file_ref idref="fl-e2"/>
      </object_component>
      <object_component id="oc-183">
         <name>.text:PRCMSysResetCauseGet</name>
         <load_address>0x20007ac8</load_address>
         <run_address>0x20007ac8</run_address>
         <size>0x2c</size>
         <input_file_ref idref="fl-fc"/>
      </object_component>
      <object_component id="oc-1a1">
         <name>.text:PRCMPeripheralClkDisable</name>
         <load_address>0x20007af4</load_address>
         <run_address>0x20007af4</run_address>
         <size>0x28</size>
         <input_file_ref idref="fl-fc"/>
      </object_component>
      <object_component id="oc-d8">
         <name>.text:GPIOIntStatus</name>
         <load_address>0x20007b1c</load_address>
         <run_address>0x20007b1c</run_address>
         <size>0x22</size>
         <input_file_ref idref="fl-f9"/>
      </object_component>
      <object_component id="oc-1a9">
         <name>.text:IntRegister</name>
         <load_address>0x20007b40</load_address>
         <run_address>0x20007b40</run_address>
         <size>0x20</size>
         <input_file_ref idref="fl-fa"/>
      </object_component>
      <object_component id="oc-22a">
         <name>.text</name>
         <load_address>0x20007b60</load_address>
         <run_address>0x20007b60</run_address>
         <size>0x20</size>
         <input_file_ref idref="fl-e6"/>
      </object_component>
      <object_component id="oc-130">
         <name>.text:GPIOIntRegister</name>
         <load_address>0x20007b80</load_address>
         <run_address>0x20007b80</run_address>
         <size>0x1e</size>
         <input_file_ref idref="fl-f9"/>
      </object_component>
      <object_component id="oc-112">
         <name>.text:SysTickIntRegister</name>
         <load_address>0x20007ba0</load_address>
         <run_address>0x20007ba0</run_address>
         <size>0x1c</size>
         <input_file_ref idref="fl-fe"/>
      </object_component>
      <object_component id="oc-273">
         <name>.text</name>
         <load_address>0x20007bbc</load_address>
         <run_address>0x20007bbc</run_address>
         <size>0x1c</size>
         <input_file_ref idref="fl-e5"/>
      </object_component>
      <object_component id="oc-13c">
         <name>.text:GPIOIntEnable</name>
         <load_address>0x20007bd8</load_address>
         <run_address>0x20007bd8</run_address>
         <size>0x1a</size>
         <input_file_ref idref="fl-f9"/>
      </object_component>
      <object_component id="oc-1e1">
         <name>.text:PinTypeUART</name>
         <load_address>0x20007bf2</load_address>
         <run_address>0x20007bf2</run_address>
         <size>0x1a</size>
         <input_file_ref idref="fl-fb"/>
      </object_component>
      <object_component id="oc-10c">
         <name>.text:SysTickPeriodSet</name>
         <load_address>0x20007c0c</load_address>
         <run_address>0x20007c0c</run_address>
         <size>0x18</size>
         <input_file_ref idref="fl-fe"/>
      </object_component>
      <object_component id="oc-6b">
         <name>.text</name>
         <load_address>0x20007c24</load_address>
         <run_address>0x20007c24</run_address>
         <size>0x18</size>
         <input_file_ref idref="fl-d5"/>
      </object_component>
      <object_component id="oc-ef">
         <name>.text</name>
         <load_address>0x20007c3c</load_address>
         <run_address>0x20007c3c</run_address>
         <size>0x18</size>
         <input_file_ref idref="fl-c7"/>
      </object_component>
      <object_component id="oc-2c3">
         <name>.text</name>
         <load_address>0x20007c54</load_address>
         <run_address>0x20007c54</run_address>
         <size>0x18</size>
         <input_file_ref idref="fl-eb"/>
      </object_component>
      <object_component id="oc-189">
         <name>.text:PRCMHIBRegRead</name>
         <load_address>0x20007c6c</load_address>
         <run_address>0x20007c6c</run_address>
         <size>0x16</size>
         <input_file_ref idref="fl-fc"/>
      </object_component>
      <object_component id="oc-18f">
         <name>.text:PRCMHIBRegWrite</name>
         <load_address>0x20007c82</load_address>
         <run_address>0x20007c82</run_address>
         <size>0x16</size>
         <input_file_ref idref="fl-fc"/>
      </object_component>
      <object_component id="oc-267">
         <name>.text</name>
         <load_address>0x20007c98</load_address>
         <run_address>0x20007c98</run_address>
         <size>0x16</size>
         <input_file_ref idref="fl-ea"/>
      </object_component>
      <object_component id="oc-178">
         <name>.text:CPUcpsie</name>
         <load_address>0x20007cae</load_address>
         <run_address>0x20007cae</run_address>
         <size>0x14</size>
         <input_file_ref idref="fl-101"/>
      </object_component>
      <object_component id="oc-de">
         <name>.text:GPIOIntClear</name>
         <load_address>0x20007cc2</load_address>
         <run_address>0x20007cc2</run_address>
         <size>0x14</size>
         <input_file_ref idref="fl-f9"/>
      </object_component>
      <object_component id="oc-f4">
         <name>.text:IntVTableBaseSet</name>
         <load_address>0x20007cd8</load_address>
         <run_address>0x20007cd8</run_address>
         <size>0x14</size>
         <input_file_ref idref="fl-fa"/>
      </object_component>
      <object_component id="oc-155">
         <name>.text</name>
         <load_address>0x20007cec</load_address>
         <run_address>0x20007cec</run_address>
         <size>0x14</size>
         <input_file_ref idref="fl-d3"/>
      </object_component>
      <object_component id="oc-374">
         <name>.text</name>
         <load_address>0x20007d00</load_address>
         <run_address>0x20007d00</run_address>
         <size>0x14</size>
         <input_file_ref idref="fl-f5"/>
      </object_component>
      <object_component id="oc-224">
         <name>.text</name>
         <load_address>0x20007d14</load_address>
         <run_address>0x20007d14</run_address>
         <size>0x14</size>
         <input_file_ref idref="fl-d0"/>
      </object_component>
      <object_component id="oc-11e">
         <name>.text:SysTickEnable</name>
         <load_address>0x20007d28</load_address>
         <run_address>0x20007d28</run_address>
         <size>0x10</size>
         <input_file_ref idref="fl-fe"/>
      </object_component>
      <object_component id="oc-118">
         <name>.text:SysTickIntEnable</name>
         <load_address>0x20007d38</load_address>
         <run_address>0x20007d38</run_address>
         <size>0x10</size>
         <input_file_ref idref="fl-fe"/>
      </object_component>
      <object_component id="oc-18">
         <name>.text:decompress:none</name>
         <load_address>0x20007d48</load_address>
         <run_address>0x20007d48</run_address>
         <size>0xe</size>
         <input_file_ref idref="fl-c4"/>
      </object_component>
      <object_component id="oc-2d">
         <name>.text</name>
         <load_address>0x20007d56</load_address>
         <run_address>0x20007d56</run_address>
         <size>0xe</size>
         <input_file_ref idref="fl-6"/>
      </object_component>
      <object_component id="oc-e4">
         <name>.text:SysTickValueGet</name>
         <load_address>0x20007d64</load_address>
         <run_address>0x20007d64</run_address>
         <size>0xc</size>
         <input_file_ref idref="fl-fe"/>
      </object_component>
      <object_component id="oc-1e">
         <name>.text:decompress:ZI</name>
         <load_address>0x20007d70</load_address>
         <run_address>0x20007d70</run_address>
         <size>0xc</size>
         <input_file_ref idref="fl-c5"/>
      </object_component>
      <object_component id="oc-fa">
         <name>.text:IntMasterEnable</name>
         <load_address>0x20007d7c</load_address>
         <run_address>0x20007d7c</run_address>
         <size>0xa</size>
         <input_file_ref idref="fl-fa"/>
      </object_component>
      <object_component id="oc-2f2">
         <name>.text</name>
         <load_address>0x20007d86</load_address>
         <run_address>0x20007d86</run_address>
         <size>0x8</size>
         <input_file_ref idref="fl-f3"/>
      </object_component>
      <object_component id="oc-203">
         <name>.text:UtilsDelay</name>
         <load_address>0x20007d8e</load_address>
         <run_address>0x20007d8e</run_address>
         <size>0x6</size>
         <input_file_ref idref="fl-100"/>
      </object_component>
      <object_component id="oc-5f">
         <name>.text</name>
         <load_address>0x20007d94</load_address>
         <run_address>0x20007d94</run_address>
         <size>0x4</size>
         <input_file_ref idref="fl-cd"/>
      </object_component>
      <object_component id="oc-2ff">
         <name>.const:.string:_ctypes_</name>
         <load_address>0x20007d98</load_address>
         <run_address>0x20007d98</run_address>
         <size>0x101</size>
         <input_file_ref idref="fl-d9"/>
      </object_component>
      <object_component id="oc-295">
         <name>.const:g_ulPinToPadMap</name>
         <load_address>0x20007e9c</load_address>
         <run_address>0x20007e9c</run_address>
         <size>0x100</size>
         <input_file_ref idref="fl-fb"/>
      </object_component>
      <object_component id="oc-206">
         <name>.const:PRCM_PeriphRegsList</name>
         <load_address>0x20007f9c</load_address>
         <run_address>0x20007f9c</run_address>
         <size>0xa8</size>
         <input_file_ref idref="fl-fc"/>
      </object_component>
      <object_component id="oc-17f">
         <name>.const</name>
         <load_address>0x20008044</load_address>
         <run_address>0x20008044</run_address>
         <size>0x80</size>
         <input_file_ref idref="fl-fa"/>
      </object_component>
      <object_component id="oc-3c1">
         <name>.cinit..data.load</name>
         <load_address>0x200080c8</load_address>
         <run_address>0x200080c8</run_address>
         <size>0x74</size>
      </object_component>
      <object_component id="oc-3bf">
         <name>__TI_handler_table</name>
         <load_address>0x2000813c</load_address>
         <run_address>0x2000813c</run_address>
         <size>0xc</size>
      </object_component>
      <object_component id="oc-3c2">
         <name>.cinit..bss.load</name>
         <load_address>0x20008148</load_address>
         <run_address>0x20008148</run_address>
         <size>0x8</size>
      </object_component>
      <object_component id="oc-3c0">
         <name>__TI_cinit_table</name>
         <load_address>0x20008150</load_address>
         <run_address>0x20008150</run_address>
         <size>0x10</size>
      </object_component>
      <object_component id="oc-142">
         <name>.data</name>
         <load_address>0x2001d9e8</load_address>
         <run_address>0x2001d9e8</run_address>
         <size>0xc</size>
         <input_file_ref idref="fl-4"/>
      </object_component>
      <object_component id="oc-b0">
         <name>.data:$O1$$</name>
         <load_address>0x2001d9d0</load_address>
         <run_address>0x2001d9d0</run_address>
         <size>0xc</size>
         <input_file_ref idref="fl-c6"/>
      </object_component>
      <object_component id="oc-35b">
         <name>.data:$O1$$</name>
         <load_address>0x2001d9dc</load_address>
         <run_address>0x2001d9dc</run_address>
         <size>0xc</size>
         <input_file_ref idref="fl-ca"/>
      </object_component>
      <object_component id="oc-77">
         <name>.data</name>
         <load_address>0x2001da04</load_address>
         <run_address>0x2001da04</run_address>
         <size>0x4</size>
         <input_file_ref idref="fl-cf"/>
      </object_component>
      <object_component id="oc-b3">
         <name>.data:$O1$$</name>
         <load_address>0x2001d9f4</load_address>
         <run_address>0x2001d9f4</run_address>
         <size>0x8</size>
         <input_file_ref idref="fl-d3"/>
      </object_component>
      <object_component id="oc-1c5">
         <name>.data:_ftable</name>
         <load_address>0x2001d800</load_address>
         <run_address>0x2001d800</run_address>
         <size>0xf0</size>
         <input_file_ref idref="fl-da"/>
      </object_component>
      <object_component id="oc-2be">
         <name>.data</name>
         <load_address>0x2001d9c0</load_address>
         <run_address>0x2001d9c0</run_address>
         <size>0x10</size>
         <input_file_ref idref="fl-da"/>
      </object_component>
      <object_component id="oc-2cf">
         <name>.data:$O1$$</name>
         <load_address>0x2001d8f0</load_address>
         <run_address>0x2001d8f0</run_address>
         <size>0xd0</size>
         <input_file_ref idref="fl-e3"/>
      </object_component>
      <object_component id="oc-2f8">
         <name>.data</name>
         <load_address>0x2001d9fc</load_address>
         <run_address>0x2001d9fc</run_address>
         <size>0x4</size>
         <input_file_ref idref="fl-f0"/>
      </object_component>
      <object_component id="oc-365">
         <name>.data</name>
         <load_address>0x2001da00</load_address>
         <run_address>0x2001da00</run_address>
         <size>0x4</size>
         <input_file_ref idref="fl-f6"/>
      </object_component>
      <object_component id="oc-37a">
         <name>.bss:parmbuf</name>
         <uninitialized>true</uninitialized>
         <run_address>0x2001dbc8</run_address>
         <size>0x8</size>
         <input_file_ref idref="fl-ed"/>
      </object_component>
      <object_component id="oc-38d">
         <name>.bss:_CIOBUF_</name>
         <uninitialized>true</uninitialized>
         <run_address>0x2001da08</run_address>
         <size>0x120</size>
         <input_file_ref idref="fl-ee"/>
      </object_component>
      <object_component id="oc-145">
         <name>.common:pin_intcount</name>
         <uninitialized>true</uninitialized>
         <run_address>0x2001dbe4</run_address>
         <size>0x4</size>
      </object_component>
      <object_component id="oc-148">
         <name>.common:delta</name>
         <uninitialized>true</uninitialized>
         <run_address>0x2001dbd0</run_address>
         <size>0x8</size>
      </object_component>
      <object_component id="oc-149">
         <name>.common:delta_us</name>
         <uninitialized>true</uninitialized>
         <run_address>0x2001dbd8</run_address>
         <size>0x8</size>
      </object_component>
      <object_component id="oc-14a">
         <name>.common:input</name>
         <uninitialized>true</uninitialized>
         <run_address>0x2001dbe0</run_address>
         <size>0x4</size>
      </object_component>
      <object_component id="oc-388">
         <name>.common:__TI_tmpnams</name>
         <uninitialized>true</uninitialized>
         <run_address>0x2001db28</run_address>
         <size>0xa0</size>
      </object_component>
      <object_component id="oc-2a">
         <name>.sysmem</name>
         <uninitialized>true</uninitialized>
         <run_address>0x2001d000</run_address>
         <size>0x8</size>
         <input_file_ref idref="fl-ca"/>
      </object_component>
      <object_component id="oc-3c4">
         <name>.sysmem</name>
         <uninitialized>true</uninitialized>
         <run_address>0x2001d000</run_address>
         <size>0x0</size>
      </object_component>
      <object_component id="oc-29">
         <name>.stack</name>
         <uninitialized>true</uninitialized>
         <run_address>0x2003f800</run_address>
         <size>0x0</size>
         <input_file_ref idref="fl-c2"/>
      </object_component>
      <object_component id="oc-3c3">
         <name>.stack</name>
         <uninitialized>true</uninitialized>
         <run_address>0x2003f800</run_address>
         <size>0x0</size>
      </object_component>
      <object_component id="oc-3c">
         <name>.debug_info</name>
         <load_address>0x0</load_address>
         <run_address>0x0</run_address>
         <size>0x84</size>
         <input_file_ref idref="fl-2"/>
      </object_component>
      <object_component id="oc-2ab">
         <name>.debug_info</name>
         <load_address>0x84</load_address>
         <run_address>0x84</run_address>
         <size>0x62</size>
         <input_file_ref idref="fl-3"/>
      </object_component>
      <object_component id="oc-16e">
         <name>.debug_info</name>
         <load_address>0xe6</load_address>
         <run_address>0xe6</run_address>
         <size>0x2c</size>
         <input_file_ref idref="fl-3"/>
      </object_component>
      <object_component id="oc-91">
         <name>.debug_info</name>
         <load_address>0x112</load_address>
         <run_address>0x112</run_address>
         <size>0x2c</size>
         <input_file_ref idref="fl-3"/>
      </object_component>
      <object_component id="oc-146">
         <name>.debug_info</name>
         <load_address>0x13e</load_address>
         <run_address>0x13e</run_address>
         <size>0x462</size>
         <input_file_ref idref="fl-4"/>
      </object_component>
      <object_component id="oc-143">
         <name>.debug_info</name>
         <load_address>0x5a0</load_address>
         <run_address>0x5a0</run_address>
         <size>0x132</size>
         <input_file_ref idref="fl-4"/>
      </object_component>
      <object_component id="oc-a9">
         <name>.debug_info</name>
         <load_address>0x6d2</load_address>
         <run_address>0x6d2</run_address>
         <size>0x4c7</size>
         <input_file_ref idref="fl-4"/>
      </object_component>
      <object_component id="oc-1f4">
         <name>.debug_info</name>
         <load_address>0xb99</load_address>
         <run_address>0xb99</run_address>
         <size>0x18b</size>
         <input_file_ref idref="fl-4"/>
      </object_component>
      <object_component id="oc-1ca">
         <name>.debug_info</name>
         <load_address>0xd24</load_address>
         <run_address>0xd24</run_address>
         <size>0x4e</size>
         <input_file_ref idref="fl-4"/>
      </object_component>
      <object_component id="oc-12c">
         <name>.debug_info</name>
         <load_address>0xd72</load_address>
         <run_address>0xd72</run_address>
         <size>0x360</size>
         <input_file_ref idref="fl-5"/>
      </object_component>
      <object_component id="oc-35">
         <name>.debug_info</name>
         <load_address>0x10d2</load_address>
         <run_address>0x10d2</run_address>
         <size>0x12b</size>
         <input_file_ref idref="fl-6"/>
      </object_component>
      <object_component id="oc-10">
         <name>.debug_info</name>
         <load_address>0x11fd</load_address>
         <run_address>0x11fd</run_address>
         <size>0x116</size>
         <input_file_ref idref="fl-6"/>
      </object_component>
      <object_component id="oc-2f">
         <name>.debug_info</name>
         <load_address>0x1313</load_address>
         <run_address>0x1313</run_address>
         <size>0x437</size>
         <input_file_ref idref="fl-6"/>
      </object_component>
      <object_component id="oc-27">
         <name>.debug_info</name>
         <load_address>0x174a</load_address>
         <run_address>0x174a</run_address>
         <size>0x160</size>
         <input_file_ref idref="fl-c2"/>
      </object_component>
      <object_component id="oc-87">
         <name>.debug_info</name>
         <load_address>0x18aa</load_address>
         <run_address>0x18aa</run_address>
         <size>0xf9</size>
         <input_file_ref idref="fl-c3"/>
      </object_component>
      <object_component id="oc-16">
         <name>.debug_info</name>
         <load_address>0x19a3</load_address>
         <run_address>0x19a3</run_address>
         <size>0x245</size>
         <input_file_ref idref="fl-c3"/>
      </object_component>
      <object_component id="oc-37">
         <name>.debug_info</name>
         <load_address>0x1be8</load_address>
         <run_address>0x1be8</run_address>
         <size>0x60</size>
         <input_file_ref idref="fl-c3"/>
      </object_component>
      <object_component id="oc-82">
         <name>.debug_info</name>
         <load_address>0x1c48</load_address>
         <run_address>0x1c48</run_address>
         <size>0x46</size>
         <input_file_ref idref="fl-c3"/>
      </object_component>
      <object_component id="oc-4c">
         <name>.debug_info</name>
         <load_address>0x1c8e</load_address>
         <run_address>0x1c8e</run_address>
         <size>0x140</size>
         <input_file_ref idref="fl-c4"/>
      </object_component>
      <object_component id="oc-1a">
         <name>.debug_info</name>
         <load_address>0x1dce</load_address>
         <run_address>0x1dce</run_address>
         <size>0x1df</size>
         <input_file_ref idref="fl-c4"/>
      </object_component>
      <object_component id="oc-47">
         <name>.debug_info</name>
         <load_address>0x1fad</load_address>
         <run_address>0x1fad</run_address>
         <size>0x46</size>
         <input_file_ref idref="fl-c4"/>
      </object_component>
      <object_component id="oc-89">
         <name>.debug_info</name>
         <load_address>0x1ff3</load_address>
         <run_address>0x1ff3</run_address>
         <size>0x2c</size>
         <input_file_ref idref="fl-c4"/>
      </object_component>
      <object_component id="oc-58">
         <name>.debug_info</name>
         <load_address>0x201f</load_address>
         <run_address>0x201f</run_address>
         <size>0x12f</size>
         <input_file_ref idref="fl-c5"/>
      </object_component>
      <object_component id="oc-1f">
         <name>.debug_info</name>
         <load_address>0x214e</load_address>
         <run_address>0x214e</run_address>
         <size>0x1aa</size>
         <input_file_ref idref="fl-c5"/>
      </object_component>
      <object_component id="oc-53">
         <name>.debug_info</name>
         <load_address>0x22f8</load_address>
         <run_address>0x22f8</run_address>
         <size>0x46</size>
         <input_file_ref idref="fl-c5"/>
      </object_component>
      <object_component id="oc-b7">
         <name>.debug_info</name>
         <load_address>0x233e</load_address>
         <run_address>0x233e</run_address>
         <size>0x234</size>
         <input_file_ref idref="fl-c6"/>
      </object_component>
      <object_component id="oc-b1">
         <name>.debug_info</name>
         <load_address>0x2572</load_address>
         <run_address>0x2572</run_address>
         <size>0x185</size>
         <input_file_ref idref="fl-c6"/>
      </object_component>
      <object_component id="oc-75">
         <name>.debug_info</name>
         <load_address>0x26f7</load_address>
         <run_address>0x26f7</run_address>
         <size>0x214</size>
         <input_file_ref idref="fl-c6"/>
      </object_component>
      <object_component id="oc-f0">
         <name>.debug_info</name>
         <load_address>0x290b</load_address>
         <run_address>0x290b</run_address>
         <size>0x11a</size>
         <input_file_ref idref="fl-c7"/>
      </object_component>
      <object_component id="oc-42">
         <name>.debug_info</name>
         <load_address>0x2a25</load_address>
         <run_address>0x2a25</run_address>
         <size>0x111</size>
         <input_file_ref idref="fl-c8"/>
      </object_component>
      <object_component id="oc-7d">
         <name>.debug_info</name>
         <load_address>0x2b36</load_address>
         <run_address>0x2b36</run_address>
         <size>0x222</size>
         <input_file_ref idref="fl-ca"/>
      </object_component>
      <object_component id="oc-2b">
         <name>.debug_info</name>
         <load_address>0x2d58</load_address>
         <run_address>0x2d58</run_address>
         <size>0x101</size>
         <input_file_ref idref="fl-ca"/>
      </object_component>
      <object_component id="oc-35c">
         <name>.debug_info</name>
         <load_address>0x2e59</load_address>
         <run_address>0x2e59</run_address>
         <size>0x14c</size>
         <input_file_ref idref="fl-ca"/>
      </object_component>
      <object_component id="oc-316">
         <name>.debug_info</name>
         <load_address>0x2fa5</load_address>
         <run_address>0x2fa5</run_address>
         <size>0x885</size>
         <input_file_ref idref="fl-ca"/>
      </object_component>
      <object_component id="oc-bd">
         <name>.debug_info</name>
         <load_address>0x382a</load_address>
         <run_address>0x382a</run_address>
         <size>0x2c</size>
         <input_file_ref idref="fl-ca"/>
      </object_component>
      <object_component id="oc-c2">
         <name>.debug_info</name>
         <load_address>0x3856</load_address>
         <run_address>0x3856</run_address>
         <size>0x62</size>
         <input_file_ref idref="fl-ca"/>
      </object_component>
      <object_component id="oc-4e">
         <name>.debug_info</name>
         <load_address>0x38b8</load_address>
         <run_address>0x38b8</run_address>
         <size>0x13f</size>
         <input_file_ref idref="fl-cb"/>
      </object_component>
      <object_component id="oc-5d">
         <name>.debug_info</name>
         <load_address>0x39f7</load_address>
         <run_address>0x39f7</run_address>
         <size>0x138</size>
         <input_file_ref idref="fl-cc"/>
      </object_component>
      <object_component id="oc-60">
         <name>.debug_info</name>
         <load_address>0x3b2f</load_address>
         <run_address>0x3b2f</run_address>
         <size>0x148</size>
         <input_file_ref idref="fl-cd"/>
      </object_component>
      <object_component id="oc-1c9">
         <name>.debug_info</name>
         <load_address>0x3c77</load_address>
         <run_address>0x3c77</run_address>
         <size>0x22c</size>
         <input_file_ref idref="fl-ce"/>
      </object_component>
      <object_component id="oc-126">
         <name>.debug_info</name>
         <load_address>0x3ea3</load_address>
         <run_address>0x3ea3</run_address>
         <size>0x284</size>
         <input_file_ref idref="fl-ce"/>
      </object_component>
      <object_component id="oc-290">
         <name>.debug_info</name>
         <load_address>0x4127</load_address>
         <run_address>0x4127</run_address>
         <size>0xae</size>
         <input_file_ref idref="fl-ce"/>
      </object_component>
      <object_component id="oc-78">
         <name>.debug_info</name>
         <load_address>0x41d5</load_address>
         <run_address>0x41d5</run_address>
         <size>0x109</size>
         <input_file_ref idref="fl-cf"/>
      </object_component>
      <object_component id="oc-2dd">
         <name>.debug_info</name>
         <load_address>0x42de</load_address>
         <run_address>0x42de</run_address>
         <size>0xea</size>
         <input_file_ref idref="fl-d0"/>
      </object_component>
      <object_component id="oc-226">
         <name>.debug_info</name>
         <load_address>0x43c8</load_address>
         <run_address>0x43c8</run_address>
         <size>0x22a</size>
         <input_file_ref idref="fl-d0"/>
      </object_component>
      <object_component id="oc-eb">
         <name>.debug_info</name>
         <load_address>0x45f2</load_address>
         <run_address>0x45f2</run_address>
         <size>0x17d</size>
         <input_file_ref idref="fl-d1"/>
      </object_component>
      <object_component id="oc-285">
         <name>.debug_info</name>
         <load_address>0x476f</load_address>
         <run_address>0x476f</run_address>
         <size>0x2c</size>
         <input_file_ref idref="fl-d2"/>
      </object_component>
      <object_component id="oc-15d">
         <name>.debug_info</name>
         <load_address>0x479b</load_address>
         <run_address>0x479b</run_address>
         <size>0x124</size>
         <input_file_ref idref="fl-d3"/>
      </object_component>
      <object_component id="oc-b4">
         <name>.debug_info</name>
         <load_address>0x48bf</load_address>
         <run_address>0x48bf</run_address>
         <size>0x113</size>
         <input_file_ref idref="fl-d3"/>
      </object_component>
      <object_component id="oc-156">
         <name>.debug_info</name>
         <load_address>0x49d2</load_address>
         <run_address>0x49d2</run_address>
         <size>0x21f</size>
         <input_file_ref idref="fl-d3"/>
      </object_component>
      <object_component id="oc-27a">
         <name>.debug_info</name>
         <load_address>0x4bf1</load_address>
         <run_address>0x4bf1</run_address>
         <size>0x385</size>
         <input_file_ref idref="fl-d4"/>
      </object_component>
      <object_component id="oc-1c0">
         <name>.debug_info</name>
         <load_address>0x4f76</load_address>
         <run_address>0x4f76</run_address>
         <size>0x1554</size>
         <input_file_ref idref="fl-d4"/>
      </object_component>
      <object_component id="oc-27b">
         <name>.debug_info</name>
         <load_address>0x64ca</load_address>
         <run_address>0x64ca</run_address>
         <size>0x86</size>
         <input_file_ref idref="fl-d4"/>
      </object_component>
      <object_component id="oc-308">
         <name>.debug_info</name>
         <load_address>0x6550</load_address>
         <run_address>0x6550</run_address>
         <size>0x46</size>
         <input_file_ref idref="fl-d4"/>
      </object_component>
      <object_component id="oc-280">
         <name>.debug_info</name>
         <load_address>0x6596</load_address>
         <run_address>0x6596</run_address>
         <size>0x39</size>
         <input_file_ref idref="fl-d4"/>
      </object_component>
      <object_component id="oc-af">
         <name>.debug_info</name>
         <load_address>0x65cf</load_address>
         <run_address>0x65cf</run_address>
         <size>0x166</size>
         <input_file_ref idref="fl-d5"/>
      </object_component>
      <object_component id="oc-6e">
         <name>.debug_info</name>
         <load_address>0x6735</load_address>
         <run_address>0x6735</run_address>
         <size>0x167</size>
         <input_file_ref idref="fl-d5"/>
      </object_component>
      <object_component id="oc-14e">
         <name>.debug_info</name>
         <load_address>0x689c</load_address>
         <run_address>0x689c</run_address>
         <size>0x5e</size>
         <input_file_ref idref="fl-d5"/>
      </object_component>
      <object_component id="oc-303">
         <name>.debug_info</name>
         <load_address>0x68fa</load_address>
         <run_address>0x68fa</run_address>
         <size>0x114</size>
         <input_file_ref idref="fl-d6"/>
      </object_component>
      <object_component id="oc-270">
         <name>.debug_info</name>
         <load_address>0x6a0e</load_address>
         <run_address>0x6a0e</run_address>
         <size>0x171</size>
         <input_file_ref idref="fl-d6"/>
      </object_component>
      <object_component id="oc-a7">
         <name>.debug_info</name>
         <load_address>0x6b7f</load_address>
         <run_address>0x6b7f</run_address>
         <size>0x2e9</size>
         <input_file_ref idref="fl-d7"/>
      </object_component>
      <object_component id="oc-68">
         <name>.debug_info</name>
         <load_address>0x6e68</load_address>
         <run_address>0x6e68</run_address>
         <size>0x190</size>
         <input_file_ref idref="fl-d7"/>
      </object_component>
      <object_component id="oc-ce">
         <name>.debug_info</name>
         <load_address>0x6ff8</load_address>
         <run_address>0x6ff8</run_address>
         <size>0x39</size>
         <input_file_ref idref="fl-d7"/>
      </object_component>
      <object_component id="oc-168">
         <name>.debug_info</name>
         <load_address>0x7031</load_address>
         <run_address>0x7031</run_address>
         <size>0x39</size>
         <input_file_ref idref="fl-d7"/>
      </object_component>
      <object_component id="oc-d3">
         <name>.debug_info</name>
         <load_address>0x706a</load_address>
         <run_address>0x706a</run_address>
         <size>0xcd</size>
         <input_file_ref idref="fl-d7"/>
      </object_component>
      <object_component id="oc-ca">
         <name>.debug_info</name>
         <load_address>0x7137</load_address>
         <run_address>0x7137</run_address>
         <size>0x1e0</size>
         <input_file_ref idref="fl-d8"/>
      </object_component>
      <object_component id="oc-9e">
         <name>.debug_info</name>
         <load_address>0x7317</load_address>
         <run_address>0x7317</run_address>
         <size>0x183</size>
         <input_file_ref idref="fl-d8"/>
      </object_component>
      <object_component id="oc-163">
         <name>.debug_info</name>
         <load_address>0x749a</load_address>
         <run_address>0x749a</run_address>
         <size>0x2c</size>
         <input_file_ref idref="fl-d8"/>
      </object_component>
      <object_component id="oc-352">
         <name>.debug_info</name>
         <load_address>0x74c6</load_address>
         <run_address>0x74c6</run_address>
         <size>0xee</size>
         <input_file_ref idref="fl-d9"/>
      </object_component>
      <object_component id="oc-300">
         <name>.debug_info</name>
         <load_address>0x75b4</load_address>
         <run_address>0x75b4</run_address>
         <size>0xfa</size>
         <input_file_ref idref="fl-d9"/>
      </object_component>
      <object_component id="oc-28c">
         <name>.debug_info</name>
         <load_address>0x76ae</load_address>
         <run_address>0x76ae</run_address>
         <size>0x139</size>
         <input_file_ref idref="fl-da"/>
      </object_component>
      <object_component id="oc-1c6">
         <name>.debug_info</name>
         <load_address>0x77e7</load_address>
         <run_address>0x77e7</run_address>
         <size>0xf7</size>
         <input_file_ref idref="fl-da"/>
      </object_component>
      <object_component id="oc-2bf">
         <name>.debug_info</name>
         <load_address>0x78de</load_address>
         <run_address>0x78de</run_address>
         <size>0x184</size>
         <input_file_ref idref="fl-da"/>
      </object_component>
      <object_component id="oc-258">
         <name>.debug_info</name>
         <load_address>0x7a62</load_address>
         <run_address>0x7a62</run_address>
         <size>0x144</size>
         <input_file_ref idref="fl-db"/>
      </object_component>
      <object_component id="oc-234">
         <name>.debug_info</name>
         <load_address>0x7ba6</load_address>
         <run_address>0x7ba6</run_address>
         <size>0x120</size>
         <input_file_ref idref="fl-dc"/>
      </object_component>
      <object_component id="oc-242">
         <name>.debug_info</name>
         <load_address>0x7cc6</load_address>
         <run_address>0x7cc6</run_address>
         <size>0x122</size>
         <input_file_ref idref="fl-dc"/>
      </object_component>
      <object_component id="oc-23e">
         <name>.debug_info</name>
         <load_address>0x7de8</load_address>
         <run_address>0x7de8</run_address>
         <size>0x132</size>
         <input_file_ref idref="fl-dd"/>
      </object_component>
      <object_component id="oc-239">
         <name>.debug_info</name>
         <load_address>0x7f1a</load_address>
         <run_address>0x7f1a</run_address>
         <size>0x132</size>
         <input_file_ref idref="fl-de"/>
      </object_component>
      <object_component id="oc-248">
         <name>.debug_info</name>
         <load_address>0x804c</load_address>
         <run_address>0x804c</run_address>
         <size>0x126</size>
         <input_file_ref idref="fl-df"/>
      </object_component>
      <object_component id="oc-223">
         <name>.debug_info</name>
         <load_address>0x8172</load_address>
         <run_address>0x8172</run_address>
         <size>0x1de</size>
         <input_file_ref idref="fl-e0"/>
      </object_component>
      <object_component id="oc-1b4">
         <name>.debug_info</name>
         <load_address>0x8350</load_address>
         <run_address>0x8350</run_address>
         <size>0x23f</size>
         <input_file_ref idref="fl-e0"/>
      </object_component>
      <object_component id="oc-231">
         <name>.debug_info</name>
         <load_address>0x858f</load_address>
         <run_address>0x858f</run_address>
         <size>0x2a2</size>
         <input_file_ref idref="fl-e1"/>
      </object_component>
      <object_component id="oc-1bc">
         <name>.debug_info</name>
         <load_address>0x8831</load_address>
         <run_address>0x8831</run_address>
         <size>0x359</size>
         <input_file_ref idref="fl-e1"/>
      </object_component>
      <object_component id="oc-253">
         <name>.debug_info</name>
         <load_address>0x8b8a</load_address>
         <run_address>0x8b8a</run_address>
         <size>0x124</size>
         <input_file_ref idref="fl-e2"/>
      </object_component>
      <object_component id="oc-2d3">
         <name>.debug_info</name>
         <load_address>0x8cae</load_address>
         <run_address>0x8cae</run_address>
         <size>0x4a0</size>
         <input_file_ref idref="fl-e3"/>
      </object_component>
      <object_component id="oc-2d0">
         <name>.debug_info</name>
         <load_address>0x914e</load_address>
         <run_address>0x914e</run_address>
         <size>0x116</size>
         <input_file_ref idref="fl-e3"/>
      </object_component>
      <object_component id="oc-21f">
         <name>.debug_info</name>
         <load_address>0x9264</load_address>
         <run_address>0x9264</run_address>
         <size>0xb0b</size>
         <input_file_ref idref="fl-e3"/>
      </object_component>
      <object_component id="oc-33c">
         <name>.debug_info</name>
         <load_address>0x9d6f</load_address>
         <run_address>0x9d6f</run_address>
         <size>0x120</size>
         <input_file_ref idref="fl-e3"/>
      </object_component>
      <object_component id="oc-2d5">
         <name>.debug_info</name>
         <load_address>0x9e8f</load_address>
         <run_address>0x9e8f</run_address>
         <size>0x2c</size>
         <input_file_ref idref="fl-e3"/>
      </object_component>
      <object_component id="oc-2e8">
         <name>.debug_info</name>
         <load_address>0x9ebb</load_address>
         <run_address>0x9ebb</run_address>
         <size>0x14c</size>
         <input_file_ref idref="fl-e4"/>
      </object_component>
      <object_component id="oc-24e">
         <name>.debug_info</name>
         <load_address>0xa007</load_address>
         <run_address>0xa007</run_address>
         <size>0x1c2</size>
         <input_file_ref idref="fl-e4"/>
      </object_component>
      <object_component id="oc-305">
         <name>.debug_info</name>
         <load_address>0xa1c9</load_address>
         <run_address>0xa1c9</run_address>
         <size>0xf1</size>
         <input_file_ref idref="fl-e5"/>
      </object_component>
      <object_component id="oc-274">
         <name>.debug_info</name>
         <load_address>0xa2ba</load_address>
         <run_address>0xa2ba</run_address>
         <size>0x1ab</size>
         <input_file_ref idref="fl-e5"/>
      </object_component>
      <object_component id="oc-2df">
         <name>.debug_info</name>
         <load_address>0xa465</load_address>
         <run_address>0xa465</run_address>
         <size>0x100</size>
         <input_file_ref idref="fl-e6"/>
      </object_component>
      <object_component id="oc-22b">
         <name>.debug_info</name>
         <load_address>0xa565</load_address>
         <run_address>0xa565</run_address>
         <size>0x242</size>
         <input_file_ref idref="fl-e6"/>
      </object_component>
      <object_component id="oc-2ec">
         <name>.debug_info</name>
         <load_address>0xa7a7</load_address>
         <run_address>0xa7a7</run_address>
         <size>0x13f</size>
         <input_file_ref idref="fl-e7"/>
      </object_component>
      <object_component id="oc-25d">
         <name>.debug_info</name>
         <load_address>0xa8e6</load_address>
         <run_address>0xa8e6</run_address>
         <size>0x189</size>
         <input_file_ref idref="fl-e7"/>
      </object_component>
      <object_component id="oc-2ed">
         <name>.debug_info</name>
         <load_address>0xaa6f</load_address>
         <run_address>0xaa6f</run_address>
         <size>0x2c</size>
         <input_file_ref idref="fl-e7"/>
      </object_component>
      <object_component id="oc-2fc">
         <name>.debug_info</name>
         <load_address>0xaa9b</load_address>
         <run_address>0xaa9b</run_address>
         <size>0x17c</size>
         <input_file_ref idref="fl-e8"/>
      </object_component>
      <object_component id="oc-265">
         <name>.debug_info</name>
         <load_address>0xac17</load_address>
         <run_address>0xac17</run_address>
         <size>0x1e6</size>
         <input_file_ref idref="fl-e8"/>
      </object_component>
      <object_component id="oc-a2">
         <name>.debug_info</name>
         <load_address>0xadfd</load_address>
         <run_address>0xadfd</run_address>
         <size>0x145</size>
         <input_file_ref idref="fl-e9"/>
      </object_component>
      <object_component id="oc-2fe">
         <name>.debug_info</name>
         <load_address>0xaf42</load_address>
         <run_address>0xaf42</run_address>
         <size>0xf5</size>
         <input_file_ref idref="fl-ea"/>
      </object_component>
      <object_component id="oc-268">
         <name>.debug_info</name>
         <load_address>0xb037</load_address>
         <run_address>0xb037</run_address>
         <size>0x244</size>
         <input_file_ref idref="fl-ea"/>
      </object_component>
      <object_component id="oc-32f">
         <name>.debug_info</name>
         <load_address>0xb27b</load_address>
         <run_address>0xb27b</run_address>
         <size>0xe5</size>
         <input_file_ref idref="fl-eb"/>
      </object_component>
      <object_component id="oc-2c6">
         <name>.debug_info</name>
         <load_address>0xb360</load_address>
         <run_address>0xb360</run_address>
         <size>0x258</size>
         <input_file_ref idref="fl-eb"/>
      </object_component>
      <object_component id="oc-331">
         <name>.debug_info</name>
         <load_address>0xb5b8</load_address>
         <run_address>0xb5b8</run_address>
         <size>0xf6</size>
         <input_file_ref idref="fl-ec"/>
      </object_component>
      <object_component id="oc-2cc">
         <name>.debug_info</name>
         <load_address>0xb6ae</load_address>
         <run_address>0xb6ae</run_address>
         <size>0x259</size>
         <input_file_ref idref="fl-ec"/>
      </object_component>
      <object_component id="oc-37e">
         <name>.debug_info</name>
         <load_address>0xb907</load_address>
         <run_address>0xb907</run_address>
         <size>0x24f</size>
         <input_file_ref idref="fl-ed"/>
      </object_component>
      <object_component id="oc-37b">
         <name>.debug_info</name>
         <load_address>0xbb56</load_address>
         <run_address>0xbb56</run_address>
         <size>0xf8</size>
         <input_file_ref idref="fl-ed"/>
      </object_component>
      <object_component id="oc-333">
         <name>.debug_info</name>
         <load_address>0xbc4e</load_address>
         <run_address>0xbc4e</run_address>
         <size>0xab9</size>
         <input_file_ref idref="fl-ed"/>
      </object_component>
      <object_component id="oc-37f">
         <name>.debug_info</name>
         <load_address>0xc707</load_address>
         <run_address>0xc707</run_address>
         <size>0x53</size>
         <input_file_ref idref="fl-ed"/>
      </object_component>
      <object_component id="oc-391">
         <name>.debug_info</name>
         <load_address>0xc75a</load_address>
         <run_address>0xc75a</run_address>
         <size>0x116</size>
         <input_file_ref idref="fl-ee"/>
      </object_component>
      <object_component id="oc-38e">
         <name>.debug_info</name>
         <load_address>0xc870</load_address>
         <run_address>0xc870</run_address>
         <size>0xfd</size>
         <input_file_ref idref="fl-ee"/>
      </object_component>
      <object_component id="oc-36f">
         <name>.debug_info</name>
         <load_address>0xc96d</load_address>
         <run_address>0xc96d</run_address>
         <size>0x281</size>
         <input_file_ref idref="fl-ee"/>
      </object_component>
      <object_component id="oc-2bd">
         <name>.debug_info</name>
         <load_address>0xcbee</load_address>
         <run_address>0xcbee</run_address>
         <size>0x151</size>
         <input_file_ref idref="fl-ef"/>
      </object_component>
      <object_component id="oc-214">
         <name>.debug_info</name>
         <load_address>0xcd3f</load_address>
         <run_address>0xcd3f</run_address>
         <size>0x230</size>
         <input_file_ref idref="fl-ef"/>
      </object_component>
      <object_component id="oc-323">
         <name>.debug_info</name>
         <load_address>0xcf6f</load_address>
         <run_address>0xcf6f</run_address>
         <size>0xbb</size>
         <input_file_ref idref="fl-ef"/>
      </object_component>
      <object_component id="oc-2f9">
         <name>.debug_info</name>
         <load_address>0xd02a</load_address>
         <run_address>0xd02a</run_address>
         <size>0xf3</size>
         <input_file_ref idref="fl-f0"/>
      </object_component>
      <object_component id="oc-2c2">
         <name>.debug_info</name>
         <load_address>0xd11d</load_address>
         <run_address>0xd11d</run_address>
         <size>0x1a2</size>
         <input_file_ref idref="fl-f1"/>
      </object_component>
      <object_component id="oc-217">
         <name>.debug_info</name>
         <load_address>0xd2bf</load_address>
         <run_address>0xd2bf</run_address>
         <size>0x25a</size>
         <input_file_ref idref="fl-f1"/>
      </object_component>
      <object_component id="oc-314">
         <name>.debug_info</name>
         <load_address>0xd519</load_address>
         <run_address>0xd519</run_address>
         <size>0x17f</size>
         <input_file_ref idref="fl-f2"/>
      </object_component>
      <object_component id="oc-2b1">
         <name>.debug_info</name>
         <load_address>0xd698</load_address>
         <run_address>0xd698</run_address>
         <size>0x1e1</size>
         <input_file_ref idref="fl-f2"/>
      </object_component>
      <object_component id="oc-2f5">
         <name>.debug_info</name>
         <load_address>0xd879</load_address>
         <run_address>0xd879</run_address>
         <size>0x154</size>
         <input_file_ref idref="fl-f3"/>
      </object_component>
      <object_component id="oc-322">
         <name>.debug_info</name>
         <load_address>0xd9cd</load_address>
         <run_address>0xd9cd</run_address>
         <size>0x1c0</size>
         <input_file_ref idref="fl-f4"/>
      </object_component>
      <object_component id="oc-2b7">
         <name>.debug_info</name>
         <load_address>0xdb8d</load_address>
         <run_address>0xdb8d</run_address>
         <size>0x200</size>
         <input_file_ref idref="fl-f4"/>
      </object_component>
      <object_component id="oc-393">
         <name>.debug_info</name>
         <load_address>0xdd8d</load_address>
         <run_address>0xdd8d</run_address>
         <size>0xf0</size>
         <input_file_ref idref="fl-f5"/>
      </object_component>
      <object_component id="oc-376">
         <name>.debug_info</name>
         <load_address>0xde7d</load_address>
         <run_address>0xde7d</run_address>
         <size>0x231</size>
         <input_file_ref idref="fl-f5"/>
      </object_component>
      <object_component id="oc-367">
         <name>.debug_info</name>
         <load_address>0xe0ae</load_address>
         <run_address>0xe0ae</run_address>
         <size>0x23c</size>
         <input_file_ref idref="fl-f6"/>
      </object_component>
      <object_component id="oc-31d">
         <name>.debug_info</name>
         <load_address>0xe2ea</load_address>
         <run_address>0xe2ea</run_address>
         <size>0x455</size>
         <input_file_ref idref="fl-f6"/>
      </object_component>
      <object_component id="oc-38a">
         <name>.debug_info</name>
[...]
         <name>__aeabi_memclr4</name>
         <value>0x2000742b</value>
         <object_component_ref idref="oc-4d"/>
      </symbol>
      <symbol id="sm-1ec">
         <name>__aeabi_memclr</name>
         <value>0x2000742b</value>
         <object_component_ref idref="oc-4d"/>
      </symbol>
      <symbol id="sm-1f6">
         <name>__mpu_init</name>
         <value>0x2000551f</value>
         <object_component_ref idref="oc-59"/>
      </symbol>
      <symbol id="sm-200">
         <name>_system_pre_init</name>
         <value>0x20007d95</value>
         <object_component_ref idref="oc-5f"/>
      </symbol>
      <symbol id="sm-21e">
         <name>printf</name>
         <value>0x2000751d</value>
         <object_component_ref idref="oc-124"/>
      </symbol>
      <symbol id="sm-226">
         <name>main_func_sp</name>
         <value>0x2001da04</value>
         <object_component_ref idref="oc-77"/>
      </symbol>
      <symbol id="sm-234">
         <name>strlen</name>
         <value>0x20007d15</value>
         <object_component_ref idref="oc-224"/>
      </symbol>
      <symbol id="sm-250">
         <name>__aeabi_uldivmod</name>
         <value>0x20006129</value>
         <object_component_ref idref="oc-ea"/>
      </symbol>
      <symbol id="sm-26f">
         <name>_nop</name>
         <value>0x20007cfb</value>
         <object_component_ref idref="oc-155"/>
      </symbol>
      <symbol id="sm-270">
         <name>_lock</name>
         <value>0x2001d9f4</value>
         <object_component_ref idref="oc-b3"/>
      </symbol>
      <symbol id="sm-271">
         <name>_unlock</name>
         <value>0x2001d9f8</value>
         <object_component_ref idref="oc-b3"/>
      </symbol>
      <symbol id="sm-272">
         <name>_register_lock</name>
         <value>0x20007cf3</value>
         <object_component_ref idref="oc-155"/>
      </symbol>
      <symbol id="sm-273">
         <name>_register_unlock</name>
         <value>0x20007ced</value>
         <object_component_ref idref="oc-155"/>
      </symbol>
      <symbol id="sm-374">
         <name>__TI_printfi</name>
         <value>0x20004c35</value>
         <object_component_ref idref="oc-1bf"/>
      </symbol>
      <symbol id="sm-388">
         <name>_args_main</name>
         <value>0x20007c25</value>
         <object_component_ref idref="oc-6b"/>
      </symbol>
      <symbol id="sm-39e">
         <name>atoi</name>
         <value>0x20007819</value>
         <object_component_ref idref="oc-26d"/>
      </symbol>
      <symbol id="sm-3c8">
         <name>__TI_auto_init</name>
         <value>0x200074a5</value>
         <object_component_ref idref="oc-65"/>
      </symbol>
      <symbol id="sm-3e2">
         <name>copy_in</name>
         <value>0x20007865</value>
         <object_component_ref idref="oc-9a"/>
      </symbol>
      <symbol id="sm-3ed">
         <name>_ctypes_</name>
         <value>0x20007d98</value>
         <object_component_ref idref="oc-2ff"/>
      </symbol>
      <symbol id="sm-402">
         <name>__TI_tmpnams</name>
         <value>0x2001db28</value>
      </symbol>
      <symbol id="sm-403">
         <name>__aeabi_stdout</name>
         <value>0x2001d9c8</value>
         <object_component_ref idref="oc-2be"/>
      </symbol>
      <symbol id="sm-404">
         <name>__aeabi_stderr</name>
         <value>0x2001d9cc</value>
         <object_component_ref idref="oc-2be"/>
      </symbol>
      <symbol id="sm-405">
         <name>__aeabi_stdin</name>
         <value>0x2001d9c4</value>
         <object_component_ref idref="oc-2be"/>
      </symbol>
      <symbol id="sm-406">
         <name>_ftable</name>
         <value>0x2001d800</value>
         <object_component_ref idref="oc-1c5"/>
      </symbol>
      <symbol id="sm-407">
         <name>__TI_ft_end</name>
         <value>0x2001d9c0</value>
         <object_component_ref idref="oc-2be"/>
      </symbol>
      <symbol id="sm-41e">
         <name>__aeabi_dsub</name>
         <value>0x200064e1</value>
         <object_component_ref idref="oc-256"/>
      </symbol>
      <symbol id="sm-41f">
         <name>__aeabi_dadd</name>
         <value>0x200064eb</value>
         <object_component_ref idref="oc-256"/>
      </symbol>
      <symbol id="sm-441">
         <name>__aeabi_cdcmpeq</name>
         <value>0x2000729d</value>
         <object_component_ref idref="oc-232"/>
      </symbol>
      <symbol id="sm-442">
         <name>__aeabi_cdcmple</name>
         <value>0x2000729d</value>
         <object_component_ref idref="oc-232"/>
      </symbol>
      <symbol id="sm-443">
         <name>__aeabi_cdrcmple</name>
         <value>0x20007323</value>
         <object_component_ref idref="oc-241"/>
      </symbol>
      <symbol id="sm-457">
         <name>__aeabi_ddiv</name>
         <value>0x20006811</value>
         <object_component_ref idref="oc-23c"/>
      </symbol>
      <symbol id="sm-462">
         <name>__aeabi_dmul</name>
         <value>0x20006b85</value>
         <object_component_ref idref="oc-237"/>
      </symbol>
      <symbol id="sm-46c">
         <name>__aeabi_d2iz</name>
         <value>0x200078f9</value>
         <object_component_ref idref="oc-246"/>
      </symbol>
      <symbol id="sm-483">
         <name>putc</name>
         <value>0x2000717d</value>
         <object_component_ref idref="oc-1b3"/>
      </symbol>
      <symbol id="sm-484">
         <name>fputc</name>
         <value>0x2000717d</value>
         <object_component_ref idref="oc-1b3"/>
      </symbol>
      <symbol id="sm-485">
         <name>putchar</name>
         <value>0x20007201</value>
         <object_component_ref idref="oc-1b3"/>
      </symbol>
      <symbol id="sm-4a7">
         <name>puts</name>
         <value>0x20006a55</value>
         <object_component_ref idref="oc-1b9"/>
      </symbol>
      <symbol id="sm-4a8">
         <name>fputs</name>
         <value>0x20006949</value>
         <object_component_ref idref="oc-1b9"/>
      </symbol>
      <symbol id="sm-4b2">
         <name>__aeabi_i2d</name>
         <value>0x20007a99</value>
         <object_component_ref idref="oc-251"/>
      </symbol>
      <symbol id="sm-500">
         <name>open</name>
         <value>0x20005d53</value>
         <object_component_ref idref="oc-21c"/>
      </symbol>
      <symbol id="sm-501">
         <name>add_device</name>
         <value>0x20005e75</value>
         <object_component_ref idref="oc-21c"/>
      </symbol>
      <symbol id="sm-502">
         <name>remove_device</name>
         <value>0x20005d07</value>
         <object_component_ref idref="oc-21c"/>
      </symbol>
      <symbol id="sm-503">
         <name>lseek</name>
         <value>0x20005e01</value>
         <object_component_ref idref="oc-21c"/>
      </symbol>
      <symbol id="sm-504">
         <name>read</name>
         <value>0x20005d2f</value>
         <object_component_ref idref="oc-21c"/>
      </symbol>
      <symbol id="sm-505">
         <name>rename</name>
         <value>0x20005cc9</value>
         <object_component_ref idref="oc-21c"/>
      </symbol>
      <symbol id="sm-506">
         <name>write</name>
         <value>0x20005c15</value>
         <object_component_ref idref="oc-21c"/>
      </symbol>
      <symbol id="sm-507">
         <name>close</name>
         <value>0x20005e25</value>
         <object_component_ref idref="oc-21c"/>
      </symbol>
      <symbol id="sm-508">
         <name>unlink</name>
         <value>0x20005ca5</value>
         <object_component_ref idref="oc-21c"/>
      </symbol>
      <symbol id="sm-517">
         <name>ltoa</name>
         <value>0x2000776d</value>
         <object_component_ref idref="oc-24b"/>
      </symbol>
      <symbol id="sm-527">
         <name>memccpy</name>
         <value>0x20007bbd</value>
         <object_component_ref idref="oc-273"/>
      </symbol>
      <symbol id="sm-537">
         <name>memchr</name>
         <value>0x20007b61</value>
         <object_component_ref idref="oc-22a"/>
      </symbol>
      <symbol id="sm-552">
         <name>frexpl</name>
         <value>0x200076b9</value>
         <object_component_ref idref="oc-25b"/>
      </symbol>
      <symbol id="sm-553">
         <name>frexp</name>
         <value>0x200076b9</value>
         <object_component_ref idref="oc-25b"/>
      </symbol>
      <symbol id="sm-571">
         <name>scalbn</name>
         <value>0x20006d5d</value>
         <object_component_ref idref="oc-261"/>
      </symbol>
      <symbol id="sm-572">
         <name>scalbnl</name>
         <value>0x20006d5d</value>
         <object_component_ref idref="oc-261"/>
      </symbol>
      <symbol id="sm-573">
         <name>ldexpl</name>
         <value>0x20006d5d</value>
         <object_component_ref idref="oc-261"/>
      </symbol>
      <symbol id="sm-574">
         <name>ldexp</name>
         <value>0x20006d5d</value>
         <object_component_ref idref="oc-261"/>
      </symbol>
      <symbol id="sm-57e">
         <name>_system_post_cinit</name>
         <value>0x20006697</value>
         <object_component_ref idref="oc-a0"/>
      </symbol>
      <symbol id="sm-58e">
         <name>strchr</name>
         <value>0x20007c99</value>
         <object_component_ref idref="oc-267"/>
      </symbol>
      <symbol id="sm-59d">
         <name>strcmp</name>
         <value>0x20007c55</value>
         <object_component_ref idref="oc-2c3"/>
      </symbol>
      <symbol id="sm-5ad">
         <name>strncpy</name>
         <value>0x20007a33</value>
         <object_component_ref idref="oc-2c9"/>
      </symbol>
      <symbol id="sm-5d4">
         <name>HOSTgetenv</name>
         <value>0x20005b55</value>
         <object_component_ref idref="oc-332"/>
      </symbol>
      <symbol id="sm-5d5">
         <name>HOSTrename</name>
         <value>0x200059fd</value>
         <object_component_ref idref="oc-332"/>
      </symbol>
      <symbol id="sm-5d6">
         <name>HOSTclose</name>
         <value>0x20005b93</value>
         <object_component_ref idref="oc-332"/>
      </symbol>
      <symbol id="sm-5d7">
         <name>HOSTtime64</name>
         <value>0x20005975</value>
         <object_component_ref idref="oc-332"/>
      </symbol>
      <symbol id="sm-5d8">
         <name>HOSTunlink</name>
         <value>0x2000593d</value>
         <object_component_ref idref="oc-332"/>
      </symbol>
      <symbol id="sm-5d9">
         <name>HOSTlseek</name>
         <value>0x20005af9</value>
         <object_component_ref idref="oc-332"/>
      </symbol>
      <symbol id="sm-5da">
         <name>HOSTopen</name>
         <value>0x20005aa7</value>
         <object_component_ref idref="oc-332"/>
      </symbol>
      <symbol id="sm-5db">
         <name>HOSTclock</name>
         <value>0x20005bcb</value>
         <object_component_ref idref="oc-332"/>
      </symbol>
      <symbol id="sm-5dc">
         <name>HOSTwrite</name>
         <value>0x200058f1</value>
         <object_component_ref idref="oc-332"/>
      </symbol>
      <symbol id="sm-5dd">
         <name>HOSTread</name>
         <value>0x20005a5b</value>
         <object_component_ref idref="oc-332"/>
      </symbol>
      <symbol id="sm-5de">
         <name>HOSTtime</name>
         <value>0x200059c3</value>
         <object_component_ref idref="oc-332"/>
      </symbol>
      <symbol id="sm-5f9">
         <name>__TI_readmsg</name>
         <value>0x2000761f</value>
         <object_component_ref idref="oc-36e"/>
      </symbol>
      <symbol id="sm-5fa">
         <name>C$$IO$$</name>
         <value>0x2000761b</value>
         <object_component_ref idref="oc-36e"/>
      </symbol>
      <symbol id="sm-5fb">
         <name>__CIOBUF_</name>
         <value>0x2001da08</value>
         <object_component_ref idref="oc-38d"/>
      </symbol>
      <symbol id="sm-5fc">
         <name>__TI_writemsg</name>
         <value>0x200075ed</value>
         <object_component_ref idref="oc-36e"/>
      </symbol>
      <symbol id="sm-61a">
         <name>__TI_wrt_ok</name>
         <value>0x20006ef5</value>
         <object_component_ref idref="oc-210"/>
      </symbol>
      <symbol id="sm-61b">
         <name>__TI_rd_ok</name>
         <value>0x20006f57</value>
         <object_component_ref idref="oc-210"/>
      </symbol>
      <symbol id="sm-623">
         <name>errno</name>
         <value>0x2001d9fc</value>
         <object_component_ref idref="oc-2f8"/>
      </symbol>
      <symbol id="sm-63d">
         <name>__TI_doflush</name>
         <value>0x20006e2d</value>
         <object_component_ref idref="oc-216"/>
      </symbol>
      <symbol id="sm-63e">
         <name>fflush</name>
         <value>0x20006e79</value>
         <object_component_ref idref="oc-216"/>
      </symbol>
      <symbol id="sm-650">
         <name>fseek</name>
         <value>0x20007655</value>
         <object_component_ref idref="oc-2b0"/>
      </symbol>
      <symbol id="sm-65a">
         <name>copysign</name>
         <value>0x20007d87</value>
         <object_component_ref idref="oc-2f2"/>
      </symbol>
      <symbol id="sm-65b">
         <name>copysignl</name>
         <value>0x20007d87</value>
         <object_component_ref idref="oc-2f2"/>
      </symbol>
      <symbol id="sm-677">
         <name>setvbuf</name>
         <value>0x20006c81</value>
         <object_component_ref idref="oc-2b6"/>
      </symbol>
      <symbol id="sm-685">
         <name>strcpy</name>
         <value>0x20007d01</value>
         <object_component_ref idref="oc-374"/>
      </symbol>
      <symbol id="sm-6b7">
         <name>__TI_cleanup</name>
         <value>0x200063e5</value>
         <object_component_ref idref="oc-31b"/>
      </symbol>
      <symbol id="sm-6b8">
         <name>freopen</name>
         <value>0x20006411</value>
         <object_component_ref idref="oc-31b"/>
      </symbol>
      <symbol id="sm-6b9">
         <name>fopen</name>
         <value>0x2000643b</value>
         <object_component_ref idref="oc-31b"/>
      </symbol>
      <symbol id="sm-6cf">
         <name>__TI_closefile</name>
         <value>0x200070e5</value>
         <object_component_ref idref="oc-35f"/>
      </symbol>
      <symbol id="sm-6d0">
         <name>fclose</name>
         <value>0x2000714b</value>
         <object_component_ref idref="oc-35f"/>
      </symbol>
      <symbol id="sm-721">
         <name>GPIOIntRegister</name>
         <value>0x20007b81</value>
         <object_component_ref idref="oc-130"/>
      </symbol>
      <symbol id="sm-722">
         <name>GPIOIntEnable</name>
         <value>0x20007bd9</value>
         <object_component_ref idref="oc-13c"/>
      </symbol>
      <symbol id="sm-723">
         <name>GPIOIntTypeSet</name>
         <value>0x200073a9</value>
         <object_component_ref idref="oc-136"/>
      </symbol>
      <symbol id="sm-724">
         <name>GPIOIntClear</name>
         <value>0x20007cc3</value>
         <object_component_ref idref="oc-de"/>
      </symbol>
      <symbol id="sm-725">
         <name>GPIOIntStatus</name>
         <value>0x20007b1d</value>
         <object_component_ref idref="oc-d8"/>
      </symbol>
      <symbol id="sm-726">
         <name>GPIODirModeSet</name>
         <value>0x200079fd</value>
         <object_component_ref idref="oc-1db"/>
      </symbol>
      <symbol id="sm-767">
         <name>IntVTableBaseSet</name>
         <value>0x20007cd9</value>
         <object_component_ref idref="oc-f4"/>
      </symbol>
      <symbol id="sm-768">
         <name>IntEnable</name>
         <value>0x20006fa1</value>
         <object_component_ref idref="oc-100"/>
      </symbol>
      <symbol id="sm-769">
         <name>IntRegister</name>
         <value>0x20007b41</value>
         <object_component_ref idref="oc-1a9"/>
      </symbol>
      <symbol id="sm-76a">
         <name>IntMasterEnable</name>
         <value>0x20007d7d</value>
         <object_component_ref idref="oc-fa"/>
      </symbol>
      <symbol id="sm-7a1">
         <name>PinTypeUART</name>
         <value>0x20007bf3</value>
         <object_component_ref idref="oc-1e1"/>
      </symbol>
      <symbol id="sm-7a2">
         <name>PinTypeGPIO</name>
         <value>0x20007a69</value>
         <object_component_ref idref="oc-1d5"/>
      </symbol>
      <symbol id="sm-7a3">
         <name>PinConfigSet</name>
         <value>0x20007215</value>
         <object_component_ref idref="oc-299"/>
      </symbol>
      <symbol id="sm-7a4">
         <name>PinModeSet</name>
         <value>0x20007941</value>
         <object_component_ref idref="oc-1cf"/>
      </symbol>
      <symbol id="sm-814">
         <name>PRCMPeripheralReset</name>
         <value>0x20007715</value>
         <object_component_ref idref="oc-19b"/>
      </symbol>
      <symbol id="sm-815">
         <name>PRCMPeripheralClkEnable</name>
         <value>0x200079c1</value>
         <object_component_ref idref="oc-195"/>
      </symbol>
      <symbol id="sm-816">
         <name>PRCMCC3200MCUInit</name>
         <value>0x20006699</value>
         <object_component_ref idref="oc-106"/>
      </symbol>
      <symbol id="sm-817">
         <name>PRCMHIBRegWrite</name>
         <value>0x20007c83</value>
         <object_component_ref idref="oc-18f"/>
      </symbol>
      <symbol id="sm-818">
         <name>PRCMSysResetCauseGet</name>
         <value>0x20007ac9</value>
         <object_component_ref idref="oc-183"/>
      </symbol>
      <symbol id="sm-819">
         <name>PRCMPeripheralClkDisable</name>
         <value>0x20007af5</value>
         <object_component_ref idref="oc-1a1"/>
      </symbol>
      <symbol id="sm-81a">
         <name>PRCMHIBRegRead</name>
         <value>0x20007c6d</value>
         <object_component_ref idref="oc-189"/>
      </symbol>
      <symbol id="sm-852">
         <name>SysTickEnable</name>
         <value>0x20007d29</value>
         <object_component_ref idref="oc-11e"/>
      </symbol>
      <symbol id="sm-853">
         <name>SysTickIntRegister</name>
         <value>0x20007ba1</value>
         <object_component_ref idref="oc-112"/>
      </symbol>
      <symbol id="sm-854">
         <name>SysTickIntEnable</name>
         <value>0x20007d39</value>
         <object_component_ref idref="oc-118"/>
      </symbol>
      <symbol id="sm-855">
         <name>SysTickValueGet</name>
         <value>0x20007d65</value>
         <object_component_ref idref="oc-e4"/>
      </symbol>
      <symbol id="sm-856">
         <name>SysTickPeriodSet</name>
         <value>0x20007c0d</value>
         <object_component_ref idref="oc-10c"/>
      </symbol>
      <symbol id="sm-85b">
         <name>UtilsDelay</name>
         <value>0x20007d8f</value>
         <object_component_ref idref="oc-203"/>
      </symbol>
      <symbol id="sm-865">
         <name>CPUcpsie</name>
         <value>0x20007caf</value>
         <object_component_ref idref="oc-178"/>
      </symbol>
      <symbol id="sm-867">
         <name>__TI_static_base__</name>
         <value>0x200080c8</value>
      </symbol>
      <symbol id="sm-86a">
         <name>SHT$$INIT_ARRAY$$Limit</name>
         <value>0x0</value>
      </symbol>
      <symbol id="sm-86b">
         <name>SHT$$INIT_ARRAY$$Base</name>
         <value>0x0</value>
      </symbol>
      <symbol id="sm-86c">
         <name>remove</name>
         <value>0x20005ca5</value>
      </symbol>
   </symbol_table>
   <title>Link successful</title>
</link_info>
